<html>
<body>
<pre>
<h1>µVision Build Log</h1>
<h2>Tool Versions:</h2>
IDE-Version: ¦ÌVision V5.30.0.0
Copyright (C) 2020 ARM Ltd and ARM Germany GmbH. All rights reserved.
License Information: Jianlong zhang , Prose, LIC=21E4T-RBDYR-X7HRZ-JW6ID-HVEYN-YY1AG
 
Tool Versions:
Toolchain:       MDK-ARM Plus  Version: 5.30.0.0
Toolchain Path:  C:\Keil_v5\ARM\ARMCC\Bin
C Compiler:      Armcc.exe V5.06 update 6 (build 750)
Assembler:       Armasm.exe V5.06 update 6 (build 750)
Linker/Locator:  ArmLink.exe V5.06 update 6 (build 750)
Library Manager: ArmAr.exe V5.06 update 6 (build 750)
Hex Converter:   FromElf.exe V5.06 update 6 (build 750)
CPU DLL:         
Dialog DLL:      
Target DLL:      Segger\JL2CM3.dll V2.99.38.0
Dialog DLL:      TCM.DLL V1.42.0.0
 
<h2>Project:</h2>
D:\workSpace\c_project\smart_base\nRF5_SDK_17.0.2_d674dde\examples\ble_peripheral\ble_app_uart\pca10040\s132\arm5_no_packs\ble_app_uart_pca10040_s132.uvprojx
Project File Date:  08/21/2023

<h2>Output:</h2>
*** Using Compiler 'V5.06 update 6 (build 750)', folder: 'C:\Keil_v5\ARM\ARMCC\Bin'
Build target 'nrf52832_xxaa'
compiling ble_advdata.c...
compiling ble_advertising.c...
compiling ble_conn_state.c...
compiling ble_conn_params.c...
compiling boards.c...
compiling bsp.c...
compiling bsp_btn_ble.c...
compiling ble_link_ctx_manager.c...
compiling nrf_ble_qwr.c...
compiling nrf_ble_gatt.c...
compiling main.c...
..\..\..\main.c(240): warning:  #177-D: variable "err_code"  was declared but never referenced
      ret_code_t err_code;
..\..\..\main.c(765): warning:  #177-D: variable "erase_bonds"  was declared but never referenced
      bool erase_bonds;
..\..\..\main.c(704): warning:  #177-D: function "buttons_leds_init"  was declared but never referenced
  static void buttons_leds_init(bool * p_erase_bonds)
..\..\..\main.c: 3 warnings, 0 errors
compiling ble_nus.c...
compiling ble_bas.c...
compiling nrf_drv_uart.c...
compiling nrf_drv_clock.c...
compiling nrfx_atomic.c...
compiling nrfx_clock.c...
compiling app_error_handler_keil.c...
compiling nrfx_gpiote.c...
compiling nrfx_prs.c...
compiling nrfx_uart.c...
compiling nrfx_uarte.c...
compiling app_error_weak.c...
compiling app_button.c...
compiling app_fifo.c...
compiling app_scheduler.c...
compiling hardfault_implementation.c...
compiling app_uart_fifo.c...
compiling nrf_atomic.c...
compiling nrf_atflags.c...
compiling app_timer2.c...
compiling nrf_fprintf.c...
compiling nrf_atfifo.c...
compiling drv_rtc.c...
compiling nrf_balloc.c...
compiling nrf_fprintf_format.c...
compiling nrf_ringbuf.c...
compiling nrf_memobj.c...
compiling nrf_strerror.c...
compiling nrf_section_iter.c...
compiling retarget.c...
compiling nrf_sortlist.c...
compiling SEGGER_RTT_Syscalls_KEIL.c...
compiling nrf_pwr_mgmt.c...
compiling SEGGER_RTT.c...
compiling SEGGER_RTT_printf.c...
compiling nrf_log_backend_serial.c...
compiling nrf_log_str_formatter.c...
compiling nrf_log_default_backends.c...
compiling nrf_log_frontend.c...
compiling nrf_log_backend_rtt.c...
compiling nrf_sdh.c...
..\..\..\..\..\..\components\softdevice\common\nrf_sdh.c(78): warning:  #1215-D: #warning directive: Please select NRF_CLOCK_LF_ACCURACY_500_PPM when using NRF_CLOCK_LF_SRC_RC
      #warning Please select NRF_CLOCK_LF_ACCURACY_500_PPM when using NRF_CLOCK_LF_SRC_RC
..\..\..\..\..\..\components\softdevice\common\nrf_sdh.c: 1 warning, 0 errors
compiling nrf_sdh_soc.c...
compiling nrf_sdh_ble.c...
linking...
Program Size: Code=23140 RO-data=3640 RW-data=304 ZI-data=12864  
FromELF: creating hex file...
".\_build\nrf52832_xxaa.axf" - 0 Error(s), 4 Warning(s).

<h2>Software Packages used:</h2>

Package Vendor: ARM
                http://www.keil.com/pack/ARM.CMSIS.5.6.0.pack
                ARM.CMSIS.5.6.0
                CMSIS (Cortex Microcontroller Software Interface Standard)
   * Component: CORE Version: 5.3.0

Package Vendor: NordicSemiconductor
                http://developer.nordicsemi.com/nRF5_SDK/pieces/nRF_DeviceFamilyPack/NordicSemiconductor.nRF_DeviceFamilyPack.8.44.1.pack
                NordicSemiconductor.nRF_DeviceFamilyPack.8.44.1
                Nordic Semiconductor nRF ARM devices Device Family Pack with BSD license.
   * Component: Startup Version: 8.44.1

<h2>Collection of Component include folders:</h2>
  .\RTE\_nrf52832_xxaa
  D:\Keil5\Packs\ARM\CMSIS\5.6.0\CMSIS\Core\Include
  D:\Keil5\Packs\NordicSemiconductor\nRF_DeviceFamilyPack\8.44.1\Device\Include

<h2>Collection of Component Files used:</h2>

   * Component: ARM::CMSIS:CORE:5.3.0

   * Component: NordicSemiconductor::Device:Startup:8.44.1
      Source file:   Device\Source\arm\arm_startup_nrf52.s
      Include file:  Device\Include\system_nrf.h
      Source file:   Device\Source\system_nrf52.c
      Include file:  Device\Include\system_nrf52.h
Build Time Elapsed:  00:00:25
</pre>
</body>
</html>
