Component: ARM Compiler 5.06 update 6 (build 750) Tool: armlink [4d35ed]

==============================================================================

Section Cross References

    main.o(i.assert_nrf_callback) refers to app_error_handler_keil.o(.emb_text) for app_error_handler
    main.o(i.ble_evt_handler) refers to nrf_log_frontend.o(i.nrf_log_frontend_std_0) for nrf_log_frontend_std_0
    main.o(i.ble_evt_handler) refers to bsp.o(i.bsp_indication_set) for bsp_indication_set
    main.o(i.ble_evt_handler) refers to app_error.o(i.app_error_handler_bare) for app_error_handler_bare
    main.o(i.ble_evt_handler) refers to nrf_ble_qwr.o(i.nrf_ble_qwr_conn_handle_assign) for nrf_ble_qwr_conn_handle_assign
    main.o(i.ble_evt_handler) refers to main.o(.data) for .data
    main.o(i.ble_evt_handler) refers to nrf_log_frontend.o(log_const_data) for m_nrf_log_app_logs_data_const
    main.o(i.ble_evt_handler) refers to main.o(.bss) for .bss
    main.o(i.bsp_event_handler) refers to main.o(i.sleep_mode_enter) for sleep_mode_enter
    main.o(i.bsp_event_handler) refers to app_error.o(i.app_error_handler_bare) for app_error_handler_bare
    main.o(i.bsp_event_handler) refers to ble_advertising.o(i.ble_advertising_restart_without_whitelist) for ble_advertising_restart_without_whitelist
    main.o(i.bsp_event_handler) refers to main.o(.data) for .data
    main.o(i.bsp_event_handler) refers to main.o(.bss) for .bss
    main.o(i.conn_params_error_handler) refers to app_error.o(i.app_error_handler_bare) for app_error_handler_bare
    main.o(i.gatt_evt_handler) refers to nrf_log_frontend.o(i.nrf_log_frontend_std_2) for nrf_log_frontend_std_2
    main.o(i.gatt_evt_handler) refers to main.o(.data) for .data
    main.o(i.gatt_evt_handler) refers to nrf_log_frontend.o(log_const_data) for m_nrf_log_app_logs_data_const
    main.o(i.gatt_init) refers to nrf_ble_gatt.o(i.nrf_ble_gatt_init) for nrf_ble_gatt_init
    main.o(i.gatt_init) refers to app_error.o(i.app_error_handler_bare) for app_error_handler_bare
    main.o(i.gatt_init) refers to nrf_ble_gatt.o(i.nrf_ble_gatt_att_mtu_periph_set) for nrf_ble_gatt_att_mtu_periph_set
    main.o(i.gatt_init) refers to main.o(i.gatt_evt_handler) for gatt_evt_handler
    main.o(i.gatt_init) refers to main.o(.bss) for .bss
    main.o(i.main) refers to memcpya.o(.text) for __aeabi_memcpy4
    main.o(i.main) refers to app_uart_fifo.o(i.app_uart_init) for app_uart_init
    main.o(i.main) refers to app_error.o(i.app_error_handler_bare) for app_error_handler_bare
    main.o(i.main) refers to nrf_log_frontend.o(i.nrf_log_init) for nrf_log_init
    main.o(i.main) refers to nrf_log_default_backends.o(i.nrf_log_default_backends_init) for nrf_log_default_backends_init
    main.o(i.main) refers to app_timer2.o(i.app_timer_init) for app_timer_init
    main.o(i.main) refers to nrf_pwr_mgmt.o(i.nrf_pwr_mgmt_init) for nrf_pwr_mgmt_init
    main.o(i.main) refers to nrf_sdh.o(i.nrf_sdh_enable_request) for nrf_sdh_enable_request
    main.o(i.main) refers to nrf_sdh_ble.o(i.nrf_sdh_ble_default_cfg_set) for nrf_sdh_ble_default_cfg_set
    main.o(i.main) refers to nrf_sdh_ble.o(i.nrf_sdh_ble_enable) for nrf_sdh_ble_enable
    main.o(i.main) refers to main.o(i.gatt_init) for gatt_init
    main.o(i.main) refers to main.o(i.services_init) for services_init
    main.o(i.main) refers to memseta.o(.text) for __aeabi_memclr4
    main.o(i.main) refers to ble_advertising.o(i.ble_advertising_init) for ble_advertising_init
    main.o(i.main) refers to ble_advertising.o(i.ble_advertising_conn_cfg_tag_set) for ble_advertising_conn_cfg_tag_set
    main.o(i.main) refers to ble_conn_params.o(i.ble_conn_params_init) for ble_conn_params_init
    main.o(i.main) refers to printfb.o(i.__0printf$bare) for __2printf
    main.o(i.main) refers to nrf_log_frontend.o(i.nrf_log_frontend_std_0) for nrf_log_frontend_std_0
    main.o(i.main) refers to ble_advertising.o(i.ble_advertising_start) for ble_advertising_start
    main.o(i.main) refers to nrf_log_frontend.o(i.nrf_log_frontend_dequeue) for nrf_log_frontend_dequeue
    main.o(i.main) refers to nrf_pwr_mgmt.o(i.nrf_pwr_mgmt_run) for nrf_pwr_mgmt_run
    main.o(i.main) refers to main.o(.constdata) for .constdata
    main.o(i.main) refers to main.o(.bss) for .bss
    main.o(i.main) refers to main.o(i.uart_event_handle) for uart_event_handle
    main.o(i.main) refers to main.o(.data) for .data
    main.o(i.main) refers to main.o(i.on_adv_evt) for on_adv_evt
    main.o(i.main) refers to main.o(i.on_conn_params_evt) for on_conn_params_evt
    main.o(i.main) refers to main.o(i.conn_params_error_handler) for conn_params_error_handler
    main.o(i.main) refers to nrf_log_frontend.o(log_const_data) for m_nrf_log_app_logs_data_const
    main.o(i.nrf_qwr_error_handler) refers to app_error.o(i.app_error_handler_bare) for app_error_handler_bare
    main.o(i.nus_data_handler) refers to app_uart_fifo.o(i.app_uart_put) for app_uart_put
[...]
    m_req_fifo_inst                          0x20003564   Data          16  app_timer2.o(.bss)
    .bss                                     0x20003574   Section       88  app_timer2.o(.bss)
    m_req_fifo_data                          0x20003574   Data          88  app_timer2.o(.bss)
    .bss                                     0x200035cc   Section       32  app_uart_fifo.o(.bss)
    m_rx_fifo                                0x200035cc   Data          16  app_uart_fifo.o(.bss)
    m_tx_fifo                                0x200035dc   Data          16  app_uart_fifo.o(.bss)
    .bss                                     0x200035ec   Section       12  app_util_platform.o(.bss)
    .bss                                     0x200035f8   Section       12  nrf_pwr_mgmt.o(.bss)
    m_handlers_iter                          0x200035f8   Data          12  nrf_pwr_mgmt.o(.bss)
    .bss                                     0x20003604   Section       64  nrf_log_backend_rtt.o(.bss)
    m_string_buff                            0x20003604   Data          64  nrf_log_backend_rtt.o(.bss)
    .bss                                     0x20003644   Section      192  nrf_log_frontend.o(.bss)
    log_mempool_nrf_balloc_pool_mem          0x20003644   Data         192  nrf_log_frontend.o(.bss)
    .bss                                     0x20003704   Section      128  nrf_log_frontend.o(.bss)
    m_log_push_ringbuf_buf                   0x20003704   Data         128  nrf_log_frontend.o(.bss)
    .bss                                     0x20003784   Section       24  nrf_log_frontend.o(.bss)
    m_log_push_ringbuf_cb                    0x20003784   Data          24  nrf_log_frontend.o(.bss)
    .bss                                     0x2000379c   Section     1056  nrf_log_frontend.o(.bss)
    m_log_data                               0x2000379c   Data        1056  nrf_log_frontend.o(.bss)
    .bss                                     0x20003bbc   Section      648  segger_rtt.o(.bss)
    _acUpBuffer                              0x20003c34   Data         512  segger_rtt.o(.bss)
    _acDownBuffer                            0x20003e34   Data          16  segger_rtt.o(.bss)
    STACK                                    0x20003e48   Section     8192  arm_startup_nrf52.o(STACK)

    Global Symbols

    Symbol Name                              Value     Ov Type        Size  Object(Section)

    BuildAttributes$$THM_ISAv4$E$P$D$K$B$S$7EM$VFPi3$EXTD16$VFPS$VFMA$PE$A:L22UL41UL21$X:L11$S22US41US21$IEEE1$IW$USESV6$~STKCKD$USESV7$~SHL$OSPACE$ROPI$EBA8$MICROLIB$REQ8$EABIv2 0x00000000   Number         0  anon$$obj.o ABSOLUTE
    __ARM_use_no_argv                        0x00000000   Number         0  main.o ABSOLUTE
    __cpp_initialize__aeabi_                  - Undefined Weak Reference
    __cxa_finalize                            - Undefined Weak Reference
    _clock_init                               - Undefined Weak Reference
    _microlib_exit                            - Undefined Weak Reference
    log_dynamic_data$$Base                    - Undefined Reference
    pwr_mgmt_data0$$Base                      - Undefined Reference
    pwr_mgmt_data0$$Limit                     - Undefined Reference
    pwr_mgmt_data1$$Base                      - Undefined Reference
    pwr_mgmt_data1$$Limit                     - Undefined Reference
    pwr_mgmt_data2$$Base                      - Undefined Reference
    pwr_mgmt_data2$$Limit                     - Undefined Reference
    sdh_req_observers0$$Base                  - Undefined Reference
    sdh_req_observers0$$Limit                 - Undefined Reference
    sdh_req_observers1$$Base                  - Undefined Reference
    sdh_req_observers1$$Limit                 - Undefined Reference
    sdh_soc_observers1$$Base                  - Undefined Reference
    sdh_soc_observers1$$Limit                 - Undefined Reference
    sdh_stack_observers1$$Base                - Undefined Reference
    sdh_stack_observers1$$Limit               - Undefined Reference
    sdh_state_observers1$$Base                - Undefined Reference
    sdh_state_observers1$$Limit               - Undefined Reference
    __Vectors_Size                           0x00000200   Number         0  arm_startup_nrf52.o ABSOLUTE
    __Vectors                                0x00026000   Data           4  arm_startup_nrf52.o(RESET)
    __Vectors_End                            0x00026200   Data           0  arm_startup_nrf52.o(RESET)
    __main                                   0x00026201   Thumb Code     0  entry.o(.ARM.Collect$$$$00000000)
    _main_stk                                0x00026201   Thumb Code     0  entry2.o(.ARM.Collect$$$$00000001)
    _main_scatterload                        0x00026205   Thumb Code     0  entry5.o(.ARM.Collect$$$$00000004)
    __main_after_scatterload                 0x00026209   Thumb Code     0  entry5.o(.ARM.Collect$$$$00000004)
    _main_clock                              0x00026209   Thumb Code     0  entry7b.o(.ARM.Collect$$$$00000008)
    _main_cpp_init                           0x00026209   Thumb Code     0  entry8b.o(.ARM.Collect$$$$0000000A)
    _main_init                               0x00026209   Thumb Code     0  entry9a.o(.ARM.Collect$$$$0000000B)
    __rt_final_cpp                           0x00026211   Thumb Code     0  entry10a.o(.ARM.Collect$$$$0000000D)
    __rt_final_exit                          0x00026211   Thumb Code     0  entry11a.o(.ARM.Collect$$$$0000000F)
    __asm___12_nrf_atfifo_c_51f461e1__nrf_atfifo_wspace_req 0x00026215   Thumb Code    56  nrf_atfifo.o(.emb_text)
    __asm___12_nrf_atfifo_c_51f461e1__nrf_atfifo_wspace_close 0x0002624d   Thumb Code    18  nrf_atfifo.o(.emb_text)
    __asm___12_nrf_atfifo_c_51f461e1__nrf_atfifo_rspace_req 0x0002625f   Thumb Code    58  nrf_atfifo.o(.emb_text)
    __asm___12_nrf_atfifo_c_51f461e1__nrf_atfifo_rspace_close 0x00026299   Thumb Code    18  nrf_atfifo.o(.emb_text)
    __asm___12_nrf_atfifo_c_51f461e1__nrf_atfifo_space_clear 0x000262ab   Thumb Code    50  nrf_atfifo.o(.emb_text)
    __asm___12_nrf_atomic_c_85ca2469__nrf_atomic_internal_mov 0x000262dd   Thumb Code    24  nrf_atomic.o(.emb_text)
    __asm___12_nrf_atomic_c_85ca2469__nrf_atomic_internal_orr 0x000262f5   Thumb Code    26  nrf_atomic.o(.emb_text)
    __asm___12_nrf_atomic_c_85ca2469__nrf_atomic_internal_and 0x0002630f   Thumb Code    26  nrf_atomic.o(.emb_text)
    __asm___12_nrf_atomic_c_85ca2469__nrf_atomic_internal_eor 0x00026329   Thumb Code    26  nrf_atomic.o(.emb_text)
    __asm___12_nrf_atomic_c_85ca2469__nrf_atomic_internal_add 0x00026343   Thumb Code    26  nrf_atomic.o(.emb_text)
    __asm___12_nrf_atomic_c_85ca2469__nrf_atomic_internal_sub 0x0002635d   Thumb Code    26  nrf_atomic.o(.emb_text)
    __asm___12_nrf_atomic_c_85ca2469__nrf_atomic_internal_cmp_exch 0x00026377   Thumb Code    42  nrf_atomic.o(.emb_text)
    __asm___12_nrf_atomic_c_85ca2469__nrf_atomic_internal_sub_hs 0x000263a1   Thumb Code    30  nrf_atomic.o(.emb_text)
    Reset_Handler                            0x000263c1   Thumb Code     8  arm_startup_nrf52.o(.text)
    NMI_Handler                              0x000263c9   Thumb Code     2  arm_startup_nrf52.o(.text)
    HardFault_Handler                        0x000263cb   Thumb Code     2  arm_startup_nrf52.o(.text)
    MemoryManagement_Handler                 0x000263cd   Thumb Code     2  arm_startup_nrf52.o(.text)
    BusFault_Handler                         0x000263cf   Thumb Code     2  arm_startup_nrf52.o(.text)
    UsageFault_Handler                       0x000263d1   Thumb Code     2  arm_startup_nrf52.o(.text)
    SVC_Handler                              0x000263d3   Thumb Code     2  arm_startup_nrf52.o(.text)
    DebugMon_Handler                         0x000263d5   Thumb Code     2  arm_startup_nrf52.o(.text)
    PendSV_Handler                           0x000263d7   Thumb Code     2  arm_startup_nrf52.o(.text)
    SysTick_Handler                          0x000263d9   Thumb Code     2  arm_startup_nrf52.o(.text)
    CCM_AAR_IRQHandler                       0x000263db   Thumb Code     0  arm_startup_nrf52.o(.text)
    COMP_LPCOMP_IRQHandler                   0x000263db   Thumb Code     0  arm_startup_nrf52.o(.text)
    ECB_IRQHandler                           0x000263db   Thumb Code     0  arm_startup_nrf52.o(.text)
    FPU_IRQHandler                           0x000263db   Thumb Code     0  arm_startup_nrf52.o(.text)
    I2S_IRQHandler                           0x000263db   Thumb Code     0  arm_startup_nrf52.o(.text)
    MWU_IRQHandler                           0x000263db   Thumb Code     0  arm_startup_nrf52.o(.text)
    NFCT_IRQHandler                          0x000263db   Thumb Code     0  arm_startup_nrf52.o(.text)
    PDM_IRQHandler                           0x000263db   Thumb Code     0  arm_startup_nrf52.o(.text)
    PWM0_IRQHandler                          0x000263db   Thumb Code     0  arm_startup_nrf52.o(.text)
    PWM1_IRQHandler                          0x000263db   Thumb Code     0  arm_startup_nrf52.o(.text)
    PWM2_IRQHandler                          0x000263db   Thumb Code     0  arm_startup_nrf52.o(.text)
    QDEC_IRQHandler                          0x000263db   Thumb Code     0  arm_startup_nrf52.o(.text)
    RADIO_IRQHandler                         0x000263db   Thumb Code     0  arm_startup_nrf52.o(.text)
    RNG_IRQHandler                           0x000263db   Thumb Code     0  arm_startup_nrf52.o(.text)
    RTC0_IRQHandler                          0x000263db   Thumb Code     0  arm_startup_nrf52.o(.text)
    RTC2_IRQHandler                          0x000263db   Thumb Code     0  arm_startup_nrf52.o(.text)
    SAADC_IRQHandler                         0x000263db   Thumb Code     0  arm_startup_nrf52.o(.text)
    SPIM0_SPIS0_TWIM0_TWIS0_SPI0_TWI0_IRQHandler 0x000263db   Thumb Code     0  arm_startup_nrf52.o(.text)
    SPIM1_SPIS1_TWIM1_TWIS1_SPI1_TWI1_IRQHandler 0x000263db   Thumb Code     0  arm_startup_nrf52.o(.text)
    SPIM2_SPIS2_SPI2_IRQHandler              0x000263db   Thumb Code     0  arm_startup_nrf52.o(.text)
    SWI0_EGU0_IRQHandler                     0x000263db   Thumb Code     0  arm_startup_nrf52.o(.text)
    SWI1_EGU1_IRQHandler                     0x000263db   Thumb Code     0  arm_startup_nrf52.o(.text)
    SWI3_EGU3_IRQHandler                     0x000263db   Thumb Code     0  arm_startup_nrf52.o(.text)
    SWI4_EGU4_IRQHandler                     0x000263db   Thumb Code     0  arm_startup_nrf52.o(.text)
    SWI5_EGU5_IRQHandler                     0x000263db   Thumb Code     0  arm_startup_nrf52.o(.text)
    TEMP_IRQHandler                          0x000263db   Thumb Code     0  arm_startup_nrf52.o(.text)
    TIMER0_IRQHandler                        0x000263db   Thumb Code     0  arm_startup_nrf52.o(.text)
    TIMER1_IRQHandler                        0x000263db   Thumb Code     0  arm_startup_nrf52.o(.text)
    TIMER2_IRQHandler                        0x000263db   Thumb Code     0  arm_startup_nrf52.o(.text)
    TIMER3_IRQHandler                        0x000263db   Thumb Code     0  arm_startup_nrf52.o(.text)
    TIMER4_IRQHandler                        0x000263db   Thumb Code     0  arm_startup_nrf52.o(.text)
    WDT_IRQHandler                           0x000263db   Thumb Code     0  arm_startup_nrf52.o(.text)
    __aeabi_uldivmod                         0x000263e5   Thumb Code    98  uldiv.o(.text)
    __aeabi_llsl                             0x00026447   Thumb Code    30  llshl.o(.text)
    _ll_shift_l                              0x00026447   Thumb Code     0  llshl.o(.text)
    __rt_ctype_table                         0x00026465   Thumb Code     4  ctype_o.o(.text)
    __aeabi_memcpy                           0x0002646d   Thumb Code    36  memcpya.o(.text)
    __aeabi_memcpy4                          0x0002646d   Thumb Code     0  memcpya.o(.text)
    __aeabi_memcpy8                          0x0002646d   Thumb Code     0  memcpya.o(.text)
    __aeabi_memset                           0x00026491   Thumb Code    14  memseta.o(.text)
    __aeabi_memset4                          0x00026491   Thumb Code     0  memseta.o(.text)
    __aeabi_memset8                          0x00026491   Thumb Code     0  memseta.o(.text)
    __aeabi_memclr                           0x0002649f   Thumb Code     4  memseta.o(.text)
    __aeabi_memclr4                          0x0002649f   Thumb Code     0  memseta.o(.text)
    __aeabi_memclr8                          0x0002649f   Thumb Code     0  memseta.o(.text)
    _memset$wrapper                          0x000264a3   Thumb Code    18  memseta.o(.text)
    strlen                                   0x000264b5   Thumb Code    14  strlen.o(.text)
    strcpy                                   0x000264c3   Thumb Code    18  strcpy.o(.text)
    __aeabi_llsr                             0x000264d5   Thumb Code    32  llushr.o(.text)
    _ll_ushift_r                             0x000264d5   Thumb Code     0  llushr.o(.text)
    __scatterload                            0x000264f5   Thumb Code    28  init.o(.text)
    __scatterload_rt2                        0x000264f5   Thumb Code     0  init.o(.text)
    __decompress                             0x00026519   Thumb Code     0  __dczerorl2.o(.text)
    __decompress1                            0x00026519   Thumb Code    86  __dczerorl2.o(.text)
    GPIOTE_IRQHandler                        0x00026571   Thumb Code   154  nrfx_gpiote.o(i.GPIOTE_IRQHandler)
    POWER_CLOCK_IRQHandler                   0x00026615   Thumb Code    82  nrfx_clock.o(i.POWER_CLOCK_IRQHandler)
    RTC1_IRQHandler                          0x0002666d   Thumb Code    12  drv_rtc.o(i.RTC1_IRQHandler)
    SEGGER_RTT_Init                          0x0002667d   Thumb Code     4  segger_rtt.o(i.SEGGER_RTT_Init)
    SEGGER_RTT_WriteNoLock                   0x00026681   Thumb Code    86  segger_rtt.o(i.SEGGER_RTT_WriteNoLock)
    SWI2_EGU2_IRQHandler                     0x000266dd   Thumb Code     4  nrf_sdh.o(i.SWI2_EGU2_IRQHandler)
    SystemInit                               0x000266e1   Thumb Code   660  system_nrf52.o(i.SystemInit)
    UARTE0_UART0_IRQHandler                  0x000269b9   Thumb Code     6  nrfx_prs.o(i.UARTE0_UART0_IRQHandler)
    __0printf$bare                           0x00026ae1   Thumb Code     8  printfb.o(i.__0printf$bare)
    __1printf$bare                           0x00026ae1   Thumb Code     0  printfb.o(i.__0printf$bare)
    __2printf                                0x00026ae1   Thumb Code     0  printfb.o(i.__0printf$bare)
    __scatterload_copy                       0x00026af1   Thumb Code    14  handlers.o(i.__scatterload_copy)
    __scatterload_null                       0x00026aff   Thumb Code     2  handlers.o(i.__scatterload_null)
    __scatterload_zeroinit                   0x00026b01   Thumb Code    14  handlers.o(i.__scatterload_zeroinit)
    app_error_fault_handler                  0x00026b9d   Thumb Code    86  app_error_weak.o(i.app_error_fault_handler)
    app_error_handler_bare                   0x00026c21   Thumb Code    22  app_error.o(i.app_error_handler_bare)
    app_fifo_get                             0x00026c37   Thumb Code    22  app_fifo.o(i.app_fifo_get)
    app_fifo_init                            0x00026c4d   Thumb Code    32  app_fifo.o(i.app_fifo_init)
    app_fifo_put                             0x00026c6d   Thumb Code    26  app_fifo.o(i.app_fifo_put)
    app_timer_cnt_get                        0x00026c89   Thumb Code     6  app_timer2.o(i.app_timer_cnt_get)
    app_timer_create                         0x00026c95   Thumb Code    22  app_timer2.o(i.app_timer_create)
    app_timer_init                           0x00026cad   Thumb Code    70  app_timer2.o(i.app_timer_init)
    app_timer_start                          0x00026d09   Thumb Code    48  app_timer2.o(i.app_timer_start)
    app_timer_stop                           0x00026d39   Thumb Code    12  app_timer2.o(i.app_timer_stop)
    app_uart_get                             0x00026d45   Thumb Code    42  app_uart_fifo.o(i.app_uart_get)
    app_uart_init                            0x00026d79   Thumb Code   148  app_uart_fifo.o(i.app_uart_init)
    app_uart_put                             0x00026e1d   Thumb Code    70  app_uart_fifo.o(i.app_uart_put)
    app_util_critical_region_enter           0x00026e71   Thumb Code    64  app_util_platform.o(i.app_util_critical_region_enter)
    app_util_critical_region_exit            0x00026eb9   Thumb Code    46  app_util_platform.o(i.app_util_critical_region_exit)
    blcm_link_ctx_get                        0x00027099   Thumb Code    72  ble_link_ctx_manager.o(i.blcm_link_ctx_get)
    ble_advdata_encode                       0x000270e1   Thumb Code   386  ble_advdata.o(i.ble_advdata_encode)
    ble_advdata_parse                        0x00027263   Thumb Code    32  ble_advdata.o(i.ble_advdata_parse)
    ble_advdata_search                       0x00027283   Thumb Code    70  ble_advdata.o(i.ble_advdata_search)
    ble_advertising_conn_cfg_tag_set         0x000272c9   Thumb Code     6  ble_advertising.o(i.ble_advertising_conn_cfg_tag_set)
    ble_advertising_init                     0x000272cf   Thumb Code   248  ble_advertising.o(i.ble_advertising_init)
    ble_advertising_on_ble_evt               0x000273c7   Thumb Code   106  ble_advertising.o(i.ble_advertising_on_ble_evt)
    ble_advertising_start                    0x00027431   Thumb Code   560  ble_advertising.o(i.ble_advertising_start)
    ble_bas_init                             0x00027661   Thumb Code    62  ble_bas.o(i.ble_bas_init)
    ble_bas_on_ble_evt                       0x0002769f   Thumb Code    82  ble_bas.o(i.ble_bas_on_ble_evt)
    ble_conn_params_init                     0x000276f1   Thumb Code    90  ble_conn_params.o(i.ble_conn_params_init)
    ble_conn_state_conn_idx                  0x00027759   Thumb Code    18  ble_conn_state.o(i.ble_conn_state_conn_idx)
    ble_conn_state_valid                     0x0002776d   Thumb Code    16  ble_conn_state.o(i.ble_conn_state_valid)
    ble_nus_data_send                        0x00027b41   Thumb Code   102  ble_nus.o(i.ble_nus_data_send)
    ble_nus_init                             0x00027ba9   Thumb Code   206  ble_nus.o(i.ble_nus_init)
    ble_nus_on_ble_evt                       0x00027c7d   Thumb Code   118  ble_nus.o(i.ble_nus_on_ble_evt)
    ble_srv_is_notification_enabled          0x00027cf3   Thumb Code     8  ble_srv_common.o(i.ble_srv_is_notification_enabled)
    ble_srv_report_ref_encode                0x00027cfb   Thumb Code    12  ble_srv_common.o(i.ble_srv_report_ref_encode)
    bsp_board_button_idx_to_pin              0x00027d09   Thumb Code     6  boards.o(i.bsp_board_button_idx_to_pin)
    bsp_board_led_invert                     0x00027d15   Thumb Code    32  boards.o(i.bsp_board_led_invert)
    bsp_board_led_off                        0x00027d39   Thumb Code    10  boards.o(i.bsp_board_led_off)
    bsp_board_led_on                         0x00027d49   Thumb Code    10  boards.o(i.bsp_board_led_on)
    bsp_board_led_state_get                  0x00027d59   Thumb Code    28  boards.o(i.bsp_board_led_state_get)
    bsp_board_leds_off                       0x00027d79   Thumb Code    18  boards.o(i.bsp_board_leds_off)
    bsp_board_leds_on                        0x00027d8b   Thumb Code    18  boards.o(i.bsp_board_leds_on)
    bsp_board_pin_to_button_idx              0x00027d9d   Thumb Code    30  boards.o(i.bsp_board_pin_to_button_idx)
    bsp_btn_ble_sleep_mode_prepare           0x00027dc1   Thumb Code    30  bsp_btn_ble.o(i.bsp_btn_ble_sleep_mode_prepare)
    bsp_event_to_button_action_assign        0x00027e71   Thumb Code    64  bsp.o(i.bsp_event_to_button_action_assign)
    bsp_indication_set                       0x00027eb5   Thumb Code    20  bsp.o(i.bsp_indication_set)
    bsp_wakeup_button_enable                 0x00028095   Thumb Code     6  bsp.o(i.bsp_wakeup_button_enable)
    buffer_is_empty                          0x00028161   Thumb Code    18  nrf_log_frontend.o(i.buffer_is_empty)
    characteristic_add                       0x00028189   Thumb Code   400  ble_srv_common.o(i.characteristic_add)
    conn_handle_list_get                     0x00028375   Thumb Code    62  ble_conn_state.o(i.conn_handle_list_get)
    descriptor_add                           0x00028549   Thumb Code   170  ble_srv_common.o(i.descriptor_add)
    drv_rtc_compare_disable                  0x00028609   Thumb Code    20  drv_rtc.o(i.drv_rtc_compare_disable)
    drv_rtc_compare_pending                  0x0002861d   Thumb Code    14  drv_rtc.o(i.drv_rtc_compare_pending)
    drv_rtc_compare_set                      0x0002862b   Thumb Code    80  drv_rtc.o(i.drv_rtc_compare_set)
    drv_rtc_counter_get                      0x0002867b   Thumb Code     8  drv_rtc.o(i.drv_rtc_counter_get)
    drv_rtc_init                             0x00028685   Thumb Code   148  drv_rtc.o(i.drv_rtc_init)
    drv_rtc_irq_trigger                      0x0002875d   Thumb Code    30  drv_rtc.o(i.drv_rtc_irq_trigger)
    drv_rtc_overflow_enable                  0x0002877b   Thumb Code     8  drv_rtc.o(i.drv_rtc_overflow_enable)
    drv_rtc_overflow_pending                 0x00028783   Thumb Code     8  drv_rtc.o(i.drv_rtc_overflow_pending)
    drv_rtc_start                            0x0002878b   Thumb Code     8  drv_rtc.o(i.drv_rtc_start)
    drv_rtc_stop                             0x00028793   Thumb Code     8  drv_rtc.o(i.drv_rtc_stop)
    drv_rtc_windowed_compare_set             0x0002879b   Thumb Code   222  drv_rtc.o(i.drv_rtc_windowed_compare_set)
    fputc                                    0x000288f7   Thumb Code    14  retarget.o(i.fputc)
    gatt_evt_handler                         0x00028905   Thumb Code    52  main.o(i.gatt_evt_handler)
    gatt_init                                0x00028961   Thumb Code    38  main.o(i.gatt_init)
    main                                     0x00028c6d   Thumb Code   388  main.o(i.main)
    nrf_atfifo_init                          0x00029023   Thumb Code    38  nrf_atfifo.o(i.nrf_atfifo_init)
    nrf_atfifo_item_alloc                    0x00029049   Thumb Code    22  nrf_atfifo.o(i.nrf_atfifo_item_alloc)
    nrf_atfifo_item_free                     0x0002905f   Thumb Code    22  nrf_atfifo.o(i.nrf_atfifo_item_free)
    nrf_atfifo_item_get                      0x00029075   Thumb Code    22  nrf_atfifo.o(i.nrf_atfifo_item_get)
    nrf_atfifo_item_put                      0x0002908b   Thumb Code    22  nrf_atfifo.o(i.nrf_atfifo_item_put)
    nrf_atflags_clear                        0x000290a1   Thumb Code    22  nrf_atflags.o(i.nrf_atflags_clear)
    nrf_atflags_get                          0x000290b7   Thumb Code    22  nrf_atflags.o(i.nrf_atflags_get)
    nrf_atflags_set                          0x000290cd   Thumb Code    20  nrf_atflags.o(i.nrf_atflags_set)
    nrf_atomic_flag_clear_fetch              0x000290e1   Thumb Code     6  nrf_atomic.o(i.nrf_atomic_flag_clear_fetch)
    nrf_atomic_flag_set                      0x000290e7   Thumb Code     6  nrf_atomic.o(i.nrf_atomic_flag_set)
    nrf_atomic_u32_add                       0x000290ed   Thumb Code    12  nrf_atomic.o(i.nrf_atomic_u32_add)
    nrf_atomic_u32_and                       0x000290f9   Thumb Code    12  nrf_atomic.o(i.nrf_atomic_u32_and)
    nrf_atomic_u32_fetch_and                 0x00029105   Thumb Code    10  nrf_atomic.o(i.nrf_atomic_u32_fetch_and)
    nrf_atomic_u32_fetch_store               0x0002910f   Thumb Code    10  nrf_atomic.o(i.nrf_atomic_u32_fetch_store)
    nrf_atomic_u32_or                        0x00029119   Thumb Code    12  nrf_atomic.o(i.nrf_atomic_u32_or)
    nrf_atomic_u32_sub                       0x00029125   Thumb Code    12  nrf_atomic.o(i.nrf_atomic_u32_sub)
    nrf_balloc_alloc                         0x00029131   Thumb Code    68  nrf_balloc.o(i.nrf_balloc_alloc)
    nrf_balloc_free                          0x00029175   Thumb Code    48  nrf_balloc.o(i.nrf_balloc_free)
    nrf_balloc_init                          0x000291a5   Thumb Code    48  nrf_balloc.o(i.nrf_balloc_init)
    nrf_ble_gatt_att_mtu_periph_set          0x000291e5   Thumb Code    24  nrf_ble_gatt.o(i.nrf_ble_gatt_att_mtu_periph_set)
    nrf_ble_gatt_init                        0x000291fd   Thumb Code    34  nrf_ble_gatt.o(i.nrf_ble_gatt_init)
    nrf_ble_gatt_on_ble_evt                  0x00029221   Thumb Code   270  nrf_ble_gatt.o(i.nrf_ble_gatt_on_ble_evt)
    nrf_ble_qwr_conn_handle_assign           0x00029371   Thumb Code    22  nrf_ble_qwr.o(i.nrf_ble_qwr_conn_handle_assign)
    nrf_ble_qwr_init                         0x00029387   Thumb Code    36  nrf_ble_qwr.o(i.nrf_ble_qwr_init)
    nrf_ble_qwr_on_ble_evt                   0x000293ab   Thumb Code   182  nrf_ble_qwr.o(i.nrf_ble_qwr_on_ble_evt)
    nrf_drv_clock_init                       0x00029481   Thumb Code    56  nrf_drv_clock.o(i.nrf_drv_clock_init)
    nrf_drv_clock_lfclk_release              0x000294c1   Thumb Code    48  nrf_drv_clock.o(i.nrf_drv_clock_lfclk_release)
    nrf_drv_uart_init                        0x000294f5   Thumb Code    90  nrf_drv_uart.o(i.nrf_drv_uart_init)
    nrf_fprintf                              0x0002959d   Thumb Code    26  nrf_fprintf.o(i.nrf_fprintf)
    nrf_fprintf_buffer_flush                 0x000295b7   Thumb Code    24  nrf_fprintf.o(i.nrf_fprintf_buffer_flush)
    nrf_fprintf_fmt                          0x000295cf   Thumb Code   474  nrf_fprintf_format.o(i.nrf_fprintf_fmt)
    nrf_log_backend_add                      0x000298c9   Thumb Code    86  nrf_log_frontend.o(i.nrf_log_backend_add)
    nrf_log_backend_rtt_init                 0x00029927   Thumb Code     4  nrf_log_backend_rtt.o(i.nrf_log_backend_rtt_init)
    nrf_log_backend_serial_put               0x00029945   Thumb Code   200  nrf_log_backend_serial.o(i.nrf_log_backend_serial_put)
    nrf_log_color_id_get                     0x00029a0d   Thumb Code    42  nrf_log_frontend.o(i.nrf_log_color_id_get)
    nrf_log_default_backends_init            0x00029a3d   Thumb Code    24  nrf_log_default_backends.o(i.nrf_log_default_backends_init)
    nrf_log_frontend_dequeue                 0x00029a59   Thumb Code   528  nrf_log_frontend.o(i.nrf_log_frontend_dequeue)
    nrf_log_frontend_std_0                   0x00029c91   Thumb Code     8  nrf_log_frontend.o(i.nrf_log_frontend_std_0)
    nrf_log_frontend_std_1                   0x00029c99   Thumb Code    14  nrf_log_frontend.o(i.nrf_log_frontend_std_1)
    nrf_log_frontend_std_2                   0x00029ca7   Thumb Code    16  nrf_log_frontend.o(i.nrf_log_frontend_std_2)
    nrf_log_hexdump_entry_process            0x00029cb9   Thumb Code   150  nrf_log_str_formatter.o(i.nrf_log_hexdump_entry_process)
    nrf_log_init                             0x00029d69   Thumb Code    28  nrf_log_frontend.o(i.nrf_log_init)
    nrf_log_module_cnt_get                   0x00029d91   Thumb Code    10  nrf_log_frontend.o(i.nrf_log_module_cnt_get)
    nrf_log_module_name_get                  0x00029da5   Thumb Code    24  nrf_log_frontend.o(i.nrf_log_module_name_get)
    nrf_log_panic                            0x00029dc1   Thumb Code    36  nrf_log_frontend.o(i.nrf_log_panic)
    nrf_log_std_entry_process                0x00029de9   Thumb Code   182  nrf_log_str_formatter.o(i.nrf_log_std_entry_process)
    nrf_memobj_alloc                         0x00029e9f   Thumb Code    96  nrf_memobj.o(i.nrf_memobj_alloc)
    nrf_memobj_free                          0x00029eff   Thumb Code    50  nrf_memobj.o(i.nrf_memobj_free)
    nrf_memobj_get                           0x00029f31   Thumb Code     8  nrf_memobj.o(i.nrf_memobj_get)
    nrf_memobj_pool_init                     0x00029f39   Thumb Code     4  nrf_memobj.o(i.nrf_memobj_pool_init)
    nrf_memobj_put                           0x00029f3d   Thumb Code    30  nrf_memobj.o(i.nrf_memobj_put)
    nrf_memobj_read                          0x00029f5b   Thumb Code    16  nrf_memobj.o(i.nrf_memobj_read)
    nrf_memobj_write                         0x00029f6b   Thumb Code    16  nrf_memobj.o(i.nrf_memobj_write)
    nrf_pwr_mgmt_init                        0x00029f7d   Thumb Code    28  nrf_pwr_mgmt.o(i.nrf_pwr_mgmt_init)
    nrf_pwr_mgmt_run                         0x00029fa5   Thumb Code    64  nrf_pwr_mgmt.o(i.nrf_pwr_mgmt_run)
    nrf_ringbuf_init                         0x00029fed   Thumb Code    28  nrf_ringbuf.o(i.nrf_ringbuf_init)
    nrf_sdh_ble_app_ram_start_get            0x0002a015   Thumb Code    16  nrf_sdh_ble.o(i.nrf_sdh_ble_app_ram_start_get)
    nrf_sdh_ble_default_cfg_set              0x0002a029   Thumb Code   272  nrf_sdh_ble.o(i.nrf_sdh_ble_default_cfg_set)
    nrf_sdh_ble_enable                       0x0002a159   Thumb Code   116  nrf_sdh_ble.o(i.nrf_sdh_ble_enable)
    nrf_sdh_enable_request                   0x0002a2e9   Thumb Code   102  nrf_sdh.o(i.nrf_sdh_enable_request)
    nrf_sdh_evts_poll                        0x0002a35d   Thumb Code    32  nrf_sdh.o(i.nrf_sdh_evts_poll)
    nrf_sdh_is_enabled                       0x0002a381   Thumb Code     6  nrf_sdh.o(i.nrf_sdh_is_enabled)
    nrf_section_iter_init                    0x0002a3c9   Thumb Code    10  nrf_section_iter.o(i.nrf_section_iter_init)
    nrf_section_iter_next                    0x0002a3f7   Thumb Code    32  nrf_section_iter.o(i.nrf_section_iter_next)
    nrf_sortlist_add                         0x0002a417   Thumb Code    34  nrf_sortlist.o(i.nrf_sortlist_add)
    nrf_sortlist_peek                        0x0002a439   Thumb Code     6  nrf_sortlist.o(i.nrf_sortlist_peek)
    nrf_sortlist_pop                         0x0002a43f   Thumb Code    14  nrf_sortlist.o(i.nrf_sortlist_pop)
    nrf_sortlist_remove                      0x0002a44d   Thumb Code    30  nrf_sortlist.o(i.nrf_sortlist_remove)
    nrf_strerror_find                        0x0002a46d   Thumb Code    52  nrf_strerror.o(i.nrf_strerror_find)
    nrf_strerror_get                         0x0002a4a5   Thumb Code    14  nrf_strerror.o(i.nrf_strerror_get)
    nrfx_clock_enable                        0x0002a501   Thumb Code    34  nrfx_clock.o(i.nrfx_clock_enable)
    nrfx_clock_init                          0x0002a52d   Thumb Code    26  nrfx_clock.o(i.nrfx_clock_init)
    nrfx_clock_lfclk_stop                    0x0002a54d   Thumb Code    38  nrfx_clock.o(i.nrfx_clock_lfclk_stop)
    nrfx_prs_acquire                         0x0002a59d   Thumb Code    58  nrfx_prs.o(i.nrfx_prs_acquire)
    nrfx_uart_0_irq_handler                  0x0002a5d9   Thumb Code     8  nrfx_uart.o(i.nrfx_uart_0_irq_handler)
    nrfx_uart_init                           0x0002a5e9   Thumb Code   200  nrfx_uart.o(i.nrfx_uart_init)
    nrfx_uart_rx                             0x0002a6bd   Thumb Code   230  nrfx_uart.o(i.nrfx_uart_rx)
    nrfx_uart_tx                             0x0002a7a9   Thumb Code   162  nrfx_uart.o(i.nrfx_uart_tx)
    nrfx_uart_tx_in_progress                 0x0002a851   Thumb Code    26  nrfx_uart.o(i.nrfx_uart_tx_in_progress)
    nrfx_uarte_0_irq_handler                 0x0002a871   Thumb Code     8  nrfx_uarte.o(i.nrfx_uarte_0_irq_handler)
    nrfx_uarte_init                          0x0002a881   Thumb Code   100  nrfx_uarte.o(i.nrfx_uarte_init)
    nrfx_uarte_rx                            0x0002a8ed   Thumb Code   256  nrfx_uarte.o(i.nrfx_uarte_rx)
    nrfx_uarte_tx                            0x0002a9f1   Thumb Code   166  nrfx_uarte.o(i.nrfx_uarte_tx)
    nrfx_uarte_tx_in_progress                0x0002aa9d   Thumb Code    22  nrfx_uarte.o(i.nrfx_uarte_tx_in_progress)
    nvmc_config                              0x0002ab51   Thumb Code    14  system_nrf52.o(i.nvmc_config)
    uart_event_handle                        0x0002b641   Thumb Code   112  main.o(i.uart_event_handle)
    nrf_log_backend_rtt_api                  0x0002be98   Data          12  nrf_log_backend_rtt.o(.constdata)
    m_ram_start                              0x0002bf3c   Data           4  nrf_sdh_ble.o(.constdata)
    __ctype_table                            0x0002bf68   Data         129  ctype_o.o(.constdata)
    Region$$Table$$Base                      0x0002c768   Number         0  anon$$obj.o(Region$$Table)
    Region$$Table$$Limit                     0x0002c788   Number         0  anon$$obj.o(Region$$Table)
    log_const_data$$Base                     0x0002c798   Number         0  nrf_ble_gatt.o(log_const_data)
    m_nrf_log_nrf_ble_gatt_logs_data_const   0x0002c798   Data           8  nrf_ble_gatt.o(log_const_data)
    m_nrf_log_ble_nus_logs_data_const        0x0002c7a0   Data           8  ble_nus.o(log_const_data)
    m_nrf_log_ble_bas_logs_data_const        0x0002c7a8   Data           8  ble_bas.o(log_const_data)
    m_nrf_log_clock_logs_data_const          0x0002c7b0   Data           8  nrf_drv_clock.o(log_const_data)
    m_nrf_log_CLOCK_logs_data_const          0x0002c7b8   Data           8  nrfx_clock.o(log_const_data)
    m_nrf_log_GPIOTE_logs_data_const         0x0002c7c0   Data           8  nrfx_gpiote.o(log_const_data)
    m_nrf_log_PRS_logs_data_const            0x0002c7c8   Data           8  nrfx_prs.o(log_const_data)
    m_nrf_log_UART_logs_data_const           0x0002c7d0   Data           8  nrfx_uart.o(log_const_data)
    m_nrf_log_UARTE_logs_data_const          0x0002c7d8   Data           8  nrfx_uarte.o(log_const_data)
    m_nrf_log_app_button_logs_data_const     0x0002c7e0   Data           8  app_button.o(log_const_data)
    m_nrf_log_app_timer_logs_data_const      0x0002c7e8   Data           8  app_timer2.o(log_const_data)
    m_nrf_log_pwr_mgmt_logs_data_const       0x0002c7f0   Data           8  nrf_pwr_mgmt.o(log_const_data)
    m_nrf_log_sortlist_logs_data_const       0x0002c7f8   Data           8  nrf_sortlist.o(log_const_data)
    m_nrf_log_app_logs_data_const            0x0002c800   Data           8  nrf_log_frontend.o(log_const_data)
    m_nrf_log_nrf_sdh_logs_data_const        0x0002c808   Data           8  nrf_sdh.o(log_const_data)
    m_nrf_log_nrf_sdh_ble_logs_data_const    0x0002c810   Data           8  nrf_sdh_ble.o(log_const_data)
    m_nrf_log_nrf_sdh_soc_logs_data_const    0x0002c818   Data           8  nrf_sdh_soc.o(log_const_data)
    log_const_data$$Limit                    0x0002c820   Number         0  nrf_sdh_soc.o(log_const_data)
    log_mempool                              0x0002c820   Data          20  nrf_log_frontend.o(nrf_balloc)
    sdh_ble_observers0$$Base                 0x0002c834   Number         0  ble_conn_state.o(sdh_ble_observers0)
    sdh_ble_observers0$$Limit                0x0002c83c   Number         0  ble_conn_state.o(sdh_ble_observers0)
    sdh_ble_observers1$$Base                 0x0002c83c   Number         0  main.o(sdh_ble_observers1)
    sdh_ble_observers1$$Limit                0x0002c85c   Number         0  ble_conn_params.o(sdh_ble_observers1)
    sdh_ble_observers2$$Base                 0x0002c85c   Number         0  main.o(sdh_ble_observers2)
    sdh_ble_observers2$$Limit                0x0002c874   Number         0  main.o(sdh_ble_observers2)
    sdh_ble_observers3$$Base                 0x0002c874   Number         0  main.o(sdh_ble_observers3)
    sdh_ble_observers3$$Limit                0x0002c87c   Number         0  main.o(sdh_ble_observers3)
    sdh_soc_observers0$$Base                 0x0002c87c   Number         0  nrf_drv_clock.o(sdh_soc_observers0)
    sdh_soc_observers0$$Limit                0x0002c884   Number         0  nrf_drv_clock.o(sdh_soc_observers0)
    sdh_stack_observers0$$Base               0x0002c884   Number         0  nrf_sdh_ble.o(sdh_stack_observers0)
    sdh_stack_observers0$$Limit              0x0002c894   Number         0  nrf_sdh_soc.o(sdh_stack_observers0)
    sdh_state_observers0$$Base               0x0002c894   Number         0  nrf_drv_clock.o(sdh_state_observers0)
    sdh_state_observers0$$Limit              0x0002c89c   Number         0  nrf_drv_clock.o(sdh_state_observers0)
    Image$$RW_IRAM1$$Base                    0x20002ad8   Number         0  anon$$obj.o ABSOLUTE
    nrf_drv_uart_use_easy_dma                0x20002b2c   Data           1  nrf_drv_uart.o(.data)
    __stdout                                 0x20002b9c   Data           4  retarget.o(.data)
    SystemCoreClock                          0x20002c04   Data           4  system_nrf52.o(.data)
    nrf_nvic_state                           0x200035ec   Data          12  app_util_platform.o(.bss)
    _SEGGER_RTT                              0x20003bbc   Data         120  segger_rtt.o(.bss)
    __initial_sp                             0x20005e48   Data           0  arm_startup_nrf52.o(STACK)



==============================================================================

Memory Map of the image

  Image Entry point : 0x00026201

  Load Region LR_IROM1 (Base: 0x00026000, Size: 0x000069cc, Max: 0x0005a000, ABSOLUTE, COMPRESSED[0x000068f8])

    Execution Region ER_IROM1 (Exec base: 0x00026000, Load base: 0x00026000, Size: 0x0000689c, Max: 0x0005a000, ABSOLUTE)

    Exec Addr    Load Addr    Size         Type   Attr      Idx    E Section Name        Object

    0x00026000   0x00026000   0x00000200   Data   RO         5173    RESET               arm_startup_nrf52.o
    0x00026200   0x00026200   0x00000000   Code   RO         5230  * .ARM.Collect$$$$00000000  mc_w.l(entry.o)
    0x00026200   0x00026200   0x00000004   Code   RO         5537    .ARM.Collect$$$$00000001  mc_w.l(entry2.o)
    0x00026204   0x00026204   0x00000004   Code   RO         5540    .ARM.Collect$$$$00000004  mc_w.l(entry5.o)
    0x00026208   0x00026208   0x00000000   Code   RO         5542    .ARM.Collect$$$$00000008  mc_w.l(entry7b.o)
    0x00026208   0x00026208   0x00000000   Code   RO         5544    .ARM.Collect$$$$0000000A  mc_w.l(entry8b.o)
    0x00026208   0x00026208   0x00000008   Code   RO         5545    .ARM.Collect$$$$0000000B  mc_w.l(entry9a.o)
    0x00026210   0x00026210   0x00000000   Code   RO         5547    .ARM.Collect$$$$0000000D  mc_w.l(entry10a.o)
    0x00026210   0x00026210   0x00000000   Code   RO         5549    .ARM.Collect$$$$0000000F  mc_w.l(entry11a.o)
    0x00026210   0x00026210   0x00000004   Code   RO         5538    .ARM.Collect$$$$00002712  mc_w.l(entry2.o)
    0x00026214   0x00026214   0x000000c8   Code   RO         3564    .emb_text           nrf_atfifo.o
    0x000262dc   0x000262dc   0x000000e2   Code   RO         3700    .emb_text           nrf_atomic.o
    0x000263be   0x000263be   0x00000002   PAD
    0x000263c0   0x000263c0   0x00000024   Code   RO         5174    .text               arm_startup_nrf52.o
    0x000263e4   0x000263e4   0x00000062   Code   RO         5233    .text               mc_w.l(uldiv.o)
    0x00026446   0x00026446   0x0000001e   Code   RO         5235    .text               mc_w.l(llshl.o)
    0x00026464   0x00026464   0x00000008   Code   RO         5237    .text               mc_w.l(ctype_o.o)
    0x0002646c   0x0002646c   0x00000024   Code   RO         5265    .text               mc_w.l(memcpya.o)
    0x00026490   0x00026490   0x00000024   Code   RO         5267    .text               mc_w.l(memseta.o)
    0x000264b4   0x000264b4   0x0000000e   Code   RO         5269    .text               mc_w.l(strlen.o)
    0x000264c2   0x000264c2   0x00000012   Code   RO         5273    .text               mc_w.l(strcpy.o)
    0x000264d4   0x000264d4   0x00000020   Code   RO         5553    .text               mc_w.l(llushr.o)
    0x000264f4   0x000264f4   0x00000024   Code   RO         5566    .text               mc_w.l(init.o)
    0x00026518   0x00026518   0x00000056   Code   RO         5580    .text               mc_w.l(__dczerorl2.o)
    0x0002656e   0x0002656e   0x00000002   PAD
    0x00026570   0x00026570   0x000000a4   Code   RO         2030    i.GPIOTE_IRQHandler  nrfx_gpiote.o
    0x00026614   0x00026614   0x00000058   Code   RO         1891    i.POWER_CLOCK_IRQHandler  nrfx_clock.o
    0x0002666c   0x0002666c   0x00000010   Code   RO         3350    i.RTC1_IRQHandler   drv_rtc.o
    0x0002667c   0x0002667c   0x00000004   Code   RO         4713    i.SEGGER_RTT_Init   segger_rtt.o
    0x00026680   0x00026680   0x0000005c   Code   RO         4727    i.SEGGER_RTT_WriteNoLock  segger_rtt.o
    0x000266dc   0x000266dc   0x00000004   Code   RO         4964    i.SWI2_EGU2_IRQHandler  nrf_sdh.o
    0x000266e0   0x000266e0   0x000002d8   Code   RO         5182    i.SystemInit        system_nrf52.o
    0x000269b8   0x000269b8   0x0000000c   Code   RO         2335    i.UARTE0_UART0_IRQHandler  nrfx_prs.o
    0x000269c4   0x000269c4   0x00000068   Code   RO         4731    i._DoInit           segger_rtt.o
    0x00026a2c   0x00026a2c   0x00000016   Code   RO         4732    i._GetAvailWriteSpace  segger_rtt.o
    0x00026a42   0x00026a42   0x0000005a   Code   RO         4734    i._WriteBlocking    segger_rtt.o
    0x00026a9c   0x00026a9c   0x00000042   Code   RO         4735    i._WriteNoCheck     segger_rtt.o
    0x00026ade   0x00026ade   0x00000002   PAD
    0x00026ae0   0x00026ae0   0x00000010   Code   RO         5278    i.__0printf$bare    mc_w.l(printfb.o)
    0x00026af0   0x00026af0   0x0000000e   Code   RO         5574    i.__scatterload_copy  mc_w.l(handlers.o)
    0x00026afe   0x00026afe   0x00000002   Code   RO         5575    i.__scatterload_null  mc_w.l(handlers.o)
    0x00026b00   0x00026b00   0x0000000e   Code   RO         5576    i.__scatterload_zeroinit  mc_w.l(handlers.o)
    0x00026b0e   0x00026b0e   0x00000002   PAD
    0x00026b10   0x00026b10   0x00000024   Code   RO         4965    i.__sd_nvic_app_accessible_irq  nrf_sdh.o
    0x00026b34   0x00026b34   0x00000022   Code   RO         5285    i._printf_core      mc_w.l(printfb.o)
    0x00026b56   0x00026b56   0x00000010   Code   RO          857    i.adv_set_data_size_max_get  ble_advertising.o
    0x00026b66   0x00026b66   0x00000036   Code   RO          647    i.advertising_buttons_configure  bsp_btn_ble.o
    0x00026b9c   0x00026b9c   0x00000084   Code   RO         2896    i.app_error_fault_handler  app_error_weak.o
    0x00026c20   0x00026c20   0x00000016   Code   RO         2836    i.app_error_handler_bare  app_error.o
    0x00026c36   0x00026c36   0x00000016   Code   RO         2940    i.app_fifo_get      app_fifo.o
    0x00026c4c   0x00026c4c   0x00000020   Code   RO         2941    i.app_fifo_init     app_fifo.o
    0x00026c6c   0x00026c6c   0x0000001a   Code   RO         2943    i.app_fifo_put      app_fifo.o
    0x00026c86   0x00026c86   0x00000002   PAD
    0x00026c88   0x00026c88   0x0000000c   Code   RO         3064    i.app_timer_cnt_get  app_timer2.o
    0x00026c94   0x00026c94   0x00000016   Code   RO         3065    i.app_timer_create  app_timer2.o
    0x00026caa   0x00026caa   0x00000002   PAD
    0x00026cac   0x00026cac   0x0000005c   Code   RO         3066    i.app_timer_init    app_timer2.o
    0x00026d08   0x00026d08   0x00000030   Code   RO         3069    i.app_timer_start   app_timer2.o
    0x00026d38   0x00026d38   0x0000000c   Code   RO         3070    i.app_timer_stop    app_timer2.o
    0x00026d44   0x00026d44   0x00000034   Code   RO         3207    i.app_uart_get      app_uart_fifo.o
    0x00026d78   0x00026d78   0x000000a4   Code   RO         3208    i.app_uart_init     app_uart_fifo.o
    0x00026e1c   0x00026e1c   0x00000054   Code   RO         3209    i.app_uart_put      app_uart_fifo.o
    0x00026e70   0x00026e70   0x00000048   Code   RO         3282    i.app_util_critical_region_enter  app_util_platform.o
    0x00026eb8   0x00026eb8   0x00000034   Code   RO         3283    i.app_util_critical_region_exit  app_util_platform.o
    0x00026eec   0x00026eec   0x00000088   Code   RO         2389    i.apply_config      nrfx_uart.o
    0x00026f74   0x00026f74   0x00000088   Code   RO         2577    i.apply_config      nrfx_uarte.o
    0x00026ffc   0x00026ffc   0x0000009c   Code   RO         1486    i.battery_level_char_add  ble_bas.o
    0x00027098   0x00027098   0x00000048   Code   RO         1199    i.blcm_link_ctx_get  ble_link_ctx_manager.o
    0x000270e0   0x000270e0   0x00000182   Code   RO          751    i.ble_advdata_encode  ble_advdata.o
    0x00027262   0x00027262   0x00000020   Code   RO          753    i.ble_advdata_parse  ble_advdata.o
    0x00027282   0x00027282   0x00000046   Code   RO          754    i.ble_advdata_search  ble_advdata.o
    0x000272c8   0x000272c8   0x00000006   Code   RO          859    i.ble_advertising_conn_cfg_tag_set  ble_advertising.o
    0x000272ce   0x000272ce   0x000000f8   Code   RO          860    i.ble_advertising_init  ble_advertising.o
    0x000273c6   0x000273c6   0x0000006a   Code   RO          862    i.ble_advertising_on_ble_evt  ble_advertising.o
    0x00027430   0x00027430   0x00000230   Code   RO          865    i.ble_advertising_start  ble_advertising.o
    0x00027660   0x00027660   0x0000003e   Code   RO         1490    i.ble_bas_init      ble_bas.o
    0x0002769e   0x0002769e   0x00000052   Code   RO         1491    i.ble_bas_on_ble_evt  ble_bas.o
    0x000276f0   0x000276f0   0x00000068   Code   RO          956    i.ble_conn_params_init  ble_conn_params.o
    0x00027758   0x00027758   0x00000012   Code   RO         1031    i.ble_conn_state_conn_idx  ble_conn_state.o
    0x0002776a   0x0002776a   0x00000002   PAD
    0x0002776c   0x0002776c   0x00000014   Code   RO         1045    i.ble_conn_state_valid  ble_conn_state.o
    0x00027780   0x00027780   0x00000060   Code   RO          757    i.ble_device_addr_encode  ble_advdata.o
    0x000277e0   0x000277e0   0x000000dc   Code   RO            5    i.ble_evt_handler   main.o
    0x000278bc   0x000278bc   0x00000070   Code   RO          648    i.ble_evt_handler   bsp_btn_ble.o
    0x0002792c   0x0002792c   0x000000fc   Code   RO          958    i.ble_evt_handler   ble_conn_params.o
    0x00027a28   0x00027a28   0x00000118   Code   RO         1046    i.ble_evt_handler   ble_conn_state.o
    0x00027b40   0x00027b40   0x00000066   Code   RO         1428    i.ble_nus_data_send  ble_nus.o
    0x00027ba6   0x00027ba6   0x00000002   PAD
    0x00027ba8   0x00027ba8   0x000000d4   Code   RO         1429    i.ble_nus_init      ble_nus.o
    0x00027c7c   0x00027c7c   0x00000076   Code   RO         1430    i.ble_nus_on_ble_evt  ble_nus.o
    0x00027cf2   0x00027cf2   0x00000008   Code   RO         1225    i.ble_srv_is_notification_enabled  ble_srv_common.o
    0x00027cfa   0x00027cfa   0x0000000c   Code   RO         1226    i.ble_srv_report_ref_encode  ble_srv_common.o
    0x00027d06   0x00027d06   0x00000002   PAD
    0x00027d08   0x00027d08   0x0000000c   Code   RO          417    i.bsp_board_button_idx_to_pin  boards.o
    0x00027d14   0x00027d14   0x00000024   Code   RO          421    i.bsp_board_led_invert  boards.o
    0x00027d38   0x00027d38   0x00000010   Code   RO          422    i.bsp_board_led_off  boards.o
    0x00027d48   0x00027d48   0x00000010   Code   RO          423    i.bsp_board_led_on  boards.o
    0x00027d58   0x00027d58   0x00000020   Code   RO          424    i.bsp_board_led_state_get  boards.o
    0x00027d78   0x00027d78   0x00000012   Code   RO          425    i.bsp_board_leds_off  boards.o
    0x00027d8a   0x00027d8a   0x00000012   Code   RO          426    i.bsp_board_leds_on  boards.o
    0x00027d9c   0x00027d9c   0x00000024   Code   RO          427    i.bsp_board_pin_to_button_idx  boards.o
    0x00027dc0   0x00027dc0   0x0000001e   Code   RO          650    i.bsp_btn_ble_sleep_mode_prepare  bsp_btn_ble.o
    0x00027dde   0x00027dde   0x00000002   PAD
    0x00027de0   0x00027de0   0x00000090   Code   RO          531    i.bsp_button_event_handler  bsp.o
    0x00027e70   0x00027e70   0x00000044   Code   RO          535    i.bsp_event_to_button_action_assign  bsp.o
    0x00027eb4   0x00027eb4   0x00000018   Code   RO          536    i.bsp_indication_set  bsp.o
    0x00027ecc   0x00027ecc   0x000001c8   Code   RO          538    i.bsp_led_indication  bsp.o
    0x00028094   0x00028094   0x00000006   Code   RO          540    i.bsp_wakeup_button_enable  bsp.o
    0x0002809a   0x0002809a   0x00000002   PAD
    0x0002809c   0x0002809c   0x00000094   Code   RO         4467    i.buf_prealloc      nrf_log_frontend.o
    0x00028130   0x00028130   0x0000002e   Code   RO         3912    i.buffer_add        nrf_fprintf_format.o
    0x0002815e   0x0002815e   0x00000002   PAD
    0x00028160   0x00028160   0x00000018   Code   RO         4468    i.buffer_is_empty   nrf_log_frontend.o
    0x00028178   0x00028178   0x00000010   Code   RO         2033    i.channel_port_get  nrfx_gpiote.o
    0x00028188   0x00028188   0x00000190   Code   RO         1227    i.characteristic_add  ble_srv_common.o
    0x00028318   0x00028318   0x00000028   Code   RO         1546    i.clock_clk_started_notify  nrf_drv_clock.o
    0x00028340   0x00028340   0x0000001c   Code   RO         1547    i.clock_irq_handler  nrf_drv_clock.o
    0x0002835c   0x0002835c   0x00000018   Code   RO         3072    i.compare_func      app_timer2.o
    0x00028374   0x00028374   0x0000003e   Code   RO         1047    i.conn_handle_list_get  ble_conn_state.o
    0x000283b2   0x000283b2   0x00000088   Code   RO          758    i.conn_int_encode   ble_advdata.o
    0x0002843a   0x0002843a   0x00000004   Code   RO            7    i.conn_params_error_handler  main.o
    0x0002843e   0x0002843e   0x00000002   PAD
    0x00028440   0x00028440   0x00000048   Code   RO          959    i.conn_params_negotiation  ble_conn_params.o
    0x00028488   0x00028488   0x000000c0   Code   RO         1285    i.data_length_update  nrf_ble_gatt.o
    0x00028548   0x00028548   0x000000aa   Code   RO         1228    i.descriptor_add    ble_srv_common.o
    0x000285f2   0x000285f2   0x00000002   PAD
    0x000285f4   0x000285f4   0x00000014   Code   RO         4469    i.dropped_sat16_get  nrf_log_frontend.o
    0x00028608   0x00028608   0x00000014   Code   RO         3351    i.drv_rtc_compare_disable  drv_rtc.o
    0x0002861c   0x0002861c   0x0000000e   Code   RO         3354    i.drv_rtc_compare_pending  drv_rtc.o
    0x0002862a   0x0002862a   0x00000050   Code   RO         3355    i.drv_rtc_compare_set  drv_rtc.o
    0x0002867a   0x0002867a   0x00000008   Code   RO         3356    i.drv_rtc_counter_get  drv_rtc.o
    0x00028682   0x00028682   0x00000002   PAD
    0x00028684   0x00028684   0x000000d8   Code   RO         3357    i.drv_rtc_init      drv_rtc.o
    0x0002875c   0x0002875c   0x0000001e   Code   RO         3358    i.drv_rtc_irq_trigger  drv_rtc.o
    0x0002877a   0x0002877a   0x00000008   Code   RO         3360    i.drv_rtc_overflow_enable  drv_rtc.o
    0x00028782   0x00028782   0x00000008   Code   RO         3361    i.drv_rtc_overflow_pending  drv_rtc.o
    0x0002878a   0x0002878a   0x00000008   Code   RO         3362    i.drv_rtc_start     drv_rtc.o
    0x00028792   0x00028792   0x00000008   Code   RO         3363    i.drv_rtc_stop      drv_rtc.o
    0x0002879a   0x0002879a   0x000000de   Code   RO         3368    i.drv_rtc_windowed_compare_set  drv_rtc.o
    0x00028878   0x00028878   0x00000012   Code   RO         3369    i.evt_enable        drv_rtc.o
    0x0002888a   0x0002888a   0x00000014   Code   RO         3370    i.evt_pending       drv_rtc.o
    0x0002889e   0x0002889e   0x00000014   Code   RO         2946    i.fifo_get          app_fifo.o
    0x000288b2   0x000288b2   0x00000012   Code   RO         2947    i.fifo_put          app_fifo.o
    0x000288c4   0x000288c4   0x0000000a   Code   RO         1048    i.flag_toggle       ble_conn_state.o
    0x000288ce   0x000288ce   0x00000028   Code   RO          867    i.flags_set         ble_advertising.o
    0x000288f6   0x000288f6   0x0000000e   Code   RO         4291    i.fputc             retarget.o
    0x00028904   0x00028904   0x0000005c   Code   RO            8    i.gatt_evt_handler  main.o
    0x00028960   0x00028960   0x00000030   Code   RO            9    i.gatt_init         main.o
    0x00028990   0x00028990   0x00000034   Code   RO         3073    i.get_now           app_timer2.o
    0x000289c4   0x000289c4   0x00000014   Code   RO          960    i.instance_get      ble_conn_params.o
    0x000289d8   0x000289d8   0x000000a6   Code   RO         3913    i.int_print         nrf_fprintf_format.o
    0x00028a7e   0x00028a7e   0x00000002   PAD
    0x00028a80   0x00028a80   0x00000088   Code   RO         2578    i.interrupts_enable  nrfx_uarte.o
    0x00028b08   0x00028b08   0x00000034   Code   RO         4470    i.invalid_packets_omit  nrf_log_frontend.o
    0x00028b3c   0x00028b3c   0x00000044   Code   RO          961    i.is_conn_params_ok  ble_conn_params.o
    0x00028b80   0x00028b80   0x00000030   Code   RO          542    i.leds_off          bsp.o
    0x00028bb0   0x00028bb0   0x00000018   Code   RO         1286    i.link_init         nrf_ble_gatt.o
    0x00028bc8   0x00028bc8   0x000000a4   Code   RO         4471    i.log_skip          nrf_log_frontend.o
    0x00028c6c   0x00028c6c   0x000001fc   Code   RO           10    i.main              main.o
    0x00028e68   0x00028e68   0x00000064   Code   RO          759    i.manuf_specific_data_encode  ble_advdata.o
    0x00028ecc   0x00028ecc   0x0000007e   Code   RO         3952    i.memobj_op         nrf_memobj.o
    0x00028f4a   0x00028f4a   0x00000002   PAD
    0x00028f4c   0x00028f4c   0x00000030   Code   RO         4472    i.module_idx_get    nrf_log_frontend.o
    0x00028f7c   0x00028f7c   0x000000a6   Code   RO          760    i.name_encode       ble_advdata.o
    0x00029022   0x00029022   0x00000026   Code   RO         3568    i.nrf_atfifo_init   nrf_atfifo.o
    0x00029048   0x00029048   0x00000016   Code   RO         3569    i.nrf_atfifo_item_alloc  nrf_atfifo.o
    0x0002905e   0x0002905e   0x00000016   Code   RO         3570    i.nrf_atfifo_item_free  nrf_atfifo.o
    0x00029074   0x00029074   0x00000016   Code   RO         3571    i.nrf_atfifo_item_get  nrf_atfifo.o
    0x0002908a   0x0002908a   0x00000016   Code   RO         3572    i.nrf_atfifo_item_put  nrf_atfifo.o
    0x000290a0   0x000290a0   0x00000016   Code   RO         3634    i.nrf_atflags_clear  nrf_atflags.o
    0x000290b6   0x000290b6   0x00000016   Code   RO         3639    i.nrf_atflags_get   nrf_atflags.o
    0x000290cc   0x000290cc   0x00000014   Code   RO         3641    i.nrf_atflags_set   nrf_atflags.o
    0x000290e0   0x000290e0   0x00000006   Code   RO         3702    i.nrf_atomic_flag_clear_fetch  nrf_atomic.o
    0x000290e6   0x000290e6   0x00000006   Code   RO         3703    i.nrf_atomic_flag_set  nrf_atomic.o
    0x000290ec   0x000290ec   0x0000000c   Code   RO         3705    i.nrf_atomic_u32_add  nrf_atomic.o
    0x000290f8   0x000290f8   0x0000000c   Code   RO         3706    i.nrf_atomic_u32_and  nrf_atomic.o
    0x00029104   0x00029104   0x0000000a   Code   RO         3709    i.nrf_atomic_u32_fetch_and  nrf_atomic.o
    0x0002910e   0x0002910e   0x0000000a   Code   RO         3711    i.nrf_atomic_u32_fetch_store  nrf_atomic.o
    0x00029118   0x00029118   0x0000000c   Code   RO         3715    i.nrf_atomic_u32_or  nrf_atomic.o
    0x00029124   0x00029124   0x0000000c   Code   RO         3717    i.nrf_atomic_u32_sub  nrf_atomic.o
    0x00029130   0x00029130   0x00000044   Code   RO         3836    i.nrf_balloc_alloc  nrf_balloc.o
    0x00029174   0x00029174   0x00000030   Code   RO         3837    i.nrf_balloc_free   nrf_balloc.o
    0x000291a4   0x000291a4   0x00000030   Code   RO         3838    i.nrf_balloc_init   nrf_balloc.o
    0x000291d4   0x000291d4   0x00000010   Code   RO         2034    i.nrf_bitmask_bit_is_set  nrfx_gpiote.o
    0x000291e4   0x000291e4   0x00000018   Code   RO         1288    i.nrf_ble_gatt_att_mtu_periph_set  nrf_ble_gatt.o
    0x000291fc   0x000291fc   0x00000022   Code   RO         1292    i.nrf_ble_gatt_init  nrf_ble_gatt.o
    0x0002921e   0x0002921e   0x00000002   PAD
    0x00029220   0x00029220   0x00000150   Code   RO         1293    i.nrf_ble_gatt_on_ble_evt  nrf_ble_gatt.o
    0x00029370   0x00029370   0x00000016   Code   RO         1387    i.nrf_ble_qwr_conn_handle_assign  nrf_ble_qwr.o
    0x00029386   0x00029386   0x00000024   Code   RO         1388    i.nrf_ble_qwr_init  nrf_ble_qwr.o
    0x000293aa   0x000293aa   0x000000b6   Code   RO         1389    i.nrf_ble_qwr_on_ble_evt  nrf_ble_qwr.o
    0x00029460   0x00029460   0x0000000e   Code   RO         1892    i.nrf_clock_event_check  nrfx_clock.o
    0x0002946e   0x0002946e   0x00000010   Code   RO         1893    i.nrf_clock_event_clear  nrfx_clock.o
    0x0002947e   0x0002947e   0x00000002   PAD
    0x00029480   0x00029480   0x00000040   Code   RO         1554    i.nrf_drv_clock_init  nrf_drv_clock.o
    0x000294c0   0x000294c0   0x00000034   Code   RO         1558    i.nrf_drv_clock_lfclk_release  nrf_drv_clock.o
    0x000294f4   0x000294f4   0x00000068   Code   RO         1700    i.nrf_drv_uart_init  nrf_drv_uart.o
    0x0002955c   0x0002955c   0x00000020   Code   RO         3210    i.nrf_drv_uart_rx   app_uart_fifo.o
    0x0002957c   0x0002957c   0x00000020   Code   RO         3211    i.nrf_drv_uart_tx   app_uart_fifo.o
    0x0002959c   0x0002959c   0x0000001a   Code   RO         3873    i.nrf_fprintf       nrf_fprintf.o
    0x000295b6   0x000295b6   0x00000018   Code   RO         3874    i.nrf_fprintf_buffer_flush  nrf_fprintf.o
    0x000295ce   0x000295ce   0x000001da   Code   RO         3914    i.nrf_fprintf_fmt   nrf_fprintf_format.o
    0x000297a8   0x000297a8   0x00000024   Code   RO         2390    i.nrf_gpio_cfg      nrfx_uart.o
    0x000297cc   0x000297cc   0x00000024   Code   RO         2579    i.nrf_gpio_cfg      nrfx_uarte.o
    0x000297f0   0x000297f0   0x00000012   Code   RO         2392    i.nrf_gpio_cfg_input  nrfx_uart.o
    0x00029802   0x00029802   0x00000012   Code   RO         2581    i.nrf_gpio_cfg_input  nrfx_uarte.o
    0x00029814   0x00029814   0x00000014   Code   RO         2393    i.nrf_gpio_cfg_output  nrfx_uart.o
    0x00029828   0x00029828   0x00000014   Code   RO         2582    i.nrf_gpio_cfg_output  nrfx_uarte.o
    0x0002983c   0x0002983c   0x00000022   Code   RO         2037    i.nrf_gpio_cfg_sense_set  nrfx_gpiote.o
    0x0002985e   0x0002985e   0x00000002   PAD
    0x00029860   0x00029860   0x0000002c   Code   RO         2038    i.nrf_gpio_latches_read_and_clear  nrfx_gpiote.o
    0x0002988c   0x0002988c   0x00000016   Code   RO          430    i.nrf_gpio_pin_write  boards.o
    0x000298a2   0x000298a2   0x00000002   PAD
    0x000298a4   0x000298a4   0x00000014   Code   RO         2040    i.nrf_gpiote_event_clear  nrfx_gpiote.o
    0x000298b8   0x000298b8   0x00000010   Code   RO         2041    i.nrf_gpiote_event_is_set  nrfx_gpiote.o
    0x000298c8   0x000298c8   0x0000005c   Code   RO         4473    i.nrf_log_backend_add  nrf_log_frontend.o
    0x00029924   0x00029924   0x00000002   Code   RO         4328    i.nrf_log_backend_rtt_flush  nrf_log_backend_rtt.o
    0x00029926   0x00029926   0x00000004   Code   RO         4329    i.nrf_log_backend_rtt_init  nrf_log_backend_rtt.o
    0x0002992a   0x0002992a   0x00000002   Code   RO         4330    i.nrf_log_backend_rtt_panic_set  nrf_log_backend_rtt.o
    0x0002992c   0x0002992c   0x00000018   Code   RO         4331    i.nrf_log_backend_rtt_put  nrf_log_backend_rtt.o
    0x00029944   0x00029944   0x000000c8   Code   RO         4397    i.nrf_log_backend_serial_put  nrf_log_backend_serial.o
    0x00029a0c   0x00029a0c   0x00000030   Code   RO         4475    i.nrf_log_color_id_get  nrf_log_frontend.o
    0x00029a3c   0x00029a3c   0x0000001c   Code   RO         4431    i.nrf_log_default_backends_init  nrf_log_default_backends.o
    0x00029a58   0x00029a58   0x00000238   Code   RO         4476    i.nrf_log_frontend_dequeue  nrf_log_frontend.o
    0x00029c90   0x00029c90   0x00000008   Code   RO         4478    i.nrf_log_frontend_std_0  nrf_log_frontend.o
    0x00029c98   0x00029c98   0x0000000e   Code   RO         4479    i.nrf_log_frontend_std_1  nrf_log_frontend.o
    0x00029ca6   0x00029ca6   0x00000010   Code   RO         4480    i.nrf_log_frontend_std_2  nrf_log_frontend.o
    0x00029cb6   0x00029cb6   0x00000002   PAD
    0x00029cb8   0x00029cb8   0x000000b0   Code   RO         4654    i.nrf_log_hexdump_entry_process  nrf_log_str_formatter.o
    0x00029d68   0x00029d68   0x00000028   Code   RO         4485    i.nrf_log_init      nrf_log_frontend.o
    0x00029d90   0x00029d90   0x00000014   Code   RO         4486    i.nrf_log_module_cnt_get  nrf_log_frontend.o
    0x00029da4   0x00029da4   0x0000001c   Code   RO         4489    i.nrf_log_module_name_get  nrf_log_frontend.o
    0x00029dc0   0x00029dc0   0x00000028   Code   RO         4490    i.nrf_log_panic     nrf_log_frontend.o
    0x00029de8   0x00029de8   0x000000b6   Code   RO         4655    i.nrf_log_std_entry_process  nrf_log_str_formatter.o
    0x00029e9e   0x00029e9e   0x00000060   Code   RO         3953    i.nrf_memobj_alloc  nrf_memobj.o
    0x00029efe   0x00029efe   0x00000032   Code   RO         3954    i.nrf_memobj_free   nrf_memobj.o
    0x00029f30   0x00029f30   0x00000008   Code   RO         3955    i.nrf_memobj_get    nrf_memobj.o
    0x00029f38   0x00029f38   0x00000004   Code   RO         3956    i.nrf_memobj_pool_init  nrf_memobj.o
    0x00029f3c   0x00029f3c   0x0000001e   Code   RO         3957    i.nrf_memobj_put    nrf_memobj.o
    0x00029f5a   0x00029f5a   0x00000010   Code   RO         3958    i.nrf_memobj_read   nrf_memobj.o
    0x00029f6a   0x00029f6a   0x00000010   Code   RO         3959    i.nrf_memobj_write  nrf_memobj.o
    0x00029f7a   0x00029f7a   0x00000002   PAD
    0x00029f7c   0x00029f7c   0x00000028   Code   RO         4031    i.nrf_pwr_mgmt_init  nrf_pwr_mgmt.o
    0x00029fa4   0x00029fa4   0x00000044   Code   RO         4032    i.nrf_pwr_mgmt_run  nrf_pwr_mgmt.o
    0x00029fe8   0x00029fe8   0x00000004   Code   RO           11    i.nrf_qwr_error_handler  main.o
    0x00029fec   0x00029fec   0x0000001c   Code   RO         4108    i.nrf_ringbuf_init  nrf_ringbuf.o
    0x0002a008   0x0002a008   0x0000000c   Code   RO         3371    i.nrf_rtc_event_clear  drv_rtc.o
    0x0002a014   0x0002a014   0x00000014   Code   RO         5085    i.nrf_sdh_ble_app_ram_start_get  nrf_sdh_ble.o
    0x0002a028   0x0002a028   0x00000130   Code   RO         5086    i.nrf_sdh_ble_default_cfg_set  nrf_sdh_ble.o
    0x0002a158   0x0002a158   0x00000130   Code   RO         5087    i.nrf_sdh_ble_enable  nrf_sdh_ble.o
    0x0002a288   0x0002a288   0x00000060   Code   RO         5088    i.nrf_sdh_ble_evts_poll  nrf_sdh_ble.o
    0x0002a2e8   0x0002a2e8   0x00000074   Code   RO         4967    i.nrf_sdh_enable_request  nrf_sdh.o
    0x0002a35c   0x0002a35c   0x00000024   Code   RO         4968    i.nrf_sdh_evts_poll  nrf_sdh.o
    0x0002a380   0x0002a380   0x0000000c   Code   RO         4969    i.nrf_sdh_is_enabled  nrf_sdh.o
    0x0002a38c   0x0002a38c   0x0000003c   Code   RO         5139    i.nrf_sdh_soc_evts_poll  nrf_sdh_soc.o
    0x0002a3c8   0x0002a3c8   0x0000000a   Code   RO         4166    i.nrf_section_iter_init  nrf_section_iter.o
    0x0002a3d2   0x0002a3d2   0x00000024   Code   RO         4167    i.nrf_section_iter_item_set  nrf_section_iter.o
    0x0002a3f6   0x0002a3f6   0x00000020   Code   RO         4168    i.nrf_section_iter_next  nrf_section_iter.o
    0x0002a416   0x0002a416   0x00000022   Code   RO         4201    i.nrf_sortlist_add  nrf_sortlist.o
    0x0002a438   0x0002a438   0x00000006   Code   RO         4203    i.nrf_sortlist_peek  nrf_sortlist.o
    0x0002a43e   0x0002a43e   0x0000000e   Code   RO         4204    i.nrf_sortlist_pop  nrf_sortlist.o
    0x0002a44c   0x0002a44c   0x0000001e   Code   RO         4205    i.nrf_sortlist_remove  nrf_sortlist.o
    0x0002a46a   0x0002a46a   0x00000002   PAD
    0x0002a46c   0x0002a46c   0x00000038   Code   RO         4257    i.nrf_strerror_find  nrf_strerror.o
    0x0002a4a4   0x0002a4a4   0x00000014   Code   RO         4258    i.nrf_strerror_get  nrf_strerror.o
    0x0002a4b8   0x0002a4b8   0x0000000a   Code   RO         2394    i.nrf_uart_event_check  nrfx_uart.o
    0x0002a4c2   0x0002a4c2   0x0000000c   Code   RO         2395    i.nrf_uart_event_clear  nrfx_uart.o
    0x0002a4ce   0x0002a4ce   0x0000000c   Code   RO         2396    i.nrf_uart_int_enable_check  nrfx_uart.o
    0x0002a4da   0x0002a4da   0x0000000a   Code   RO         2583    i.nrf_uarte_event_check  nrfx_uarte.o
    0x0002a4e4   0x0002a4e4   0x0000000c   Code   RO         2584    i.nrf_uarte_event_clear  nrfx_uarte.o
    0x0002a4f0   0x0002a4f0   0x00000010   Code   RO         1561    i.nrf_wdt_started   nrf_drv_clock.o
    0x0002a500   0x0002a500   0x0000002c   Code   RO         1898    i.nrfx_clock_enable  nrfx_clock.o
    0x0002a52c   0x0002a52c   0x00000020   Code   RO         1901    i.nrfx_clock_init   nrfx_clock.o
    0x0002a54c   0x0002a54c   0x00000030   Code   RO         1904    i.nrfx_clock_lfclk_stop  nrfx_clock.o
    0x0002a57c   0x0002a57c   0x00000010   Code   RO         3372    i.nrfx_coredep_delay_us  drv_rtc.o
    0x0002a58c   0x0002a58c   0x00000010   Code   RO         2585    i.nrfx_is_in_ram    nrfx_uarte.o
    0x0002a59c   0x0002a59c   0x0000003a   Code   RO         2336    i.nrfx_prs_acquire  nrfx_prs.o
    0x0002a5d6   0x0002a5d6   0x00000002   PAD
    0x0002a5d8   0x0002a5d8   0x00000010   Code   RO         2397    i.nrfx_uart_0_irq_handler  nrfx_uart.o
    0x0002a5e8   0x0002a5e8   0x000000d4   Code   RO         2399    i.nrfx_uart_init    nrfx_uart.o
    0x0002a6bc   0x0002a6bc   0x000000ec   Code   RO         2400    i.nrfx_uart_rx      nrfx_uart.o
    0x0002a7a8   0x0002a7a8   0x000000a8   Code   RO         2405    i.nrfx_uart_tx      nrfx_uart.o
    0x0002a850   0x0002a850   0x00000020   Code   RO         2407    i.nrfx_uart_tx_in_progress  nrfx_uart.o
    0x0002a870   0x0002a870   0x00000010   Code   RO         2586    i.nrfx_uarte_0_irq_handler  nrfx_uarte.o
    0x0002a880   0x0002a880   0x0000006c   Code   RO         2588    i.nrfx_uarte_init   nrfx_uarte.o
    0x0002a8ec   0x0002a8ec   0x00000104   Code   RO         2589    i.nrfx_uarte_rx     nrfx_uarte.o
    0x0002a9f0   0x0002a9f0   0x000000ac   Code   RO         2592    i.nrfx_uarte_tx     nrfx_uarte.o
    0x0002aa9c   0x0002aa9c   0x0000001c   Code   RO         2594    i.nrfx_uarte_tx_in_progress  nrfx_uarte.o
    0x0002aab8   0x0002aab8   0x00000098   Code   RO           12    i.nus_data_handler  main.o
    0x0002ab50   0x0002ab50   0x00000018   Code   RO         5183    i.nvmc_config       system_nrf52.o
    0x0002ab68   0x0002ab68   0x00000024   Code   RO           13    i.on_adv_evt        main.o
    0x0002ab8c   0x0002ab8c   0x00000002   Code   RO           14    i.on_bas_evt        main.o
    0x0002ab8e   0x0002ab8e   0x00000002   PAD
    0x0002ab90   0x0002ab90   0x0000001c   Code   RO           15    i.on_conn_params_evt  main.o
    0x0002abac   0x0002abac   0x0000006a   Code   RO         1431    i.on_connect        ble_nus.o
    0x0002ac16   0x0002ac16   0x00000002   PAD
    0x0002ac18   0x0002ac18   0x000000a8   Code   RO         1294    i.on_connected_evt  nrf_ble_gatt.o
    0x0002acc0   0x0002acc0   0x000000ac   Code   RO         1295    i.on_exchange_mtu_request_evt  nrf_ble_gatt.o
    0x0002ad6c   0x0002ad6c   0x00000084   Code   RO         1432    i.on_write          ble_nus.o
    0x0002adf0   0x0002adf0   0x00000012   Code   RO          868    i.phy_is_valid      ble_advertising.o
    0x0002ae02   0x0002ae02   0x00000002   PAD
    0x0002ae04   0x0002ae04   0x000000b4   Code   RO         2074    i.port_event_handle  nrfx_gpiote.o
    0x0002aeb8   0x0002aeb8   0x00000010   Code   RO         2075    i.port_handler_polarity_get  nrfx_gpiote.o
    0x0002aec8   0x0002aec8   0x0000003c   Code   RO         4657    i.postfix_process   nrf_log_str_formatter.o
    0x0002af04   0x0002af04   0x00000098   Code   RO         4658    i.prefix_process    nrf_log_str_formatter.o
    0x0002af9c   0x0002af9c   0x00000018   Code   RO         2338    i.prs_box_get       nrfx_prs.o
    0x0002afb4   0x0002afb4   0x0000005c   Code   RO         3074    i.rtc_irq           app_timer2.o
    0x0002b010   0x0002b010   0x00000064   Code   RO         3075    i.rtc_schedule      app_timer2.o
    0x0002b074   0x0002b074   0x00000074   Code   RO         3076    i.rtc_update        app_timer2.o
    0x0002b0e8   0x0002b0e8   0x00000032   Code   RO         2409    i.rx_byte           nrfx_uart.o
    0x0002b11a   0x0002b11a   0x00000016   Code   RO         2410    i.rx_done_event     nrfx_uart.o
    0x0002b130   0x0002b130   0x00000016   Code   RO         2596    i.rx_done_event     nrfx_uarte.o
    0x0002b146   0x0002b146   0x00000020   Code   RO         2411    i.rx_enable         nrfx_uart.o
    0x0002b166   0x0002b166   0x00000002   PAD
    0x0002b168   0x0002b168   0x00000058   Code   RO         1562    i.sd_state_evt_handler  nrf_drv_clock.o
    0x0002b1c0   0x0002b1c0   0x00000030   Code   RO         4974    i.sdh_request_observer_notify  nrf_sdh.o
    0x0002b1f0   0x0002b1f0   0x0000002c   Code   RO         4975    i.sdh_state_observer_notify  nrf_sdh.o
    0x0002b21c   0x0002b21c   0x00000010   Code   RO          962    i.send_error_evt    ble_conn_params.o
    0x0002b22c   0x0002b22c   0x00000050   Code   RO         4332    i.serial_tx         nrf_log_backend_rtt.o
    0x0002b27c   0x0002b27c   0x00000088   Code   RO          761    i.service_data_encode  ble_advdata.o
    0x0002b304   0x0002b304   0x00000078   Code   RO           16    i.services_init     main.o
    0x0002b37c   0x0002b37c   0x00000030   Code   RO         1229    i.set_security_req  ble_srv_common.o
    0x0002b3ac   0x0002b3ac   0x00000028   Code   RO           17    i.sleep_mode_enter  main.o
    0x0002b3d4   0x0002b3d4   0x00000018   Code   RO         1563    i.soc_evt_handler   nrf_drv_clock.o
    0x0002b3ec   0x0002b3ec   0x00000058   Code   RO         4977    i.softdevices_evt_irq_enable  nrf_sdh.o
    0x0002b444   0x0002b444   0x0000000c   Code   RO         3077    i.sortlist_pop      app_timer2.o
    0x0002b450   0x0002b450   0x00000094   Code   RO         4492    i.std_n             nrf_log_frontend.o
    0x0002b4e4   0x0002b4e4   0x00000058   Code   RO         3078    i.timer_expire      app_timer2.o
    0x0002b53c   0x0002b53c   0x00000078   Code   RO         3079    i.timer_req_process  app_timer2.o
    0x0002b5b4   0x0002b5b4   0x00000038   Code   RO         3080    i.timer_req_schedule  app_timer2.o
    0x0002b5ec   0x0002b5ec   0x00000020   Code   RO         2412    i.tx_byte           nrfx_uart.o
    0x0002b60c   0x0002b60c   0x0000001a   Code   RO         2413    i.tx_done_event     nrfx_uart.o
    0x0002b626   0x0002b626   0x0000001a   Code   RO         2597    i.tx_done_event     nrfx_uarte.o
    0x0002b640   0x0002b640   0x00000078   Code   RO           18    i.uart_event_handle  main.o
    0x0002b6b8   0x0002b6b8   0x000000a4   Code   RO         3212    i.uart_event_handler  app_uart_fifo.o
    0x0002b75c   0x0002b75c   0x00000030   Code   RO         1701    i.uart_evt_handler  nrf_drv_uart.o
    0x0002b78c   0x0002b78c   0x0000012a   Code   RO         2414    i.uart_irq_handler  nrfx_uart.o
    0x0002b8b6   0x0002b8b6   0x00000002   PAD
    0x0002b8b8   0x0002b8b8   0x00000030   Code   RO         1702    i.uarte_evt_handler  nrf_drv_uart.o
    0x0002b8e8   0x0002b8e8   0x00000112   Code   RO         2598    i.uarte_irq_handler  nrfx_uarte.o
    0x0002b9fa   0x0002b9fa   0x0000000a   Code   RO          762    i.uint16_encode     ble_advdata.o
    0x0002ba04   0x0002ba04   0x000000b4   Code   RO         3915    i.unsigned_print    nrf_fprintf_format.o
    0x0002bab8   0x0002bab8   0x00000068   Code   RO          963    i.update_timeout_handler  ble_conn_params.o
    0x0002bb20   0x0002bb20   0x00000018   Code   RO          869    i.use_whitelist     ble_advertising.o
    0x0002bb38   0x0002bb38   0x00000024   Code   RO         1390    i.user_mem_reply    nrf_ble_qwr.o
    0x0002bb5c   0x0002bb5c   0x00000030   Code   RO          763    i.uuid_list_encode  ble_advdata.o
    0x0002bb8c   0x0002bb8c   0x0000009e   Code   RO          764    i.uuid_list_sized_encode  ble_advdata.o
    0x0002bc2a   0x0002bc2a   0x0000003a   Code   RO          544    i.wakeup_button_cfg  bsp.o
    0x0002bc64   0x0002bc64   0x00000018   Data   RO           20    .constdata          main.o
    0x0002bc7c   0x0002bc7c   0x00000008   Data   RO          431    .constdata          boards.o
    0x0002bc84   0x0002bc84   0x0000002c   Data   RO          549    .constdata          bsp.o
    0x0002bcb0   0x0002bcb0   0x00000016   Data   RO         1296    .constdata          nrf_ble_gatt.o
    0x0002bcc6   0x0002bcc6   0x00000002   PAD
    0x0002bcc8   0x0002bcc8   0x00000010   Data   RO         1433    .constdata          ble_nus.o
    0x0002bcd8   0x0002bcd8   0x00000004   Data   RO         2077    .constdata          nrfx_gpiote.o
    0x0002bcdc   0x0002bcdc   0x00000004   Data   RO         2417    .constdata          nrfx_uart.o
    0x0002bce0   0x0002bce0   0x00000004   Data   RO         2601    .constdata          nrfx_uarte.o
    0x0002bce4   0x0002bce4   0x00000014   Data   RO         3083    .constdata          app_timer2.o
    0x0002bcf8   0x0002bcf8   0x00000020   Data   RO         3214    .constdata          app_uart_fifo.o
    0x0002bd18   0x0002bd18   0x00000008   PAD
    0x0002bd20   0x0002bd20   0x00000006   Data   RO         3373    .constdata          drv_rtc.o
    0x0002bd26   0x0002bd26   0x00000010   Data   RO         3916    .constdata          nrf_fprintf_format.o
    0x0002bd36   0x0002bd36   0x00000002   PAD
    0x0002bd38   0x0002bd38   0x00000018   Data   RO         4036    .constdata          nrf_pwr_mgmt.o
    0x0002bd50   0x0002bd50   0x0000000c   Data   RO         4037    .constdata          nrf_pwr_mgmt.o
    0x0002bd5c   0x0002bd5c   0x0000013c   Data   RO         4259    .constdata          nrf_strerror.o
    0x0002be98   0x0002be98   0x0000000c   Data   RO         4334    .constdata          nrf_log_backend_rtt.o
    0x0002bea4   0x0002bea4   0x0000000c   PAD
    0x0002beb0   0x0002beb0   0x00000006   Data   RO         4335    .constdata          nrf_log_backend_rtt.o
    0x0002beb6   0x0002beb6   0x00000002   PAD
    0x0002beb8   0x0002beb8   0x0000000c   Data   RO         4497    .constdata          nrf_log_frontend.o
    0x0002bec4   0x0002bec4   0x00000010   Data   RO         4978    .constdata          nrf_sdh.o
    0x0002bed4   0x0002bed4   0x00000028   Data   RO         4979    .constdata          nrf_sdh.o
    0x0002befc   0x0002befc   0x00000010   Data   RO         4980    .constdata          nrf_sdh.o
    0x0002bf0c   0x0002bf0c   0x00000010   Data   RO         4981    .constdata          nrf_sdh.o
    0x0002bf1c   0x0002bf1c   0x00000020   Data   RO         5089    .constdata          nrf_sdh_ble.o
    0x0002bf3c   0x0002bf3c   0x00000010   Data   RO         5090    .constdata          nrf_sdh_ble.o
    0x0002bf4c   0x0002bf4c   0x00000010   Data   RO         5140    .constdata          nrf_sdh_soc.o
    0x0002bf5c   0x0002bf5c   0x0000000c   Data   RO         5141    .constdata          nrf_sdh_soc.o
    0x0002bf68   0x0002bf68   0x00000081   Data   RO         5238    .constdata          mc_w.l(ctype_o.o)
    0x0002bfe9   0x0002bfe9   0x00000003   PAD
    0x0002bfec   0x0002bfec   0x00000004   Data   RO         5239    .constdata          mc_w.l(ctype_o.o)
    0x0002bff0   0x0002bff0   0x000000a2   Data   RO         1297    .conststring        nrf_ble_gatt.o
    0x0002c092   0x0002c092   0x00000002   PAD
    0x0002c094   0x0002c094   0x000003eb   Data   RO         4260    .conststring        nrf_strerror.o
    0x0002c47f   0x0002c47f   0x00000001   PAD
    0x0002c480   0x0002c480   0x00000066   Data   RO         4659    .conststring        nrf_log_str_formatter.o
    0x0002c4e6   0x0002c4e6   0x00000002   PAD
    0x0002c4e8   0x0002c4e8   0x000001cf   Data   RO         5091    .conststring        nrf_sdh_ble.o
    0x0002c6b7   0x0002c6b7   0x00000001   PAD
    0x0002c6b8   0x0002c6b8   0x0000000d   Data   RO         1298    .conststrlit        nrf_ble_gatt.o
    0x0002c6c5   0x0002c6c5   0x00000003   PAD
    0x0002c6c8   0x0002c6c8   0x00000008   Data   RO         1434    .conststrlit        ble_nus.o
    0x0002c6d0   0x0002c6d0   0x00000008   Data   RO         1492    .conststrlit        ble_bas.o
    0x0002c6d8   0x0002c6d8   0x00000006   Data   RO         1569    .conststrlit        nrf_drv_clock.o
    0x0002c6de   0x0002c6de   0x00000002   PAD
    0x0002c6e0   0x0002c6e0   0x00000006   Data   RO         1908    .conststrlit        nrfx_clock.o
    0x0002c6e6   0x0002c6e6   0x00000002   PAD
    0x0002c6e8   0x0002c6e8   0x00000007   Data   RO         2081    .conststrlit        nrfx_gpiote.o
    0x0002c6ef   0x0002c6ef   0x00000001   PAD
    0x0002c6f0   0x0002c6f0   0x00000004   Data   RO         2340    .conststrlit        nrfx_prs.o
    0x0002c6f4   0x0002c6f4   0x00000005   Data   RO         2420    .conststrlit        nrfx_uart.o
    0x0002c6f9   0x0002c6f9   0x00000003   PAD
    0x0002c6fc   0x0002c6fc   0x00000006   Data   RO         2604    .conststrlit        nrfx_uarte.o
    0x0002c702   0x0002c702   0x00000002   PAD
    0x0002c704   0x0002c704   0x0000000b   Data   RO         2751    .conststrlit        app_button.o
    0x0002c70f   0x0002c70f   0x00000001   PAD
    0x0002c710   0x0002c710   0x0000000a   Data   RO         3084    .conststrlit        app_timer2.o
    0x0002c71a   0x0002c71a   0x00000002   PAD
    0x0002c71c   0x0002c71c   0x00000009   Data   RO         4038    .conststrlit        nrf_pwr_mgmt.o
    0x0002c725   0x0002c725   0x00000003   PAD
    0x0002c728   0x0002c728   0x00000009   Data   RO         4206    .conststrlit        nrf_sortlist.o
    0x0002c731   0x0002c731   0x00000003   PAD
    0x0002c734   0x0002c734   0x00000010   Data   RO         4432    .conststrlit        nrf_log_default_backends.o
    0x0002c744   0x0002c744   0x00000004   Data   RO         4498    .conststrlit        nrf_log_frontend.o
    0x0002c748   0x0002c748   0x00000008   Data   RO         4982    .conststrlit        nrf_sdh.o
    0x0002c750   0x0002c750   0x0000000c   Data   RO         5092    .conststrlit        nrf_sdh_ble.o
    0x0002c75c   0x0002c75c   0x0000000c   Data   RO         5142    .conststrlit        nrf_sdh_soc.o
    0x0002c768   0x0002c768   0x00000020   Data   RO         5572    Region$$Table       anon$$obj.o
    0x0002c788   0x0002c788   0x00000010   Data   RO         4434    log_backends        nrf_log_default_backends.o
    0x0002c798   0x0002c798   0x00000008   Data   RO         1299    log_const_data      nrf_ble_gatt.o
    0x0002c7a0   0x0002c7a0   0x00000008   Data   RO         1435    log_const_data      ble_nus.o
    0x0002c7a8   0x0002c7a8   0x00000008   Data   RO         1493    log_const_data      ble_bas.o
    0x0002c7b0   0x0002c7b0   0x00000008   Data   RO         1570    log_const_data      nrf_drv_clock.o
    0x0002c7b8   0x0002c7b8   0x00000008   Data   RO         1910    log_const_data      nrfx_clock.o
    0x0002c7c0   0x0002c7c0   0x00000008   Data   RO         2082    log_const_data      nrfx_gpiote.o
    0x0002c7c8   0x0002c7c8   0x00000008   Data   RO         2342    log_const_data      nrfx_prs.o
    0x0002c7d0   0x0002c7d0   0x00000008   Data   RO         2421    log_const_data      nrfx_uart.o
    0x0002c7d8   0x0002c7d8   0x00000008   Data   RO         2605    log_const_data      nrfx_uarte.o
    0x0002c7e0   0x0002c7e0   0x00000008   Data   RO         2753    log_const_data      app_button.o
    0x0002c7e8   0x0002c7e8   0x00000008   Data   RO         3087    log_const_data      app_timer2.o
    0x0002c7f0   0x0002c7f0   0x00000008   Data   RO         4040    log_const_data      nrf_pwr_mgmt.o
    0x0002c7f8   0x0002c7f8   0x00000008   Data   RO         4207    log_const_data      nrf_sortlist.o
    0x0002c800   0x0002c800   0x00000008   Data   RO         4502    log_const_data      nrf_log_frontend.o
    0x0002c808   0x0002c808   0x00000008   Data   RO         4984    log_const_data      nrf_sdh.o
    0x0002c810   0x0002c810   0x00000008   Data   RO         5094    log_const_data      nrf_sdh_ble.o
    0x0002c818   0x0002c818   0x00000008   Data   RO         5143    log_const_data      nrf_sdh_soc.o
    0x0002c820   0x0002c820   0x00000014   Data   RO         4503    nrf_balloc          nrf_log_frontend.o
    0x0002c834   0x0002c834   0x00000008   Data   RO         1052    sdh_ble_observers0  ble_conn_state.o
    0x0002c83c   0x0002c83c   0x00000010   Data   RO           24    sdh_ble_observers1  main.o
    0x0002c84c   0x0002c84c   0x00000008   Data   RO          652    sdh_ble_observers1  bsp_btn_ble.o
    0x0002c854   0x0002c854   0x00000008   Data   RO          966    sdh_ble_observers1  ble_conn_params.o
    0x0002c85c   0x0002c85c   0x00000018   Data   RO           25    sdh_ble_observers2  main.o
    0x0002c874   0x0002c874   0x00000008   Data   RO           26    sdh_ble_observers3  main.o
    0x0002c87c   0x0002c87c   0x00000008   Data   RO         1571    sdh_soc_observers0  nrf_drv_clock.o
    0x0002c884   0x0002c884   0x00000008   Data   RO         5095    sdh_stack_observers0  nrf_sdh_ble.o
    0x0002c88c   0x0002c88c   0x00000008   Data   RO         5144    sdh_stack_observers0  nrf_sdh_soc.o
    0x0002c894   0x0002c894   0x00000008   Data   RO         1572    sdh_state_observers0  nrf_drv_clock.o


    Execution Region RW_IRAM1 (Exec base: 0x20002ad8, Load base: 0x0002c89c, Size: 0x00003370, Max: 0x0000d528, ABSOLUTE, COMPRESSED[0x0000005c])

    Exec Addr    Load Addr    Size         Type   Attr      Idx    E Section Name        Object

    0x20002ad8   COMPRESSED   0x00000008   Data   RW           21    .data               main.o
    0x20002ae0   COMPRESSED   0x00000028   Data   RW           22    .data               main.o
    0x20002b08   COMPRESSED   0x00000004   Data   RW           23    .data               main.o
    0x20002b0c   COMPRESSED   0x00000010   Data   RW          550    .data               bsp.o
    0x20002b1c   COMPRESSED   0x00000008   Data   RW          651    .data               bsp_btn_ble.o
    0x20002b24   COMPRESSED   0x00000008   Data   RW          965    .data               ble_conn_params.o
    0x20002b2c   COMPRESSED   0x0000000c   Data   RW         1703    .data               nrf_drv_uart.o
    0x20002b38   COMPRESSED   0x00000008   Data   RW         1909    .data               nrfx_clock.o
    0x20002b40   COMPRESSED   0x00000008   Data   RW         2341    .data               nrfx_prs.o
    0x20002b48   COMPRESSED   0x00000020   Data   RW         3085    .data               app_timer2.o
    0x20002b68   COMPRESSED   0x00000004   Data   RW         3086    .data               app_timer2.o
    0x20002b6c   COMPRESSED   0x0000001c   Data   RW         3215    .data               app_uart_fifo.o
    0x20002b88   COMPRESSED   0x0000000c   Data   RW         3374    .data               drv_rtc.o
    0x20002b94   COMPRESSED   0x00000008   Data   RW         4039    .data               nrf_pwr_mgmt.o
    0x20002b9c   COMPRESSED   0x00000004   Data   RW         4292    .data               retarget.o
    0x20002ba0   COMPRESSED   0x00000001   Data   RW         4336    .data               nrf_log_backend_rtt.o
    0x20002ba1   COMPRESSED   0x00000003   PAD
    0x20002ba4   COMPRESSED   0x00000008   Data   RW         4433    .data               nrf_log_default_backends.o
    0x20002bac   COMPRESSED   0x00000004   Data   RW         4499    .data               nrf_log_frontend.o
    0x20002bb0   COMPRESSED   0x00000008   Data   RW         4500    .data               nrf_log_frontend.o
    0x20002bb8   COMPRESSED   0x00000008   Data   RW         4501    .data               nrf_log_frontend.o
    0x20002bc0   COMPRESSED   0x00000040   Data   RW         4660    .data               nrf_log_str_formatter.o
    0x20002c00   COMPRESSED   0x00000003   Data   RW         4983    .data               nrf_sdh.o
    0x20002c03   COMPRESSED   0x00000001   Data   RW         5093    .data               nrf_sdh_ble.o
    0x20002c04   COMPRESSED   0x00000004   Data   RW         5185    .data               system_nrf52.o
    0x20002c08        -       0x0000075c   Zero   RW           19    .bss                main.o
    0x20003364   COMPRESSED   0x00000004   PAD
    0x20003368        -       0x00000020   Zero   RW          545    .bss                bsp.o
    0x20003388        -       0x00000020   Zero   RW          546    .bss                bsp.o
    0x200033a8        -       0x0000000c   Zero   RW          547    .bss                bsp.o
    0x200033b4   COMPRESSED   0x00000004   PAD
    0x200033b8        -       0x00000020   Zero   RW          548    .bss                bsp.o
    0x200033d8        -       0x00000050   Zero   RW          964    .bss                ble_conn_params.o
    0x20003428        -       0x0000007c   Zero   RW         1051    .bss                ble_conn_state.o
    0x200034a4        -       0x00000014   Zero   RW         1564    .bss                nrf_drv_clock.o
    0x200034b8        -       0x0000005c   Zero   RW         2076    .bss                nrfx_gpiote.o
    0x20003514        -       0x0000002c   Zero   RW         2415    .bss                nrfx_uart.o
    0x20003540        -       0x00000024   Zero   RW         2599    .bss                nrfx_uarte.o
    0x20003564        -       0x00000010   Zero   RW         3081    .bss                app_timer2.o
    0x20003574        -       0x00000058   Zero   RW         3082    .bss                app_timer2.o
    0x200035cc        -       0x00000020   Zero   RW         3213    .bss                app_uart_fifo.o
    0x200035ec        -       0x0000000c   Zero   RW         3288    .bss                app_util_platform.o
    0x200035f8        -       0x0000000c   Zero   RW         4035    .bss                nrf_pwr_mgmt.o
    0x20003604        -       0x00000040   Zero   RW         4333    .bss                nrf_log_backend_rtt.o
    0x20003644        -       0x000000c0   Zero   RW         4493    .bss                nrf_log_frontend.o
    0x20003704        -       0x00000080   Zero   RW         4494    .bss                nrf_log_frontend.o
    0x20003784        -       0x00000018   Zero   RW         4495    .bss                nrf_log_frontend.o
    0x2000379c        -       0x00000420   Zero   RW         4496    .bss                nrf_log_frontend.o
    0x20003bbc        -       0x00000288   Zero   RW         4736    .bss                segger_rtt.o
    0x20003e44   COMPRESSED   0x00000004   PAD
    0x20003e48        -       0x00002000   Zero   RW         5171    STACK               arm_startup_nrf52.o


==============================================================================

Image component sizes


      Code (inc. data)   RO Data    RW Data    ZI Data      Debug   Object Name

         0          0         19          0          0       1851   app_button.o
        22          0          0          0          0       2509   app_error.o
       132         46          0          0          0      34049   app_error_weak.o
       118          0          0          0          0       5062   app_fifo.o
       846         88         38         36        104      16769   app_timer2.o
       528         60         32         28         32      16186   app_uart_fifo.o
       124         14          0          0         12      10606   app_util_platform.o
        36          8        512          0       8192        936   arm_startup_nrf52.o
      1338          0          0          0          0      53504   ble_advdata.o
      1018          6          0          0          0      10231   ble_advertising.o
       300          0         16          0          0       4520   ble_bas.o
       636         44          8          8         80       9363   ble_conn_params.o
       390         10          8          0        124       7759   ble_conn_state.o
        72          0          0          0          0       1668   ble_link_ctx_manager.o
       670          6         32          0          0       7016   ble_nus.o
       638          6          0          0          0       5180   ble_srv_common.o
       206         32          8          0          0      11821   boards.o
       804         60         44         16        108      12732   bsp.o
       196          6          8          8          0       3985   bsp_btn_ble.o
       704         76          6         12          0      48689   drv_rtc.o
      1374        304         72         52       1884     193701   main.o
       326          0          0          0          0       5999   nrf_atfifo.o
        64          0          0          0          0       3040   nrf_atflags.o
       306          0          0          0          0       8111   nrf_atomic.o
       164          0          0          0          0       3664   nrf_balloc.o
       950        272        205          0          0      38125   nrf_ble_gatt.o
       276          0          0          0          0       4733   nrf_ble_qwr.o
       312         36         30          0         20      43692   nrf_drv_clock.o
       200         26          0         12          0      17908   nrf_drv_uart.o
        50          0          0          0          0       3561   nrf_fprintf.o
       866          4         16          0          0       6594   nrf_fprintf_format.o
       112         18         18          1         64       6201   nrf_log_backend_rtt.o
       200          0          0          0          0      10933   nrf_log_backend_serial.o
        28          4         32          8          0       3361   nrf_log_default_backends.o
      1478        128         44         20       1400      29986   nrf_log_frontend.o
       570        108        102         64          0       5708   nrf_log_str_formatter.o
       346          0          0          0          0       9643   nrf_memobj.o
       108         16         53          8         12      40846   nrf_pwr_mgmt.o
        28          0          0          0          0       2387   nrf_ringbuf.o
       384         46        104          3          0      42779   nrf_sdh.o
       724        232        539          1          0       5977   nrf_sdh_ble.o
        60          4         56          0          0       2492   nrf_sdh_soc.o
        78          0          0          0          0       2816   nrf_section_iter.o
        84          0         17          0          0       4161   nrf_sortlist.o
        76         10       1319          0          0       2775   nrf_strerror.o
       242         32         14          8          0      47128   nrfx_clock.o
       506         38         19          0         92      21553   nrfx_gpiote.o
        94         16         12          8          0       3801   nrfx_prs.o
      1368         38         17          0         44      30717   nrfx_uart.o
      1290         36         18          0         36      25303   nrfx_uarte.o
        14          0          0          4          0       2898   retarget.o
       378         34          0          0        648       9065   segger_rtt.o
       752         78          0          4          0      32653   system_nrf52.o

    ----------------------------------------------------------------------
     22642       1942       3504        304      12864     936747   Object Totals
         0          0         32          0          0          0   (incl. Generated)
        56          0         54          3         12          0   (incl. Padding)

    ----------------------------------------------------------------------

      Code (inc. data)   RO Data    RW Data    ZI Data      Debug   Library Member Name

        86          0          0          0          0          0   __dczerorl2.o
         8          4        133          0          0         68   ctype_o.o
         0          0          0          0          0          0   entry.o
         0          0          0          0          0          0   entry10a.o
         0          0          0          0          0          0   entry11a.o
         8          4          0          0          0          0   entry2.o
         4          0          0          0          0          0   entry5.o
         0          0          0          0          0          0   entry7b.o
         0          0          0          0          0          0   entry8b.o
         8          4          0          0          0          0   entry9a.o
        30          0          0          0          0          0   handlers.o
        36          8          0          0          0         68   init.o
        30          0          0          0          0         68   llshl.o
        32          0          0          0          0         68   llushr.o
        36          0          0          0          0         68   memcpya.o
        36          0          0          0          0        108   memseta.o
        50          8          0          0          0        152   printfb.o
        18          0          0          0          0         68   strcpy.o
        14          0          0          0          0         68   strlen.o
        98          0          0          0          0         92   uldiv.o

    ----------------------------------------------------------------------
       498         28        136          0          0        828   Library Totals
         4          0          3          0          0          0   (incl. Padding)

    ----------------------------------------------------------------------

      Code (inc. data)   RO Data    RW Data    ZI Data      Debug   Library Name

       494         28        133          0          0        828   mc_w.l

    ----------------------------------------------------------------------
       498         28        136          0          0        828   Library Totals

    ----------------------------------------------------------------------

==============================================================================


      Code (inc. data)   RO Data    RW Data    ZI Data      Debug   

     23140       1970       3640        304      12864     908947   Grand Totals
     23140       1970       3640         92      12864     908947   ELF Image Totals (compressed)
     23140       1970       3640         92          0          0   ROM Totals

==============================================================================

    Total RO  Size (Code + RO Data)                26780 (  26.15kB)
    Total RW  Size (RW Data + ZI Data)             13168 (  12.86kB)
    Total ROM Size (Code + RO Data + RW Data)      26872 (  26.24kB)

==============================================================================

