<html>
<body>
<pre>
<h1>µVision Build Log</h1>
<h2>Tool Versions:</h2>
IDE-Version: ¦ÌVision V5.30.0.0
Copyright (C) 2020 ARM Ltd and ARM Germany GmbH. All rights reserved.
License Information: Jianlong zhang , Prose, LIC=21E4T-RBDYR-X7HRZ-JW6ID-HVEYN-YY1AG
 
Tool Versions:
Toolchain:       MDK-ARM Plus  Version: 5.30.0.0
Toolchain Path:  C:\Keil_v5\ARM\ARMCC\Bin
C Compiler:      Armcc.exe V5.06 update 6 (build 750)
Assembler:       Armasm.exe V5.06 update 6 (build 750)
Linker/Locator:  ArmLink.exe V5.06 update 6 (build 750)
Library Manager: ArmAr.exe V5.06 update 6 (build 750)
Hex Converter:   FromElf.exe V5.06 update 6 (build 750)
CPU DLL:         
Dialog DLL:      
Target DLL:      Segger\JL2CM3.dll V2.99.38.0
Dialog DLL:      TCM.DLL V1.42.0.0
 
<h2>Project:</h2>
D:\workSpace\c_project\smart_base\nRF5_SDK_17.0.2_d674dde\examples\ble_peripheral\ble_app_proximity\pca10040\s132\arm5_no_packs\ble_app_proximity_pca10040_s132.uvprojx
Project File Date:  08/17/2023

<h2>Output:</h2>
*** Using Compiler 'V5.06 update 6 (build 750)', folder: 'C:\Keil_v5\ARM\ARMCC\Bin'
Build target 'nrf52832_xxaa'
compiling main.c...
..\..\..\main.c(493): warning:  #177-D: function "tps_init"  was declared but never referenced
  static void tps_init(void)
..\..\..\main.c(510): warning:  #177-D: function "ias_init"  was declared but never referenced
  static void ias_init(void)
..\..\..\main.c(527): warning:  #177-D: function "lls_init"  was declared but never referenced
  static void lls_init(void)
..\..\..\main.c(574): warning:  #177-D: function "ias_client_init"  was declared but never referenced
  static void ias_client_init(void)
..\..\..\main.c(1006): warning:  #177-D: function "buttons_leds_init"  was declared but never referenced
  static void buttons_leds_init(bool * p_erase_bonds)
..\..\..\main.c(1088): warning:  #177-D: function "tx_power_set"  was declared but never referenced
  static void tx_power_set(void)
..\..\..\main.c: 6 warnings, 0 errors
linking...
Program Size: Code=46768 RO-data=8512 RW-data=2096 ZI-data=13120  
FromELF: creating hex file...
".\_build\nrf52832_xxaa.axf" - 0 Error(s), 6 Warning(s).

<h2>Software Packages used:</h2>

Package Vendor: ARM
                http://www.keil.com/pack/ARM.CMSIS.5.6.0.pack
                ARM.CMSIS.5.6.0
                CMSIS (Cortex Microcontroller Software Interface Standard)
   * Component: CORE Version: 5.3.0

Package Vendor: NordicSemiconductor
                http://developer.nordicsemi.com/nRF5_SDK/pieces/nRF_DeviceFamilyPack/NordicSemiconductor.nRF_DeviceFamilyPack.8.44.1.pack
                NordicSemiconductor.nRF_DeviceFamilyPack.8.44.1
                Nordic Semiconductor nRF ARM devices Device Family Pack with BSD license.
   * Component: Startup Version: 8.44.1

<h2>Collection of Component include folders:</h2>
  .\RTE\_nrf52832_xxaa
  D:\Keil5\Packs\ARM\CMSIS\5.6.0\CMSIS\Core\Include
  D:\Keil5\Packs\NordicSemiconductor\nRF_DeviceFamilyPack\8.44.1\Device\Include

<h2>Collection of Component Files used:</h2>

   * Component: ARM::CMSIS:CORE:5.3.0

   * Component: NordicSemiconductor::Device:Startup:8.44.1
      Source file:   Device\Source\system_nrf52.c
      Include file:  Device\Include\system_nrf52.h
      Include file:  Device\Include\system_nrf.h
      Source file:   Device\Source\arm\arm_startup_nrf52.s
Build Time Elapsed:  00:00:04
</pre>
</body>
</html>
