Component: ARM Compiler 5.06 update 6 (build 750) Tool: armlink [4d35ed]

==============================================================================

Section Cross References

    main.o(i.adc_configure) refers to nrfx_saadc.o(i.nrfx_saadc_init) for nrfx_saadc_init
    main.o(i.adc_configure) refers to app_error.o(i.app_error_handler_bare) for app_error_handler_bare
    main.o(i.adc_configure) refers to nrfx_saadc.o(i.nrfx_saadc_channel_init) for nrfx_saadc_channel_init
    main.o(i.adc_configure) refers to nrfx_saadc.o(i.nrfx_saadc_buffer_convert) for nrfx_saadc_buffer_convert
    main.o(i.adc_configure) refers to main.o(i.saadc_event_handler) for saadc_event_handler
    main.o(i.adc_configure) refers to main.o(.constdata) for .constdata
    main.o(i.adc_configure) refers to main.o(.data) for .data
    main.o(i.advertising_start) refers to nrf_log_frontend.o(i.nrf_log_frontend_std_0) for nrf_log_frontend_std_0
    main.o(i.advertising_start) refers to peer_manager.o(i.pm_peers_delete) for pm_peers_delete
    main.o(i.advertising_start) refers to ble_advertising.o(i.ble_advertising_start) for ble_advertising_start
    main.o(i.advertising_start) refers to app_error.o(i.app_error_handler_bare) for app_error_handler_bare
    main.o(i.advertising_start) refers to nrf_log_frontend.o(log_const_data) for m_nrf_log_app_logs_data_const
    main.o(i.advertising_start) refers to main.o(.bss) for .bss
    main.o(i.assert_nrf_callback) refers to app_error_handler_keil.o(.emb_text) for app_error_handler
    main.o(i.battery_level_meas_timeout_handler) refers to nrfx_saadc.o(i.nrfx_saadc_sample) for nrfx_saadc_sample
    main.o(i.battery_level_meas_timeout_handler) refers to app_error.o(i.app_error_handler_bare) for app_error_handler_bare
    main.o(i.ble_evt_handler) refers to nrf_log_frontend.o(i.nrf_log_frontend_std_0) for nrf_log_frontend_std_0
    main.o(i.ble_evt_handler) refers to bsp.o(i.bsp_indication_set) for bsp_indication_set
    main.o(i.ble_evt_handler) refers to app_error.o(i.app_error_handler_bare) for app_error_handler_bare
    main.o(i.ble_evt_handler) refers to nrf_ble_qwr.o(i.nrf_ble_qwr_conn_handle_assign) for nrf_ble_qwr_conn_handle_assign
    main.o(i.ble_evt_handler) refers to ble_db_discovery.o(i.ble_db_discovery_start) for ble_db_discovery_start
    main.o(i.ble_evt_handler) refers to nrf_log_frontend.o(log_const_data) for m_nrf_log_app_logs_data_const
    main.o(i.ble_evt_handler) refers to main.o(.bss) for .bss
    main.o(i.ble_evt_handler) refers to main.o(.data) for .data
    main.o(i.conn_params_error_handler) refers to app_error.o(i.app_error_handler_bare) for app_error_handler_bare
    main.o(i.db_disc_handler) refers to ble_ias_c.o(i.ble_ias_c_on_db_disc_evt) for ble_ias_c_on_db_disc_evt
    main.o(i.db_disc_handler) refers to main.o(.bss) for .bss
    main.o(i.gap_params_init) refers to app_error.o(i.app_error_handler_bare) for app_error_handler_bare
    main.o(i.main) refers to nrf_log_frontend.o(i.nrf_log_init) for nrf_log_init
    main.o(i.main) refers to app_error.o(i.app_error_handler_bare) for app_error_handler_bare
    main.o(i.main) refers to nrf_log_default_backends.o(i.nrf_log_default_backends_init) for nrf_log_default_backends_init
    main.o(i.main) refers to app_timer2.o(i.app_timer_init) for app_timer_init
    main.o(i.main) refers to app_timer2.o(i.app_timer_create) for app_timer_create
    main.o(i.main) refers to nrf_pwr_mgmt.o(i.nrf_pwr_mgmt_init) for nrf_pwr_mgmt_init
    main.o(i.main) refers to nrf_sdh.o(i.nrf_sdh_enable_request) for nrf_sdh_enable_request
    main.o(i.main) refers to nrf_sdh_ble.o(i.nrf_sdh_ble_default_cfg_set) for nrf_sdh_ble_default_cfg_set
    main.o(i.main) refers to nrf_sdh_ble.o(i.nrf_sdh_ble_enable) for nrf_sdh_ble_enable
    main.o(i.main) refers to main.o(i.adc_configure) for adc_configure
    main.o(i.main) refers to main.o(i.gap_params_init) for gap_params_init
    main.o(i.main) refers to nrf_ble_gatt.o(i.nrf_ble_gatt_init) for nrf_ble_gatt_init
    main.o(i.main) refers to memseta.o(.text) for __aeabi_memclr4
    main.o(i.main) refers to ble_advertising.o(i.ble_advertising_init) for ble_advertising_init
    main.o(i.main) refers to ble_advertising.o(i.ble_advertising_conn_cfg_tag_set) for ble_advertising_conn_cfg_tag_set
    main.o(i.main) refers to ble_db_discovery.o(i.ble_db_discovery_init) for ble_db_discovery_init
    main.o(i.main) refers to main.o(i.services_init) for services_init
    main.o(i.main) refers to ble_conn_params.o(i.ble_conn_params_init) for ble_conn_params_init
    main.o(i.main) refers to main.o(i.peer_manager_init) for peer_manager_init
    main.o(i.main) refers to nrf_log_frontend.o(i.nrf_log_frontend_std_0) for nrf_log_frontend_std_0
    main.o(i.main) refers to main.o(i.advertising_start) for advertising_start
    main.o(i.main) refers to nrf_log_frontend.o(i.nrf_log_frontend_dequeue) for nrf_log_frontend_dequeue
    main.o(i.main) refers to nrf_pwr_mgmt.o(i.nrf_pwr_mgmt_run) for nrf_pwr_mgmt_run
[...]
    0x00026dbe   0x00026dbe   0x00000002   PAD
    0x00026dc0   0x00026dc0   0x0000000c   Code   RO         2952    i.allow_repairing   security_dispatcher.o
    0x00026dcc   0x00026dcc   0x00000084   Code   RO         5007    i.app_error_fault_handler  app_error_weak.o
    0x00026e50   0x00026e50   0x00000016   Code   RO         4947    i.app_error_handler_bare  app_error.o
    0x00026e66   0x00026e66   0x00000002   PAD
    0x00026e68   0x00026e68   0x0000000c   Code   RO         5102    i.app_timer_cnt_get  app_timer2.o
    0x00026e74   0x00026e74   0x00000016   Code   RO         5103    i.app_timer_create  app_timer2.o
    0x00026e8a   0x00026e8a   0x00000002   PAD
    0x00026e8c   0x00026e8c   0x0000005c   Code   RO         5104    i.app_timer_init    app_timer2.o
    0x00026ee8   0x00026ee8   0x00000030   Code   RO         5107    i.app_timer_start   app_timer2.o
    0x00026f18   0x00026f18   0x0000000c   Code   RO         5108    i.app_timer_stop    app_timer2.o
    0x00026f24   0x00026f24   0x00000048   Code   RO         5243    i.app_util_critical_region_enter  app_util_platform.o
    0x00026f6c   0x00026f6c   0x00000034   Code   RO         5244    i.app_util_critical_region_exit  app_util_platform.o
    0x00026fa0   0x00026fa0   0x00000088   Code   RO         4503    i.apply_config      nrfx_uart.o
    0x00027028   0x00027028   0x00000088   Code   RO         4688    i.apply_config      nrfx_uarte.o
    0x000270b0   0x000270b0   0x00000004   Code   RO         1502    i.apply_pending_handle  gatt_cache_manager.o
    0x000270b4   0x000270b4   0x00000180   Code   RO         2953    i.auth_status_success_process  security_dispatcher.o
    0x00027234   0x00027234   0x0000009c   Code   RO         3268    i.battery_level_char_add  ble_bas.o
    0x000272d0   0x000272d0   0x00000014   Code   RO            7    i.battery_level_meas_timeout_handler  main.o
    0x000272e4   0x000272e4   0x0000000a   Code   RO         3269    i.battery_notification_send  ble_bas.o
    0x000272ee   0x000272ee   0x00000048   Code   RO         1416    i.blcm_link_ctx_get  ble_link_ctx_manager.o
    0x00027336   0x00027336   0x00000182   Code   RO          845    i.ble_advdata_encode  ble_advdata.o
    0x000274b8   0x000274b8   0x00000020   Code   RO          847    i.ble_advdata_parse  ble_advdata.o
    0x000274d8   0x000274d8   0x00000046   Code   RO          848    i.ble_advdata_search  ble_advdata.o
    0x0002751e   0x0002751e   0x00000006   Code   RO          953    i.ble_advertising_conn_cfg_tag_set  ble_advertising.o
    0x00027524   0x00027524   0x000000f8   Code   RO          954    i.ble_advertising_init  ble_advertising.o
    0x0002761c   0x0002761c   0x0000006a   Code   RO          956    i.ble_advertising_on_ble_evt  ble_advertising.o
    0x00027686   0x00027686   0x00000230   Code   RO          959    i.ble_advertising_start  ble_advertising.o
    0x000278b6   0x000278b6   0x00000002   PAD
    0x000278b8   0x000278b8   0x000000c0   Code   RO         3270    i.ble_bas_battery_level_update  ble_bas.o
    0x00027978   0x00027978   0x0000003e   Code   RO         3272    i.ble_bas_init      ble_bas.o
    0x000279b6   0x000279b6   0x00000052   Code   RO         3273    i.ble_bas_on_ble_evt  ble_bas.o
    0x00027a08   0x00027a08   0x00000068   Code   RO         1050    i.ble_conn_params_init  ble_conn_params.o
    0x00027a70   0x00027a70   0x0000000c   Code   RO         1124    i.ble_conn_state_conn_handles  ble_conn_state.o
    0x00027a7c   0x00027a7c   0x00000012   Code   RO         1125    i.ble_conn_state_conn_idx  ble_conn_state.o
    0x00027a8e   0x00027a8e   0x00000002   PAD
    0x00027a90   0x00027a90   0x00000020   Code   RO         1126    i.ble_conn_state_encrypted  ble_conn_state.o
    0x00027ab0   0x00027ab0   0x0000002c   Code   RO         1128    i.ble_conn_state_for_each_set_user_flag  ble_conn_state.o
    0x00027adc   0x00027adc   0x00000020   Code   RO         1130    i.ble_conn_state_lesc  ble_conn_state.o
    0x00027afc   0x00027afc   0x00000020   Code   RO         1131    i.ble_conn_state_mitm_protected  ble_conn_state.o
    0x00027b1c   0x00027b1c   0x00000024   Code   RO         1134    i.ble_conn_state_role  ble_conn_state.o
    0x00027b40   0x00027b40   0x00000024   Code   RO         1135    i.ble_conn_state_status  ble_conn_state.o
    0x00027b64   0x00027b64   0x00000018   Code   RO         1136    i.ble_conn_state_user_flag_acquire  ble_conn_state.o
    0x00027b7c   0x00027b7c   0x00000030   Code   RO         1137    i.ble_conn_state_user_flag_get  ble_conn_state.o
    0x00027bac   0x00027bac   0x00000038   Code   RO         1138    i.ble_conn_state_user_flag_set  ble_conn_state.o
    0x00027be4   0x00027be4   0x00000014   Code   RO         1139    i.ble_conn_state_valid  ble_conn_state.o
    0x00027bf8   0x00027bf8   0x00000024   Code   RO         1295    i.ble_db_discovery_init  ble_db_discovery.o
    0x00027c1c   0x00027c1c   0x0000005c   Code   RO         1296    i.ble_db_discovery_on_ble_evt  ble_db_discovery.o
    0x00027c78   0x00027c78   0x00000028   Code   RO         1297    i.ble_db_discovery_start  ble_db_discovery.o
    0x00027ca0   0x00027ca0   0x00000060   Code   RO          851    i.ble_device_addr_encode  ble_advdata.o
    0x00027d00   0x00027d00   0x000000c0   Code   RO            8    i.ble_evt_handler   main.o
    0x00027dc0   0x00027dc0   0x00000070   Code   RO          712    i.ble_evt_handler   bsp_btn_ble.o
    0x00027e30   0x00027e30   0x000000fc   Code   RO         1052    i.ble_evt_handler   ble_conn_params.o
    0x00027f2c   0x00027f2c   0x00000118   Code   RO         1140    i.ble_evt_handler   ble_conn_state.o
    0x00028044   0x00028044   0x00000028   Code   RO         2502    i.ble_evt_handler   peer_manager.o
    0x0002806c   0x0002806c   0x0000000a   Code   RO         3374    i.ble_ias_c_is_discovered  ble_ias_c.o
    0x00028076   0x00028076   0x0000002e   Code   RO         3375    i.ble_ias_c_on_ble_evt  ble_ias_c.o
    0x000280a4   0x000280a4   0x00000084   Code   RO         3376    i.ble_ias_c_on_db_disc_evt  ble_ias_c.o
    0x00028128   0x00028128   0x00000066   Code   RO         3330    i.ble_ias_on_ble_evt  ble_ias.o
    0x0002818e   0x0002818e   0x00000024   Code   RO         3433    i.ble_lls_alert_level_get  ble_lls.o
    0x000281b2   0x000281b2   0x00000068   Code   RO         3435    i.ble_lls_on_ble_evt  ble_lls.o
    0x0002821a   0x0002821a   0x00000008   Code   RO         1442    i.ble_srv_is_notification_enabled  ble_srv_common.o
    0x00028222   0x00028222   0x0000000c   Code   RO         1443    i.ble_srv_report_ref_encode  ble_srv_common.o
    0x0002822e   0x0002822e   0x0000000c   Code   RO         3470    i.ble_tps_on_ble_evt  ble_tps.o
    0x0002823a   0x0002823a   0x00000002   PAD
    0x0002823c   0x0002823c   0x0000000c   Code   RO          477    i.bsp_board_button_idx_to_pin  boards.o
    0x00028248   0x00028248   0x00000024   Code   RO          481    i.bsp_board_led_invert  boards.o
    0x0002826c   0x0002826c   0x00000010   Code   RO          482    i.bsp_board_led_off  boards.o
    0x0002827c   0x0002827c   0x00000010   Code   RO          483    i.bsp_board_led_on  boards.o
    0x0002828c   0x0002828c   0x00000020   Code   RO          484    i.bsp_board_led_state_get  boards.o
    0x000282ac   0x000282ac   0x00000012   Code   RO          485    i.bsp_board_leds_off  boards.o
    0x000282be   0x000282be   0x00000012   Code   RO          486    i.bsp_board_leds_on  boards.o
    0x000282d0   0x000282d0   0x00000024   Code   RO          487    i.bsp_board_pin_to_button_idx  boards.o
    0x000282f4   0x000282f4   0x0000001e   Code   RO          714    i.bsp_btn_ble_sleep_mode_prepare  bsp_btn_ble.o
    0x00028312   0x00028312   0x00000002   PAD
    0x00028314   0x00028314   0x00000090   Code   RO          595    i.bsp_button_event_handler  bsp.o
    0x000283a4   0x000283a4   0x00000044   Code   RO          599    i.bsp_event_to_button_action_assign  bsp.o
    0x000283e8   0x000283e8   0x00000018   Code   RO          600    i.bsp_indication_set  bsp.o
    0x00028400   0x00028400   0x000001c8   Code   RO          602    i.bsp_led_indication  bsp.o
    0x000285c8   0x000285c8   0x00000006   Code   RO          604    i.bsp_wakeup_button_enable  bsp.o
    0x000285ce   0x000285ce   0x00000002   PAD
    0x000285d0   0x000285d0   0x00000094   Code   RO         7107    i.buf_prealloc      nrf_log_frontend.o
    0x00028664   0x00028664   0x0000002e   Code   RO         6219    i.buffer_add        nrf_fprintf_format.o
    0x00028692   0x00028692   0x00000002   PAD
    0x00028694   0x00028694   0x00000018   Code   RO         7108    i.buffer_is_empty   nrf_log_frontend.o
    0x000286ac   0x000286ac   0x00000028   Code   RO         1503    i.car_update_needed  gatt_cache_manager.o
    0x000286d4   0x000286d4   0x00000040   Code   RO         1504    i.car_update_pending_handle  gatt_cache_manager.o
    0x00028714   0x00028714   0x00000010   Code   RO         3992    i.channel_port_get  nrfx_gpiote.o
    0x00028724   0x00028724   0x00000190   Code   RO         1444    i.characteristic_add  ble_srv_common.o
    0x000288b4   0x000288b4   0x0000006c   Code   RO         1298    i.characteristics_discover  ble_db_discovery.o
    0x00028920   0x00028920   0x0000003e   Code   RO         2412    i.claim             peer_id.o
    0x0002895e   0x0002895e   0x00000002   PAD
    0x00028960   0x00028960   0x00000028   Code   RO         3505    i.clock_clk_started_notify  nrf_drv_clock.o
    0x00028988   0x00028988   0x0000001c   Code   RO         3506    i.clock_irq_handler  nrf_drv_clock.o
    0x000289a4   0x000289a4   0x00000018   Code   RO         5110    i.compare_func      app_timer2.o
    0x000289bc   0x000289bc   0x0000001e   Code   RO         2031    i.conn_handle_id_find  nrf_ble_gq.o
    0x000289da   0x000289da   0x0000003e   Code   RO         1141    i.conn_handle_list_get  ble_conn_state.o
    0x00028a18   0x00028a18   0x00000088   Code   RO          852    i.conn_int_encode   ble_advdata.o
    0x00028aa0   0x00028aa0   0x00000004   Code   RO            9    i.conn_params_error_handler  main.o
    0x00028aa4   0x00028aa4   0x00000048   Code   RO         1053    i.conn_params_negotiation  ble_conn_params.o
    0x00028aec   0x00028aec   0x00000044   Code   RO         2954    i.conn_sec_failure  security_dispatcher.o
    0x00028b30   0x00028b30   0x00000004   Code   RO         2809    i.conn_secure       peer_manager_handler.o
    0x00028b34   0x00028b34   0x000000c0   Code   RO         1929    i.data_length_update  nrf_ble_gatt.o
    0x00028bf4   0x00028bf4   0x0000000c   Code   RO           10    i.db_disc_handler   main.o
    0x00028c00   0x00028c00   0x00000030   Code   RO         1505    i.db_update_pending_handle  gatt_cache_manager.o
    0x00028c30   0x00028c30   0x0000008c   Code   RO         5504    i.delete_execute    fds.o
    0x00028cbc   0x00028cbc   0x000000aa   Code   RO         1445    i.descriptor_add    ble_srv_common.o
    0x00028d66   0x00028d66   0x00000002   PAD
    0x00028d68   0x00028d68   0x000000b8   Code   RO         1299    i.descriptors_discover  ble_db_discovery.o
    0x00028e20   0x00028e20   0x00000030   Code   RO         1300    i.discovery_available_evt_trigger  ble_db_discovery.o
    0x00028e50   0x00028e50   0x000000b4   Code   RO         1301    i.discovery_complete_evt_trigger  ble_db_discovery.o
    0x00028f04   0x00028f04   0x00000050   Code   RO         1302    i.discovery_error_handler  ble_db_discovery.o
    0x00028f54   0x00028f54   0x0000007c   Code   RO         1303    i.discovery_start   ble_db_discovery.o
    0x00028fd0   0x00028fd0   0x00000014   Code   RO         7109    i.dropped_sat16_get  nrf_log_frontend.o
    0x00028fe4   0x00028fe4   0x00000014   Code   RO         5339    i.drv_rtc_compare_disable  drv_rtc.o
    0x00028ff8   0x00028ff8   0x0000000e   Code   RO         5342    i.drv_rtc_compare_pending  drv_rtc.o
    0x00029006   0x00029006   0x00000050   Code   RO         5343    i.drv_rtc_compare_set  drv_rtc.o
    0x00029056   0x00029056   0x00000008   Code   RO         5344    i.drv_rtc_counter_get  drv_rtc.o
    0x0002905e   0x0002905e   0x00000002   PAD
    0x00029060   0x00029060   0x000000d8   Code   RO         5345    i.drv_rtc_init      drv_rtc.o
    0x00029138   0x00029138   0x0000001e   Code   RO         5346    i.drv_rtc_irq_trigger  drv_rtc.o
    0x00029156   0x00029156   0x00000008   Code   RO         5348    i.drv_rtc_overflow_enable  drv_rtc.o
    0x0002915e   0x0002915e   0x00000008   Code   RO         5349    i.drv_rtc_overflow_pending  drv_rtc.o
    0x00029166   0x00029166   0x00000008   Code   RO         5350    i.drv_rtc_start     drv_rtc.o
    0x0002916e   0x0002916e   0x00000008   Code   RO         5351    i.drv_rtc_stop      drv_rtc.o
    0x00029176   0x00029176   0x000000de   Code   RO         5356    i.drv_rtc_windowed_compare_set  drv_rtc.o
    0x00029254   0x00029254   0x0000000a   Code   RO         2955    i.encryption_failure  security_dispatcher.o
    0x0002925e   0x0002925e   0x00000002   PAD
    0x00029260   0x00029260   0x0000004c   Code   RO         6346    i.erase             nrf_fstorage_sd.o
    0x000292ac   0x000292ac   0x00000074   Code   RO         5505    i.event_prepare     fds.o
    0x00029320   0x00029320   0x00000020   Code   RO         5506    i.event_send        fds.o
    0x00029340   0x00029340   0x00000054   Code   RO         6347    i.event_send        nrf_fstorage_sd.o
    0x00029394   0x00029394   0x00000098   Code   RO         3093    i.events_send_from_err_code  security_manager.o
    0x0002942c   0x0002942c   0x00000012   Code   RO         5357    i.evt_enable        drv_rtc.o
    0x0002943e   0x0002943e   0x00000014   Code   RO         5358    i.evt_pending       drv_rtc.o
    0x00029452   0x00029452   0x00000002   PAD
    0x00029454   0x00029454   0x0000001c   Code   RO         1506    i.evt_send          gatt_cache_manager.o
    0x00029470   0x00029470   0x0000001c   Code   RO         1668    i.evt_send          gatts_cache_manager.o
    0x0002948c   0x0002948c   0x0000002c   Code   RO         2503    i.evt_send          peer_manager.o
    0x000294b8   0x000294b8   0x0000001c   Code   RO         2956    i.evt_send          security_dispatcher.o
    0x000294d4   0x000294d4   0x0000000c   Code   RO         3094    i.evt_send          security_manager.o
    0x000294e0   0x000294e0   0x000000e0   Code   RO         2153    i.fds_evt_handler   peer_data_storage.o
    0x000295c0   0x000295c0   0x00000048   Code   RO         5508    i.fds_file_delete   fds.o
    0x00029608   0x00029608   0x00000040   Code   RO         5509    i.fds_gc            fds.o
    0x00029648   0x00029648   0x000000e4   Code   RO         5510    i.fds_init          fds.o
    0x0002972c   0x0002972c   0x00000048   Code   RO         5511    i.fds_record_close  fds.o
    0x00029774   0x00029774   0x0000000e   Code   RO         5513    i.fds_record_find   fds.o
    0x00029782   0x00029782   0x00000010   Code   RO         5514    i.fds_record_find_by_key  fds.o
    0x00029792   0x00029792   0x00000010   Code   RO         5515    i.fds_record_find_in_file  fds.o
    0x000297a2   0x000297a2   0x00000012   Code   RO         5516    i.fds_record_id_from_desc  fds.o
    0x000297b4   0x000297b4   0x0000004c   Code   RO         5518    i.fds_record_open   fds.o
    0x00029800   0x00029800   0x00000010   Code   RO         5519    i.fds_record_update  fds.o
    0x00029810   0x00029810   0x00000008   Code   RO         5520    i.fds_record_write  fds.o
    0x00029818   0x00029818   0x00000030   Code   RO         5522    i.fds_register      fds.o
    0x00029848   0x00029848   0x000000a0   Code   RO         5525    i.fds_stat          fds.o
    0x000298e8   0x000298e8   0x00000014   Code   RO         2154    i.file_id_within_pm_range  peer_data_storage.o
    0x000298fc   0x000298fc   0x00000012   Code   RO         2957    i.flag_id_init      security_dispatcher.o
    0x0002990e   0x0002990e   0x00000012   Code   RO         3095    i.flag_id_init      security_manager.o
    0x00029920   0x00029920   0x0000000a   Code   RO         1142    i.flag_toggle       ble_conn_state.o
    0x0002992a   0x0002992a   0x00000028   Code   RO          961    i.flags_set         ble_advertising.o
    0x00029952   0x00029952   0x00000002   PAD
    0x00029954   0x00029954   0x00000030   Code   RO         3096    i.flags_set_from_err_code  security_manager.o
    0x00029984   0x00029984   0x00000030   Code   RO         1143    i.for_each_set_flag  ble_conn_state.o
    0x000299b4   0x000299b4   0x00000006   Code   RO         5526    i.fs_event_handler  fds.o
    0x000299ba   0x000299ba   0x00000002   PAD
    0x000299bc   0x000299bc   0x0000006c   Code   RO           11    i.gap_params_init   main.o
    0x00029a28   0x00029a28   0x0000002c   Code   RO         2032    i.gattc_write_alloc  nrf_ble_gq.o
    0x00029a54   0x00029a54   0x0000003e   Code   RO         2033    i.gatts_hvx_alloc   nrf_ble_gq.o
    0x00029a92   0x00029a92   0x00000002   PAD
    0x00029a94   0x00029a94   0x00000080   Code   RO         5527    i.gc_execute        fds.o
    0x00029b14   0x00029b14   0x0000004c   Code   RO         5528    i.gc_next_page      fds.o
    0x00029b60   0x00029b60   0x00000040   Code   RO         5529    i.gc_page_erase     fds.o
    0x00029ba0   0x00029ba0   0x00000034   Code   RO         5530    i.gc_record_copy    fds.o
    0x00029bd4   0x00029bd4   0x00000024   Code   RO         5531    i.gc_record_find_next  fds.o
    0x00029bf8   0x00029bf8   0x00000070   Code   RO         5532    i.gc_state_advance  fds.o
    0x00029c68   0x00029c68   0x00000030   Code   RO         5533    i.gc_swap_pages     fds.o
    0x00029c98   0x00029c98   0x00000230   Code   RO         1507    i.gcm_ble_evt_handler  gatt_cache_manager.o
    0x00029ec8   0x00029ec8   0x0000003c   Code   RO         1508    i.gcm_im_evt_handler  gatt_cache_manager.o
    0x00029f04   0x00029f04   0x00000094   Code   RO         1509    i.gcm_init          gatt_cache_manager.o
    0x00029f98   0x00029f98   0x00000088   Code   RO         1512    i.gcm_pdb_evt_handler  gatt_cache_manager.o
    0x0002a020   0x0002a020   0x00000034   Code   RO         5111    i.get_now           app_timer2.o
    0x0002a054   0x0002a054   0x0000001c   Code   RO         1669    i.gscm_db_change_notification_done  gatts_cache_manager.o
    0x0002a070   0x0002a070   0x00000014   Code   RO         1670    i.gscm_init         gatts_cache_manager.o
    0x0002a084   0x0002a084   0x00000090   Code   RO         1672    i.gscm_local_db_cache_apply  gatts_cache_manager.o
    0x0002a114   0x0002a114   0x000000ac   Code   RO         1673    i.gscm_local_db_cache_update  gatts_cache_manager.o
    0x0002a1c0   0x0002a1c0   0x00000018   Code   RO         1674    i.gscm_pdb_evt_handler  gatts_cache_manager.o
    0x0002a1d8   0x0002a1d8   0x0000001e   Code   RO         1675    i.gscm_service_changed_ind_needed  gatts_cache_manager.o
    0x0002a1f6   0x0002a1f6   0x00000002   PAD
    0x0002a1f8   0x0002a1f8   0x0000005c   Code   RO         1676    i.gscm_service_changed_ind_send  gatts_cache_manager.o
    0x0002a254   0x0002a254   0x0000002c   Code   RO         5534    i.header_check      fds.o
    0x0002a280   0x0002a280   0x00000012   Code   RO         5535    i.header_has_next   fds.o
    0x0002a292   0x0002a292   0x00000046   Code   RO         1765    i.im_address_resolve  id_manager.o
    0x0002a2d8   0x0002a2d8   0x00000038   Code   RO         1766    i.im_ble_addr_get   id_manager.o
    0x0002a310   0x0002a310   0x000000dc   Code   RO         1767    i.im_ble_evt_handler  id_manager.o
    0x0002a3ec   0x0002a3ec   0x00000040   Code   RO         1768    i.im_conn_handle_get  id_manager.o
    0x0002a42c   0x0002a42c   0x00000038   Code   RO         1770    i.im_find_duplicate_bonding_data  id_manager.o
    0x0002a464   0x0002a464   0x00000072   Code   RO         1773    i.im_is_duplicate_bonding_data  id_manager.o
    0x0002a4d6   0x0002a4d6   0x00000018   Code   RO         1774    i.im_master_id_is_valid  id_manager.o
    0x0002a4ee   0x0002a4ee   0x0000002a   Code   RO         1775    i.im_master_ids_compare  id_manager.o
    0x0002a518   0x0002a518   0x00000014   Code   RO         1776    i.im_new_peer_id    id_manager.o
    0x0002a52c   0x0002a52c   0x0000002c   Code   RO         1777    i.im_peer_free      id_manager.o
    0x0002a558   0x0002a558   0x00000024   Code   RO         1778    i.im_peer_id_get_by_conn_handle  id_manager.o
    0x0002a57c   0x0002a57c   0x0000003c   Code   RO         1779    i.im_peer_id_get_by_master_id  id_manager.o
    0x0002a5b8   0x0002a5b8   0x00000034   Code   RO         6348    i.init              nrf_fstorage_sd.o
    0x0002a5ec   0x0002a5ec   0x000000c8   Code   RO         5536    i.init_execute      fds.o
    0x0002a6b4   0x0002a6b4   0x00000014   Code   RO         1054    i.instance_get      ble_conn_params.o
    0x0002a6c8   0x0002a6c8   0x000000a6   Code   RO         6220    i.int_print         nrf_fprintf_format.o
    0x0002a76e   0x0002a76e   0x00000002   PAD
    0x0002a770   0x0002a770   0x00000088   Code   RO         4689    i.interrupts_enable  nrfx_uarte.o
    0x0002a7f8   0x0002a7f8   0x00000034   Code   RO         7110    i.invalid_packets_omit  nrf_log_frontend.o
    0x0002a82c   0x0002a82c   0x00000010   Code   RO         6349    i.is_busy           nrf_fstorage_sd.o
    0x0002a83c   0x0002a83c   0x00000044   Code   RO         1055    i.is_conn_params_ok  ble_conn_params.o
    0x0002a880   0x0002a880   0x0000004c   Code   RO         1304    i.is_desc_discovery_reqd  ble_db_discovery.o
    0x0002a8cc   0x0002a8cc   0x00000014   Code   RO         1784    i.is_valid_irk      id_manager.o
    0x0002a8e0   0x0002a8e0   0x0000000c   Code   RO         5537    i.is_word_aligned   fds.o
    0x0002a8ec   0x0002a8ec   0x00000030   Code   RO          606    i.leds_off          bsp.o
    0x0002a91c   0x0002a91c   0x00000014   Code   RO         1930    i.link_init         nrf_ble_gatt.o
    0x0002a930   0x0002a930   0x000000d0   Code   RO         3097    i.link_secure       security_manager.o
    0x0002aa00   0x0002aa00   0x0000003c   Code   RO         2958    i.link_secure_failure  security_dispatcher.o
    0x0002aa3c   0x0002aa3c   0x0000002c   Code   RO         3098    i.link_secure_pending_handle  security_manager.o
    0x0002aa68   0x0002aa68   0x000000a8   Code   RO         1513    i.local_db_apply_in_evt  gatt_cache_manager.o
    0x0002ab10   0x0002ab10   0x00000010   Code   RO         1514    i.local_db_update   gatt_cache_manager.o
    0x0002ab20   0x0002ab20   0x0000010c   Code   RO         1515    i.local_db_update_in_evt  gatt_cache_manager.o
    0x0002ac2c   0x0002ac2c   0x000000a4   Code   RO         7111    i.log_skip          nrf_log_frontend.o
    0x0002acd0   0x0002acd0   0x00000184   Code   RO           12    i.main              main.o
    0x0002ae54   0x0002ae54   0x00000064   Code   RO          853    i.manuf_specific_data_encode  ble_advdata.o
    0x0002aeb8   0x0002aeb8   0x0000007e   Code   RO         6458    i.memobj_op         nrf_memobj.o
    0x0002af36   0x0002af36   0x00000002   PAD
    0x0002af38   0x0002af38   0x00000030   Code   RO         7112    i.module_idx_get    nrf_log_frontend.o
    0x0002af68   0x0002af68   0x00000008   Code   RO         2905    i.mutex_lock_status_get  pm_buffer.o
    0x0002af70   0x0002af70   0x000000a6   Code   RO          854    i.name_encode       ble_advdata.o
    0x0002b016   0x0002b016   0x00000002   PAD
    0x0002b018   0x0002b018   0x00000014   Code   RO         3099    i.new_context_get   security_manager.o
    0x0002b02c   0x0002b02c   0x00000032   Code   RO         3100    i.new_evt           security_manager.o
    0x0002b05e   0x0002b05e   0x00000030   Code   RO         2413    i.next_id_get       peer_id.o
    0x0002b08e   0x0002b08e   0x00000010   Code   RO         5873    i.nrf_atfifo_clear  nrf_atfifo.o
    0x0002b09e   0x0002b09e   0x00000026   Code   RO         5875    i.nrf_atfifo_init   nrf_atfifo.o
    0x0002b0c4   0x0002b0c4   0x00000016   Code   RO         5876    i.nrf_atfifo_item_alloc  nrf_atfifo.o
    0x0002b0da   0x0002b0da   0x00000016   Code   RO         5877    i.nrf_atfifo_item_free  nrf_atfifo.o
    0x0002b0f0   0x0002b0f0   0x00000016   Code   RO         5878    i.nrf_atfifo_item_get  nrf_atfifo.o
    0x0002b106   0x0002b106   0x00000016   Code   RO         5879    i.nrf_atfifo_item_put  nrf_atfifo.o
    0x0002b11c   0x0002b11c   0x00000016   Code   RO         5941    i.nrf_atflags_clear  nrf_atflags.o
    0x0002b132   0x0002b132   0x00000020   Code   RO         5943    i.nrf_atflags_fetch_set  nrf_atflags.o
    0x0002b152   0x0002b152   0x0000004a   Code   RO         5945    i.nrf_atflags_find_and_set_flag  nrf_atflags.o
    0x0002b19c   0x0002b19c   0x00000016   Code   RO         5946    i.nrf_atflags_get   nrf_atflags.o
    0x0002b1b2   0x0002b1b2   0x00000014   Code   RO         5948    i.nrf_atflags_set   nrf_atflags.o
    0x0002b1c6   0x0002b1c6   0x00000006   Code   RO         6009    i.nrf_atomic_flag_clear_fetch  nrf_atomic.o
    0x0002b1cc   0x0002b1cc   0x00000006   Code   RO         6010    i.nrf_atomic_flag_set  nrf_atomic.o
    0x0002b1d2   0x0002b1d2   0x00000006   Code   RO         6011    i.nrf_atomic_flag_set_fetch  nrf_atomic.o
    0x0002b1d8   0x0002b1d8   0x0000000c   Code   RO         6012    i.nrf_atomic_u32_add  nrf_atomic.o
    0x0002b1e4   0x0002b1e4   0x0000000c   Code   RO         6013    i.nrf_atomic_u32_and  nrf_atomic.o
    0x0002b1f0   0x0002b1f0   0x0000000a   Code   RO         6015    i.nrf_atomic_u32_fetch_add  nrf_atomic.o
    0x0002b1fa   0x0002b1fa   0x0000000a   Code   RO         6016    i.nrf_atomic_u32_fetch_and  nrf_atomic.o
    0x0002b204   0x0002b204   0x0000000a   Code   RO         6017    i.nrf_atomic_u32_fetch_or  nrf_atomic.o
    0x0002b20e   0x0002b20e   0x0000000a   Code   RO         6018    i.nrf_atomic_u32_fetch_store  nrf_atomic.o
    0x0002b218   0x0002b218   0x0000000c   Code   RO         6022    i.nrf_atomic_u32_or  nrf_atomic.o
    0x0002b224   0x0002b224   0x0000000c   Code   RO         6024    i.nrf_atomic_u32_sub  nrf_atomic.o
    0x0002b230   0x0002b230   0x00000044   Code   RO         6143    i.nrf_balloc_alloc  nrf_balloc.o
    0x0002b274   0x0002b274   0x00000030   Code   RO         6144    i.nrf_balloc_free   nrf_balloc.o
    0x0002b2a4   0x0002b2a4   0x00000030   Code   RO         6145    i.nrf_balloc_init   nrf_balloc.o
    0x0002b2d4   0x0002b2d4   0x00000010   Code   RO         3993    i.nrf_bitmask_bit_is_set  nrfx_gpiote.o
    0x0002b2e4   0x0002b2e4   0x00000022   Code   RO         1936    i.nrf_ble_gatt_init  nrf_ble_gatt.o
    0x0002b306   0x0002b306   0x00000002   PAD
    0x0002b308   0x0002b308   0x00000150   Code   RO         1937    i.nrf_ble_gatt_on_ble_evt  nrf_ble_gatt.o
    0x0002b458   0x0002b458   0x0000006e   Code   RO         2034    i.nrf_ble_gq_conn_handle_register  nrf_ble_gq.o
    0x0002b4c6   0x0002b4c6   0x00000002   PAD
    0x0002b4c8   0x0002b4c8   0x000000a0   Code   RO         2035    i.nrf_ble_gq_item_add  nrf_ble_gq.o
    0x0002b568   0x0002b568   0x00000060   Code   RO         2036    i.nrf_ble_gq_on_ble_evt  nrf_ble_gq.o
    0x0002b5c8   0x0002b5c8   0x00000016   Code   RO         2112    i.nrf_ble_qwr_conn_handle_assign  nrf_ble_qwr.o
    0x0002b5de   0x0002b5de   0x00000024   Code   RO         2113    i.nrf_ble_qwr_init  nrf_ble_qwr.o
    0x0002b602   0x0002b602   0x000000b6   Code   RO         2114    i.nrf_ble_qwr_on_ble_evt  nrf_ble_qwr.o
    0x0002b6b8   0x0002b6b8   0x0000000e   Code   RO         3851    i.nrf_clock_event_check  nrfx_clock.o
    0x0002b6c6   0x0002b6c6   0x00000010   Code   RO         3852    i.nrf_clock_event_clear  nrfx_clock.o
    0x0002b6d6   0x0002b6d6   0x00000002   PAD
    0x0002b6d8   0x0002b6d8   0x00000040   Code   RO         3513    i.nrf_drv_clock_init  nrf_drv_clock.o
    0x0002b718   0x0002b718   0x00000034   Code   RO         3517    i.nrf_drv_clock_lfclk_release  nrf_drv_clock.o
    0x0002b74c   0x0002b74c   0x00000068   Code   RO         3659    i.nrf_drv_uart_init  nrf_drv_uart.o
    0x0002b7b4   0x0002b7b4   0x0000001a   Code   RO         6180    i.nrf_fprintf       nrf_fprintf.o
    0x0002b7ce   0x0002b7ce   0x00000018   Code   RO         6181    i.nrf_fprintf_buffer_flush  nrf_fprintf.o
    0x0002b7e6   0x0002b7e6   0x000001da   Code   RO         6221    i.nrf_fprintf_fmt   nrf_fprintf_format.o
    0x0002b9c0   0x0002b9c0   0x00000138   Code   RO         6261    i.nrf_fstorage_erase  nrf_fstorage.o
    0x0002baf8   0x0002baf8   0x00000094   Code   RO         6262    i.nrf_fstorage_init  nrf_fstorage.o
    0x0002bb8c   0x0002bb8c   0x00000018   Code   RO         6350    i.nrf_fstorage_sdh_req_handler  nrf_fstorage_sd.o
    0x0002bba4   0x0002bba4   0x00000020   Code   RO         6351    i.nrf_fstorage_sdh_state_handler  nrf_fstorage_sd.o
    0x0002bbc4   0x0002bbc4   0x000000a4   Code   RO         6352    i.nrf_fstorage_sys_evt_handler  nrf_fstorage_sd.o
    0x0002bc68   0x0002bc68   0x000001dc   Code   RO         6268    i.nrf_fstorage_write  nrf_fstorage.o
    0x0002be44   0x0002be44   0x00000024   Code   RO         4504    i.nrf_gpio_cfg      nrfx_uart.o
    0x0002be68   0x0002be68   0x00000024   Code   RO         4690    i.nrf_gpio_cfg      nrfx_uarte.o
    0x0002be8c   0x0002be8c   0x00000012   Code   RO         4505    i.nrf_gpio_cfg_default  nrfx_uart.o
    0x0002be9e   0x0002be9e   0x00000012   Code   RO         4691    i.nrf_gpio_cfg_default  nrfx_uarte.o
    0x0002beb0   0x0002beb0   0x00000012   Code   RO         4506    i.nrf_gpio_cfg_input  nrfx_uart.o
    0x0002bec2   0x0002bec2   0x00000012   Code   RO         4692    i.nrf_gpio_cfg_input  nrfx_uarte.o
    0x0002bed4   0x0002bed4   0x00000014   Code   RO         4507    i.nrf_gpio_cfg_output  nrfx_uart.o
    0x0002bee8   0x0002bee8   0x00000014   Code   RO         4693    i.nrf_gpio_cfg_output  nrfx_uarte.o
    0x0002befc   0x0002befc   0x00000022   Code   RO         3996    i.nrf_gpio_cfg_sense_set  nrfx_gpiote.o
    0x0002bf1e   0x0002bf1e   0x00000002   PAD
    0x0002bf20   0x0002bf20   0x0000002c   Code   RO         3997    i.nrf_gpio_latches_read_and_clear  nrfx_gpiote.o
    0x0002bf4c   0x0002bf4c   0x00000016   Code   RO          490    i.nrf_gpio_pin_write  boards.o
    0x0002bf62   0x0002bf62   0x00000002   PAD
    0x0002bf64   0x0002bf64   0x00000014   Code   RO         3999    i.nrf_gpiote_event_clear  nrfx_gpiote.o
    0x0002bf78   0x0002bf78   0x00000010   Code   RO         4000    i.nrf_gpiote_event_is_set  nrfx_gpiote.o
    0x0002bf88   0x0002bf88   0x0000005c   Code   RO         7113    i.nrf_log_backend_add  nrf_log_frontend.o
    0x0002bfe4   0x0002bfe4   0x000000c8   Code   RO         6958    i.nrf_log_backend_serial_put  nrf_log_backend_serial.o
    0x0002c0ac   0x0002c0ac   0x00000002   Code   RO         6998    i.nrf_log_backend_uart_flush  nrf_log_backend_uart.o
    0x0002c0ae   0x0002c0ae   0x00000006   Code   RO         6999    i.nrf_log_backend_uart_init  nrf_log_backend_uart.o
    0x0002c0b4   0x0002c0b4   0x0000002c   Code   RO         7000    i.nrf_log_backend_uart_panic_set  nrf_log_backend_uart.o
    0x0002c0e0   0x0002c0e0   0x00000018   Code   RO         7001    i.nrf_log_backend_uart_put  nrf_log_backend_uart.o
    0x0002c0f8   0x0002c0f8   0x00000030   Code   RO         7115    i.nrf_log_color_id_get  nrf_log_frontend.o
    0x0002c128   0x0002c128   0x0000001c   Code   RO         7071    i.nrf_log_default_backends_init  nrf_log_default_backends.o
    0x0002c144   0x0002c144   0x00000238   Code   RO         7116    i.nrf_log_frontend_dequeue  nrf_log_frontend.o
    0x0002c37c   0x0002c37c   0x00000008   Code   RO         7118    i.nrf_log_frontend_std_0  nrf_log_frontend.o
    0x0002c384   0x0002c384   0x0000000e   Code   RO         7119    i.nrf_log_frontend_std_1  nrf_log_frontend.o
    0x0002c392   0x0002c392   0x00000010   Code   RO         7120    i.nrf_log_frontend_std_2  nrf_log_frontend.o
    0x0002c3a2   0x0002c3a2   0x00000012   Code   RO         7121    i.nrf_log_frontend_std_3  nrf_log_frontend.o
    0x0002c3b4   0x0002c3b4   0x00000014   Code   RO         7122    i.nrf_log_frontend_std_4  nrf_log_frontend.o
    0x0002c3c8   0x0002c3c8   0x000000b0   Code   RO         7294    i.nrf_log_hexdump_entry_process  nrf_log_str_formatter.o
    0x0002c478   0x0002c478   0x00000028   Code   RO         7125    i.nrf_log_init      nrf_log_frontend.o
    0x0002c4a0   0x0002c4a0   0x00000014   Code   RO         7126    i.nrf_log_module_cnt_get  nrf_log_frontend.o
    0x0002c4b4   0x0002c4b4   0x0000001c   Code   RO         7129    i.nrf_log_module_name_get  nrf_log_frontend.o
    0x0002c4d0   0x0002c4d0   0x00000028   Code   RO         7130    i.nrf_log_panic     nrf_log_frontend.o
    0x0002c4f8   0x0002c4f8   0x000000b6   Code   RO         7295    i.nrf_log_std_entry_process  nrf_log_str_formatter.o
    0x0002c5ae   0x0002c5ae   0x00000060   Code   RO         6459    i.nrf_memobj_alloc  nrf_memobj.o
    0x0002c60e   0x0002c60e   0x00000032   Code   RO         6460    i.nrf_memobj_free   nrf_memobj.o
    0x0002c640   0x0002c640   0x00000008   Code   RO         6461    i.nrf_memobj_get    nrf_memobj.o
    0x0002c648   0x0002c648   0x00000004   Code   RO         6462    i.nrf_memobj_pool_init  nrf_memobj.o
    0x0002c64c   0x0002c64c   0x0000001e   Code   RO         6463    i.nrf_memobj_put    nrf_memobj.o
    0x0002c66a   0x0002c66a   0x00000010   Code   RO         6464    i.nrf_memobj_read   nrf_memobj.o
    0x0002c67a   0x0002c67a   0x00000010   Code   RO         6465    i.nrf_memobj_write  nrf_memobj.o
    0x0002c68a   0x0002c68a   0x00000002   PAD
    0x0002c68c   0x0002c68c   0x00000028   Code   RO         6537    i.nrf_pwr_mgmt_init  nrf_pwr_mgmt.o
    0x0002c6b4   0x0002c6b4   0x00000044   Code   RO         6538    i.nrf_pwr_mgmt_run  nrf_pwr_mgmt.o
    0x0002c6f8   0x0002c6f8   0x0000008e   Code   RO         6608    i.nrf_queue_generic_pop  nrf_queue.o
    0x0002c786   0x0002c786   0x00000012   Code   RO         6610    i.nrf_queue_is_empty  nrf_queue.o
    0x0002c798   0x0002c798   0x0000001e   Code   RO         6611    i.nrf_queue_is_full  nrf_queue.o
    0x0002c7b6   0x0002c7b6   0x0000000e   Code   RO         6614    i.nrf_queue_next_idx  nrf_queue.o
    0x0002c7c4   0x0002c7c4   0x000000b2   Code   RO         6616    i.nrf_queue_push    nrf_queue.o
    0x0002c876   0x0002c876   0x00000004   Code   RO           13    i.nrf_qwr_error_handler  main.o
    0x0002c87a   0x0002c87a   0x0000001c   Code   RO         6729    i.nrf_ringbuf_init  nrf_ringbuf.o
    0x0002c896   0x0002c896   0x0000000c   Code   RO         5359    i.nrf_rtc_event_clear  drv_rtc.o
    0x0002c8a2   0x0002c8a2   0x00000002   PAD
    0x0002c8a4   0x0002c8a4   0x00000010   Code   RO         4349    i.nrf_saadc_buffer_init  nrfx_saadc.o
    0x0002c8b4   0x0002c8b4   0x00000014   Code   RO         4350    i.nrf_saadc_channel_input_set  nrfx_saadc.o
    0x0002c8c8   0x0002c8c8   0x00000010   Code   RO         4351    i.nrf_saadc_event_check  nrfx_saadc.o
    0x0002c8d8   0x0002c8d8   0x00000014   Code   RO         4352    i.nrf_saadc_event_clear  nrfx_saadc.o
    0x0002c8ec   0x0002c8ec   0x00000014   Code   RO         7829    i.nrf_sdh_ble_app_ram_start_get  nrf_sdh_ble.o
    0x0002c900   0x0002c900   0x00000100   Code   RO         7830    i.nrf_sdh_ble_default_cfg_set  nrf_sdh_ble.o
    0x0002ca00   0x0002ca00   0x00000130   Code   RO         7831    i.nrf_sdh_ble_enable  nrf_sdh_ble.o
    0x0002cb30   0x0002cb30   0x0000005c   Code   RO         7832    i.nrf_sdh_ble_evts_poll  nrf_sdh_ble.o
    0x0002cb8c   0x0002cb8c   0x00000054   Code   RO         7710    i.nrf_sdh_disable_request  nrf_sdh.o
    0x0002cbe0   0x0002cbe0   0x00000074   Code   RO         7711    i.nrf_sdh_enable_request  nrf_sdh.o
    0x0002cc54   0x0002cc54   0x00000024   Code   RO         7712    i.nrf_sdh_evts_poll  nrf_sdh.o
    0x0002cc78   0x0002cc78   0x0000000c   Code   RO         7713    i.nrf_sdh_is_enabled  nrf_sdh.o
    0x0002cc84   0x0002cc84   0x0000001c   Code   RO         7715    i.nrf_sdh_request_continue  nrf_sdh.o
    0x0002cca0   0x0002cca0   0x0000003c   Code   RO         7883    i.nrf_sdh_soc_evts_poll  nrf_sdh_soc.o
    0x0002ccdc   0x0002ccdc   0x0000000a   Code   RO         6787    i.nrf_section_iter_init  nrf_section_iter.o
    0x0002cce6   0x0002cce6   0x00000024   Code   RO         6788    i.nrf_section_iter_item_set  nrf_section_iter.o
    0x0002cd0a   0x0002cd0a   0x00000020   Code   RO         6789    i.nrf_section_iter_next  nrf_section_iter.o
    0x0002cd2a   0x0002cd2a   0x00000022   Code   RO         6822    i.nrf_sortlist_add  nrf_sortlist.o
    0x0002cd4c   0x0002cd4c   0x00000006   Code   RO         6824    i.nrf_sortlist_peek  nrf_sortlist.o
    0x0002cd52   0x0002cd52   0x0000000e   Code   RO         6825    i.nrf_sortlist_pop  nrf_sortlist.o
    0x0002cd60   0x0002cd60   0x0000001e   Code   RO         6826    i.nrf_sortlist_remove  nrf_sortlist.o
    0x0002cd7e   0x0002cd7e   0x00000002   PAD
    0x0002cd80   0x0002cd80   0x00000038   Code   RO         6878    i.nrf_strerror_find  nrf_strerror.o
    0x0002cdb8   0x0002cdb8   0x00000014   Code   RO         6879    i.nrf_strerror_get  nrf_strerror.o
    0x0002cdcc   0x0002cdcc   0x0000000a   Code   RO         4508    i.nrf_uart_event_check  nrfx_uart.o
    0x0002cdd6   0x0002cdd6   0x0000000c   Code   RO         4509    i.nrf_uart_event_clear  nrfx_uart.o
    0x0002cde2   0x0002cde2   0x0000000c   Code   RO         4510    i.nrf_uart_int_enable_check  nrfx_uart.o
    0x0002cdee   0x0002cdee   0x0000000a   Code   RO         4694    i.nrf_uarte_event_check  nrfx_uarte.o
    0x0002cdf8   0x0002cdf8   0x0000000c   Code   RO         4695    i.nrf_uarte_event_clear  nrfx_uarte.o
    0x0002ce04   0x0002ce04   0x00000010   Code   RO         3520    i.nrf_wdt_started   nrf_drv_clock.o
    0x0002ce14   0x0002ce14   0x0000002c   Code   RO         3857    i.nrfx_clock_enable  nrfx_clock.o
    0x0002ce40   0x0002ce40   0x00000020   Code   RO         3860    i.nrfx_clock_init   nrfx_clock.o
    0x0002ce60   0x0002ce60   0x00000030   Code   RO         3863    i.nrfx_clock_lfclk_stop  nrfx_clock.o
    0x0002ce90   0x0002ce90   0x00000010   Code   RO         5360    i.nrfx_coredep_delay_us  drv_rtc.o
    0x0002cea0   0x0002cea0   0x00000010   Code   RO         4696    i.nrfx_is_in_ram    nrfx_uarte.o
    0x0002ceb0   0x0002ceb0   0x0000003a   Code   RO         4295    i.nrfx_prs_acquire  nrfx_prs.o
    0x0002ceea   0x0002ceea   0x00000012   Code   RO         4296    i.nrfx_prs_release  nrfx_prs.o
    0x0002cefc   0x0002cefc   0x000000a4   Code   RO         4356    i.nrfx_saadc_buffer_convert  nrfx_saadc.o
    0x0002cfa0   0x0002cfa0   0x000000ac   Code   RO         4358    i.nrfx_saadc_channel_init  nrfx_saadc.o
    0x0002d04c   0x0002d04c   0x00000094   Code   RO         4360    i.nrfx_saadc_init   nrfx_saadc.o
    0x0002d0e0   0x0002d0e0   0x0000002c   Code   RO         4363    i.nrfx_saadc_sample  nrfx_saadc.o
    0x0002d10c   0x0002d10c   0x00000010   Code   RO         4511    i.nrfx_uart_0_irq_handler  nrfx_uart.o
    0x0002d11c   0x0002d11c   0x000000d4   Code   RO         4513    i.nrfx_uart_init    nrfx_uart.o
    0x0002d1f0   0x0002d1f0   0x000000a8   Code   RO         4519    i.nrfx_uart_tx      nrfx_uart.o
    0x0002d298   0x0002d298   0x00000020   Code   RO         4521    i.nrfx_uart_tx_in_progress  nrfx_uart.o
    0x0002d2b8   0x0002d2b8   0x000000c0   Code   RO         4522    i.nrfx_uart_uninit  nrfx_uart.o
    0x0002d378   0x0002d378   0x00000010   Code   RO         4697    i.nrfx_uarte_0_irq_handler  nrfx_uarte.o
    0x0002d388   0x0002d388   0x0000006c   Code   RO         4699    i.nrfx_uarte_init   nrfx_uarte.o
    0x0002d3f4   0x0002d3f4   0x000000ac   Code   RO         4703    i.nrfx_uarte_tx     nrfx_uarte.o
    0x0002d4a0   0x0002d4a0   0x0000001c   Code   RO         4705    i.nrfx_uarte_tx_in_progress  nrfx_uarte.o
    0x0002d4bc   0x0002d4bc   0x00000108   Code   RO         4706    i.nrfx_uarte_uninit  nrfx_uarte.o
    0x0002d5c4   0x0002d5c4   0x00000018   Code   RO         7927    i.nvmc_config       system_nrf52.o
    0x0002d5dc   0x0002d5dc   0x00000068   Code   RO           14    i.on_adv_evt        main.o
    0x0002d644   0x0002d644   0x00000034   Code   RO           15    i.on_bas_evt        main.o
    0x0002d678   0x0002d678   0x00000138   Code   RO         1305    i.on_characteristic_discovery_rsp  ble_db_discovery.o
    0x0002d7b0   0x0002d7b0   0x000000a8   Code   RO         1938    i.on_connected_evt  nrf_ble_gatt.o
    0x0002d858   0x0002d858   0x000000da   Code   RO         1306    i.on_descriptor_discovery_rsp  ble_db_discovery.o
    0x0002d932   0x0002d932   0x00000002   PAD
    0x0002d934   0x0002d934   0x000000ac   Code   RO         1939    i.on_exchange_mtu_request_evt  nrf_ble_gatt.o
    0x0002d9e0   0x0002d9e0   0x000000c0   Code   RO         1307    i.on_primary_srv_discovery_rsp  ble_db_discovery.o
    0x0002daa0   0x0002daa0   0x0000009c   Code   RO         1308    i.on_srv_disc_completion  ble_db_discovery.o
    0x0002db3c   0x0002db3c   0x00000024   Code   RO         5538    i.page_identify     fds.o
    0x0002db60   0x0002db60   0x0000001c   Code   RO         5539    i.page_offsets_update  fds.o
    0x0002db7c   0x0002db7c   0x0000006c   Code   RO         5540    i.page_scan         fds.o
    0x0002dbe8   0x0002dbe8   0x0000001c   Code   RO         5541    i.page_tag_write_data  fds.o
    0x0002dc04   0x0002dc04   0x00000024   Code   RO         5542    i.page_tag_write_swap  fds.o
    0x0002dc28   0x0002dc28   0x00000130   Code   RO         5543    i.pages_init        fds.o
    0x0002dd58   0x0002dd58   0x0000000c   Code   RO         2959    i.pairing           security_dispatcher.o
    0x0002dd64   0x0002dd64   0x00000074   Code   RO         2960    i.pairing_failure   security_dispatcher.o
    0x0002ddd8   0x0002ddd8   0x0000002e   Code   RO         2961    i.pairing_success_evt_send  security_dispatcher.o
    0x0002de06   0x0002de06   0x00000006   Code   RO         3101    i.params_reply_pending_handle  security_manager.o
    0x0002de0c   0x0002de0c   0x00000020   Code   RO         3102    i.params_req_send   security_manager.o
    0x0002de2c   0x0002de2c   0x0000001c   Code   RO         2293    i.pdb_evt_send      peer_database.o
    0x0002de48   0x0002de48   0x00000090   Code   RO         2294    i.pdb_init          peer_database.o
    0x0002ded8   0x0002ded8   0x0000007c   Code   RO         2295    i.pdb_pds_evt_handler  peer_database.o
    0x0002df54   0x0002df54   0x00000006   Code   RO         2296    i.pdb_peer_data_ptr_get  peer_database.o
    0x0002df5a   0x0002df5a   0x00000002   PAD
    0x0002df5c   0x0002df5c   0x0000008c   Code   RO         2297    i.pdb_peer_free     peer_database.o
    0x0002dfe8   0x0002dfe8   0x000000dc   Code   RO         2298    i.pdb_write_buf_get  peer_database.o
    0x0002e0c4   0x0002e0c4   0x00000014   Code   RO         2299    i.pdb_write_buf_release  peer_database.o
    0x0002e0d8   0x0002e0d8   0x00000036   Code   RO         2300    i.pdb_write_buf_store  peer_database.o
    0x0002e10e   0x0002e10e   0x00000002   PAD
    0x0002e110   0x0002e110   0x00000010   Code   RO         2155    i.pds_evt_send      peer_data_storage.o
    0x0002e120   0x0002e120   0x000000dc   Code   RO         2156    i.pds_init          peer_data_storage.o
    0x0002e1fc   0x0002e1fc   0x00000004   Code   RO         2157    i.pds_next_deleted_peer_id_get  peer_data_storage.o
    0x0002e200   0x0002e200   0x00000004   Code   RO         2158    i.pds_next_peer_id_get  peer_data_storage.o
    0x0002e204   0x0002e204   0x00000058   Code   RO         2161    i.pds_peer_data_iterate  peer_data_storage.o
    0x0002e25c   0x0002e25c   0x00000010   Code   RO         2162    i.pds_peer_data_iterate_prepare  peer_data_storage.o
    0x0002e26c   0x0002e26c   0x00000072   Code   RO         2163    i.pds_peer_data_read  peer_data_storage.o
    0x0002e2de   0x0002e2de   0x00000002   PAD
    0x0002e2e0   0x0002e2e0   0x000000b4   Code   RO         2164    i.pds_peer_data_store  peer_data_storage.o
    0x0002e394   0x0002e394   0x00000008   Code   RO         2165    i.pds_peer_id_allocate  peer_data_storage.o
    0x0002e39c   0x0002e39c   0x00000016   Code   RO         2166    i.pds_peer_id_free  peer_data_storage.o
    0x0002e3b2   0x0002e3b2   0x00000004   Code   RO         2167    i.pds_peer_id_is_allocated  peer_data_storage.o
    0x0002e3b6   0x0002e3b6   0x00000002   PAD
    0x0002e3b8   0x0002e3b8   0x000000a8   Code   RO         2169    i.peer_data_delete_process  peer_data_storage.o
    0x0002e460   0x0002e460   0x00000030   Code   RO         2170    i.peer_data_find    peer_data_storage.o
    0x0002e490   0x0002e490   0x00000024   Code   RO         2171    i.peer_data_id_is_valid  peer_data_storage.o
    0x0002e4b4   0x0002e4b4   0x0000001a   Code   RO         2301    i.peer_data_point_to_buffer  peer_database.o
    0x0002e4ce   0x0002e4ce   0x00000002   PAD
    0x0002e4d0   0x0002e4d0   0x0000000c   Code   RO         2414    i.peer_id_allocate  peer_id.o
    0x0002e4dc   0x0002e4dc   0x00000024   Code   RO         2415    i.peer_id_delete    peer_id.o
    0x0002e500   0x0002e500   0x0000001c   Code   RO         2416    i.peer_id_free      peer_id.o
    0x0002e51c   0x0002e51c   0x0000000c   Code   RO         2417    i.peer_id_get_next_deleted  peer_id.o
    0x0002e528   0x0002e528   0x00000030   Code   RO         2418    i.peer_id_get_next_used  peer_id.o
    0x0002e558   0x0002e558   0x0000000c   Code   RO         2419    i.peer_id_init      peer_id.o
    0x0002e564   0x0002e564   0x00000014   Code   RO         2420    i.peer_id_is_allocated  peer_id.o
    0x0002e578   0x0002e578   0x00000014   Code   RO         2421    i.peer_id_is_deleted  peer_id.o
    0x0002e58c   0x0002e58c   0x0000006c   Code   RO           16    i.peer_manager_init  main.o
    0x0002e5f8   0x0002e5f8   0x00000012   Code   RO          962    i.phy_is_valid      ble_advertising.o
    0x0002e60a   0x0002e60a   0x00000064   Code   RO         2906    i.pm_buffer_block_acquire  pm_buffer.o
    0x0002e66e   0x0002e66e   0x00000024   Code   RO         2907    i.pm_buffer_init    pm_buffer.o
    0x0002e692   0x0002e692   0x00000028   Code   RO         2908    i.pm_buffer_ptr_get  pm_buffer.o
    0x0002e6ba   0x0002e6ba   0x00000032   Code   RO         2909    i.pm_buffer_release  pm_buffer.o
    0x0002e6ec   0x0002e6ec   0x00000014   Code   RO         2508    i.pm_conn_sec_status_get  peer_manager.o
    0x0002e700   0x0002e700   0x0000001c   Code   RO         2509    i.pm_conn_secure    peer_manager.o
    0x0002e71c   0x0002e71c   0x00000020   Code   RO           17    i.pm_evt_handler    main.o
    0x0002e73c   0x0002e73c   0x00000004   Code   RO         2511    i.pm_gcm_evt_handler  peer_manager.o
    0x0002e740   0x0002e740   0x00000004   Code   RO         2512    i.pm_gscm_evt_handler  peer_manager.o
    0x0002e744   0x0002e744   0x00000244   Code   RO         2812    i.pm_handler_flash_clean  peer_manager_handler.o
    0x0002e988   0x0002e988   0x0000001c   Code   RO         2813    i.pm_handler_flash_clean_on_return  peer_manager_handler.o
    0x0002e9a4   0x0002e9a4   0x00000054   Code   RO         2814    i.pm_handler_on_pm_evt  peer_manager_handler.o
    0x0002e9f8   0x0002e9f8   0x00000310   Code   RO         2815    i.pm_handler_pm_evt_log  peer_manager_handler.o
    0x0002ed08   0x0002ed08   0x00000004   Code   RO         2515    i.pm_im_evt_handler  peer_manager.o
    0x0002ed0c   0x0002ed0c   0x000001bc   Code   RO         2516    i.pm_init           peer_manager.o
    0x0002eec8   0x0002eec8   0x00000118   Code   RO         2520    i.pm_pdb_evt_handler  peer_manager.o
    0x0002efe0   0x0002efe0   0x00000014   Code   RO         2531    i.pm_peer_delete    peer_manager.o
    0x0002eff4   0x0002eff4   0x0000011c   Code   RO         2535    i.pm_peer_rank_highest  peer_manager.o
    0x0002f110   0x0002f110   0x000000e8   Code   RO         2536    i.pm_peer_ranks_get  peer_manager.o
    0x0002f1f8   0x0002f1f8   0x00000094   Code   RO         2537    i.pm_peers_delete   peer_manager.o
    0x0002f28c   0x0002f28c   0x0000002c   Code   RO         2540    i.pm_register       peer_manager.o
    0x0002f2b8   0x0002f2b8   0x00000014   Code   RO         2542    i.pm_sec_params_set  peer_manager.o
    0x0002f2cc   0x0002f2cc   0x0000000a   Code   RO         2543    i.pm_sm_evt_handler  peer_manager.o
    0x0002f2d6   0x0002f2d6   0x00000002   PAD
    0x0002f2d8   0x0002f2d8   0x000000b4   Code   RO         4033    i.port_event_handle  nrfx_gpiote.o
    0x0002f38c   0x0002f38c   0x00000010   Code   RO         4034    i.port_handler_polarity_get  nrfx_gpiote.o
    0x0002f39c   0x0002f39c   0x0000003c   Code   RO         7297    i.postfix_process   nrf_log_str_formatter.o
    0x0002f3d8   0x0002f3d8   0x00000098   Code   RO         7298    i.prefix_process    nrf_log_str_formatter.o
    0x0002f470   0x0002f470   0x00000018   Code   RO         4297    i.prs_box_get       nrfx_prs.o
    0x0002f488   0x0002f488   0x0000001c   Code   RO         5544    i.queue_buf_get     fds.o
    0x0002f4a4   0x0002f4a4   0x00000010   Code   RO         5545    i.queue_buf_store   fds.o
    0x0002f4b4   0x0002f4b4   0x00000014   Code   RO         6353    i.queue_free        nrf_fstorage_sd.o
    0x0002f4c8   0x0002f4c8   0x00000118   Code   RO         2037    i.queue_process     nrf_ble_gq.o
    0x0002f5e0   0x0002f5e0   0x000000a4   Code   RO         5546    i.queue_process     fds.o
    0x0002f684   0x0002f684   0x000000a0   Code   RO         6354    i.queue_process     nrf_fstorage_sd.o
    0x0002f724   0x0002f724   0x0000001c   Code   RO         5547    i.queue_start       fds.o
    0x0002f740   0x0002f740   0x00000024   Code   RO         6355    i.queue_start       nrf_fstorage_sd.o
    0x0002f764   0x0002f764   0x00000018   Code   RO         6622    i.queue_utilization_get  nrf_queue.o
    0x0002f77c   0x0002f77c   0x00000058   Code   RO         2038    i.queues_purge      nrf_ble_gq.o
    0x0002f7d4   0x0002f7d4   0x0000001c   Code   RO         2818    i.rank_highest      peer_manager_handler.o
    0x0002f7f0   0x0002f7f0   0x00000034   Code   RO         2546    i.rank_vars_update  peer_manager.o
    0x0002f824   0x0002f824   0x0000000e   Code   RO         6356    i.read              nrf_fstorage_sd.o
    0x0002f832   0x0002f832   0x00000002   PAD
    0x0002f834   0x0002f834   0x000000a8   Code   RO         2302    i.reattempt_previous_operations  peer_database.o
    0x0002f8dc   0x0002f8dc   0x00000090   Code   RO         5548    i.record_find       fds.o
    0x0002f96c   0x0002f96c   0x000000a0   Code   RO         5549    i.record_find_by_desc  fds.o
    0x0002fa0c   0x0002fa0c   0x0000005c   Code   RO         5550    i.record_find_next  fds.o
    0x0002fa68   0x0002fa68   0x0000003c   Code   RO         5551    i.record_header_flag_dirty  fds.o
    0x0002faa4   0x0002faa4   0x00000088   Code   RO         5552    i.records_stat      fds.o
    0x0002fb2c   0x0002fb2c   0x00000038   Code   RO         1309    i.registered_handler_get  ble_db_discovery.o
    0x0002fb64   0x0002fb64   0x00000010   Code   RO         2423    i.release           peer_id.o
    0x0002fb74   0x0002fb74   0x00000048   Code   RO         2039    i.request_err_code_handle  nrf_ble_gq.o
    0x0002fbbc   0x0002fbbc   0x000000b4   Code   RO         2040    i.request_process   nrf_ble_gq.o
    0x0002fc70   0x0002fc70   0x00000004   Code   RO         6357    i.rmap              nrf_fstorage_sd.o
    0x0002fc74   0x0002fc74   0x0000005c   Code   RO         5112    i.rtc_irq           app_timer2.o
    0x0002fcd0   0x0002fcd0   0x00000064   Code   RO         5113    i.rtc_schedule      app_timer2.o
    0x0002fd34   0x0002fd34   0x00000074   Code   RO         5114    i.rtc_update        app_timer2.o
    0x0002fda8   0x0002fda8   0x00000032   Code   RO         4523    i.rx_byte           nrfx_uart.o
    0x0002fdda   0x0002fdda   0x00000016   Code   RO         4524    i.rx_done_event     nrfx_uart.o
    0x0002fdf0   0x0002fdf0   0x00000016   Code   RO         4707    i.rx_done_event     nrfx_uarte.o
    0x0002fe06   0x0002fe06   0x00000002   PAD
    0x0002fe08   0x0002fe08   0x000000f4   Code   RO           18    i.saadc_event_handler  main.o
    0x0002fefc   0x0002fefc   0x00000024   Code   RO         1516    i.sc_send_pending_handle  gatt_cache_manager.o
    0x0002ff20   0x0002ff20   0x00000058   Code   RO         3521    i.sd_state_evt_handler  nrf_drv_clock.o
    0x0002ff78   0x0002ff78   0x00000030   Code   RO         7718    i.sdh_request_observer_notify  nrf_sdh.o
    0x0002ffa8   0x0002ffa8   0x0000002c   Code   RO         7719    i.sdh_state_observer_notify  nrf_sdh.o
    0x0002ffd4   0x0002ffd4   0x000000d8   Code   RO         2962    i.sec_info_request_process  security_dispatcher.o
    0x000300ac   0x000300ac   0x000000f4   Code   RO         2963    i.sec_keyset_fill   security_dispatcher.o
    0x000301a0   0x000301a0   0x00000076   Code   RO         3103    i.sec_params_verify  security_manager.o
    0x00030216   0x00030216   0x00000002   PAD
    0x00030218   0x00030218   0x00000060   Code   RO         2964    i.sec_proc_start    security_dispatcher.o
    0x00030278   0x00030278   0x0000005c   Code   RO         3104    i.sec_req_process   security_manager.o
    0x000302d4   0x000302d4   0x00000022   Code   RO         2965    i.send_config_req   security_dispatcher.o
    0x000302f6   0x000302f6   0x00000002   PAD
    0x000302f8   0x000302f8   0x00000010   Code   RO         1056    i.send_error_evt    ble_conn_params.o
    0x00030308   0x00030308   0x00000028   Code   RO         1517    i.send_unexpected_error  gatt_cache_manager.o
    0x00030330   0x00030330   0x00000028   Code   RO         2966    i.send_unexpected_error  security_dispatcher.o
    0x00030358   0x00030358   0x00000040   Code   RO         7002    i.serial_tx         nrf_log_backend_uart.o
    0x00030398   0x00030398   0x00000014   Code   RO         1518    i.service_changed_pending_flags_check  gatt_cache_manager.o
    0x000303ac   0x000303ac   0x00000094   Code   RO         1677    i.service_changed_pending_set  gatts_cache_manager.o
    0x00030440   0x00030440   0x00000168   Code   RO         1519    i.service_changed_send_in_evt  gatt_cache_manager.o
    0x000305a8   0x000305a8   0x00000088   Code   RO          855    i.service_data_encode  ble_advdata.o
    0x00030630   0x00030630   0x00000058   Code   RO           19    i.services_init     main.o
    0x00030688   0x00030688   0x00000030   Code   RO         1446    i.set_security_req  ble_srv_common.o
    0x000306b8   0x000306b8   0x0000002c   Code   RO         3105    i.sm_ble_evt_handler  security_manager.o
    0x000306e4   0x000306e4   0x000000a2   Code   RO         3107    i.sm_conn_sec_status_get  security_manager.o
    0x00030786   0x00030786   0x00000002   PAD
    0x00030788   0x00030788   0x00000058   Code   RO         3108    i.sm_init           security_manager.o
    0x000307e0   0x000307e0   0x0000000a   Code   RO         3110    i.sm_link_secure    security_manager.o
    0x000307ea   0x000307ea   0x00000002   PAD
    0x000307ec   0x000307ec   0x00000044   Code   RO         3111    i.sm_pdb_evt_handler  security_manager.o
    0x00030830   0x00030830   0x00000028   Code   RO         3112    i.sm_sec_is_sufficient  security_manager.o
    0x00030858   0x00030858   0x00000034   Code   RO         3114    i.sm_sec_params_set  security_manager.o
    0x0003088c   0x0003088c   0x0000002c   Code   RO         3115    i.sm_smd_evt_handler  security_manager.o
    0x000308b8   0x000308b8   0x000000f4   Code   RO         2967    i.smd_ble_evt_handler  security_dispatcher.o
    0x000309ac   0x000309ac   0x00000068   Code   RO         2969    i.smd_init          security_dispatcher.o
    0x00030a14   0x00030a14   0x00000028   Code   RO         2970    i.smd_link_secure   security_dispatcher.o
    0x00030a3c   0x00030a3c   0x000000ac   Code   RO         2971    i.smd_params_reply  security_dispatcher.o
    0x00030ae8   0x00030ae8   0x00000040   Code   RO         3116    i.smd_params_reply_perform  security_manager.o
    0x00030b28   0x00030b28   0x00000018   Code   RO         3522    i.soc_evt_handler   nrf_drv_clock.o
    0x00030b40   0x00030b40   0x00000040   Code   RO         7720    i.softdevice_evt_irq_disable  nrf_sdh.o
    0x00030b80   0x00030b80   0x00000058   Code   RO         7721    i.softdevices_evt_irq_enable  nrf_sdh.o
    0x00030bd8   0x00030bd8   0x0000000c   Code   RO         5115    i.sortlist_pop      app_timer2.o
    0x00030be4   0x00030be4   0x00000094   Code   RO         7132    i.std_n             nrf_log_frontend.o
    0x00030c78   0x00030c78   0x0000006c   Code   RO         1520    i.store_car_value   gatt_cache_manager.o
    0x00030ce4   0x00030ce4   0x00000058   Code   RO         5116    i.timer_expire      app_timer2.o
    0x00030d3c   0x00030d3c   0x00000078   Code   RO         5117    i.timer_req_process  app_timer2.o
    0x00030db4   0x00030db4   0x00000038   Code   RO         5118    i.timer_req_schedule  app_timer2.o
    0x00030dec   0x00030dec   0x00000020   Code   RO         4526    i.tx_byte           nrfx_uart.o
    0x00030e0c   0x00030e0c   0x0000001a   Code   RO         4527    i.tx_done_event     nrfx_uart.o
    0x00030e26   0x00030e26   0x0000001a   Code   RO         4708    i.tx_done_event     nrfx_uarte.o
    0x00030e40   0x00030e40   0x00000030   Code   RO         3660    i.uart_evt_handler  nrf_drv_uart.o
    0x00030e70   0x00030e70   0x0000000c   Code   RO         7003    i.uart_evt_handler  nrf_log_backend_uart.o
    0x00030e7c   0x00030e7c   0x00000050   Code   RO         7004    i.uart_init         nrf_log_backend_uart.o
    0x00030ecc   0x00030ecc   0x0000012a   Code   RO         4528    i.uart_irq_handler  nrfx_uart.o
    0x00030ff6   0x00030ff6   0x00000002   PAD
    0x00030ff8   0x00030ff8   0x00000030   Code   RO         3661    i.uarte_evt_handler  nrf_drv_uart.o
    0x00031028   0x00031028   0x00000112   Code   RO         4709    i.uarte_irq_handler  nrfx_uarte.o
    0x0003113a   0x0003113a   0x0000000a   Code   RO          856    i.uint16_encode     ble_advdata.o
    0x00031144   0x00031144   0x00000020   Code   RO         6358    i.uninit            nrf_fstorage_sd.o
    0x00031164   0x00031164   0x000000b4   Code   RO         6222    i.unsigned_print    nrf_fprintf_format.o
    0x00031218   0x00031218   0x00000030   Code   RO         1521    i.update_pending_flags_check  gatt_cache_manager.o
    0x00031248   0x00031248   0x00000068   Code   RO         1057    i.update_timeout_handler  ble_conn_params.o
    0x000312b0   0x000312b0   0x00000018   Code   RO          963    i.use_whitelist     ble_advertising.o
    0x000312c8   0x000312c8   0x0000000c   Code   RO         1144    i.user_flag_is_acquired  ble_conn_state.o
    0x000312d4   0x000312d4   0x00000024   Code   RO         2115    i.user_mem_reply    nrf_ble_qwr.o
    0x000312f8   0x000312f8   0x00000030   Code   RO          857    i.uuid_list_encode  ble_advdata.o
    0x00031328   0x00031328   0x0000009e   Code   RO          858    i.uuid_list_sized_encode  ble_advdata.o
    0x000313c6   0x000313c6   0x0000003a   Code   RO          608    i.wakeup_button_cfg  bsp.o
    0x00031400   0x00031400   0x00000004   Code   RO         6359    i.wmap              nrf_fstorage_sd.o
    0x00031404   0x00031404   0x00000050   Code   RO         6360    i.write             nrf_fstorage_sd.o
    0x00031454   0x00031454   0x0000014c   Code   RO         2303    i.write_buf_store   peer_database.o
    0x000315a0   0x000315a0   0x00000034   Code   RO         2304    i.write_buffer_record_find  peer_database.o
    0x000315d4   0x000315d4   0x00000030   Code   RO         2305    i.write_buffer_record_find_next  peer_database.o
    0x00031604   0x00031604   0x0000001c   Code   RO         2306    i.write_buffer_record_invalidate  peer_database.o
    0x00031620   0x00031620   0x0000002c   Code   RO         2307    i.write_buffer_record_release  peer_database.o
    0x0003164c   0x0003164c   0x000000f4   Code   RO         5553    i.write_enqueue     fds.o
    0x00031740   0x00031740   0x000000f8   Code   RO         5554    i.write_execute     fds.o
    0x00031838   0x00031838   0x00000018   Code   RO         5555    i.write_space_free  fds.o
    0x00031850   0x00031850   0x00000060   Code   RO         5556    i.write_space_reserve  fds.o
    0x000318b0   0x000318b0   0x00000011   Data   RO           28    .constdata          main.o
    0x000318c1   0x000318c1   0x00000003   PAD
    0x000318c4   0x000318c4   0x00000014   Data   RO           29    .constdata          main.o
    0x000318d8   0x000318d8   0x00000008   Data   RO          491    .constdata          boards.o
    0x000318e0   0x000318e0   0x0000002c   Data   RO          613    .constdata          bsp.o
    0x0003190c   0x0003190c   0x0000007c   Data   RO         1311    .constdata          ble_db_discovery.o
    0x00031988   0x00031988   0x0000006c   Data   RO         1522    .constdata          gatt_cache_manager.o
    0x000319f4   0x000319f4   0x00000004   Data   RO         1678    .constdata          gatts_cache_manager.o
    0x000319f8   0x000319f8   0x00000010   Data   RO         1679    .constdata          gatts_cache_manager.o
    0x00031a08   0x00031a08   0x00000004   Data   RO         1680    .constdata          gatts_cache_manager.o
    0x00031a0c   0x00031a0c   0x00000008   Data   RO         1787    .constdata          id_manager.o
    0x00031a14   0x00031a14   0x00000016   Data   RO         1940    .constdata          nrf_ble_gatt.o
    0x00031a2a   0x00031a2a   0x00000002   PAD
    0x00031a2c   0x00031a2c   0x00000018   Data   RO         2041    .constdata          nrf_ble_gq.o
    0x00031a44   0x00031a44   0x00000018   Data   RO         2172    .constdata          peer_data_storage.o
    0x00031a5c   0x00031a5c   0x00000010   Data   RO         2309    .constdata          peer_database.o
    0x00031a6c   0x00031a6c   0x0000002c   Data   RO         2548    .constdata          peer_manager.o
    0x00031a98   0x00031a98   0x00000014   Data   RO         2821    .constdata          peer_manager_handler.o
    0x00031aac   0x00031aac   0x00000078   Data   RO         2973    .constdata          security_dispatcher.o
    0x00031b24   0x00031b24   0x00000008   Data   RO         3117    .constdata          security_manager.o
    0x00031b2c   0x00031b2c   0x00000004   Data   RO         4036    .constdata          nrfx_gpiote.o
    0x00031b30   0x00031b30   0x00000004   Data   RO         4531    .constdata          nrfx_uart.o
    0x00031b34   0x00031b34   0x00000004   Data   RO         4712    .constdata          nrfx_uarte.o
    0x00031b38   0x00031b38   0x00000014   Data   RO         5121    .constdata          app_timer2.o
    0x00031b4c   0x00031b4c   0x00000004   PAD
    0x00031b50   0x00031b50   0x00000006   Data   RO         5361    .constdata          drv_rtc.o
    0x00031b56   0x00031b56   0x00000002   PAD
    0x00031b58   0x00031b58   0x00000018   Data   RO         5559    .constdata          fds.o
    0x00031b70   0x00031b70   0x00000010   Data   RO         6223    .constdata          nrf_fprintf_format.o
    0x00031b80   0x00031b80   0x0000005e   Data   RO         6269    .constdata          nrf_fstorage.o
    0x00031bde   0x00031bde   0x00000002   PAD
    0x00031be0   0x00031be0   0x00000010   Data   RO         6363    .constdata          nrf_fstorage_sd.o
    0x00031bf0   0x00031bf0   0x00000020   Data   RO         6364    .constdata          nrf_fstorage_sd.o
    0x00031c10   0x00031c10   0x00000018   Data   RO         6542    .constdata          nrf_pwr_mgmt.o
    0x00031c28   0x00031c28   0x0000000c   Data   RO         6543    .constdata          nrf_pwr_mgmt.o
    0x00031c34   0x00031c34   0x0000013c   Data   RO         6880    .constdata          nrf_strerror.o
    0x00031d70   0x00031d70   0x0000000c   Data   RO         7006    .constdata          nrf_log_backend_uart.o
    0x00031d7c   0x00031d7c   0x00000020   Data   RO         7007    .constdata          nrf_log_backend_uart.o
    0x00031d9c   0x00031d9c   0x0000000c   Data   RO         7137    .constdata          nrf_log_frontend.o
    0x00031da8   0x00031da8   0x00000010   Data   RO         7722    .constdata          nrf_sdh.o
    0x00031db8   0x00031db8   0x00000028   Data   RO         7723    .constdata          nrf_sdh.o
    0x00031de0   0x00031de0   0x00000010   Data   RO         7724    .constdata          nrf_sdh.o
    0x00031df0   0x00031df0   0x00000010   Data   RO         7725    .constdata          nrf_sdh.o
    0x00031e00   0x00031e00   0x00000020   Data   RO         7833    .constdata          nrf_sdh_ble.o
    0x00031e20   0x00031e20   0x00000010   Data   RO         7834    .constdata          nrf_sdh_ble.o
    0x00031e30   0x00031e30   0x00000010   Data   RO         7884    .constdata          nrf_sdh_soc.o
    0x00031e40   0x00031e40   0x0000000c   Data   RO         7885    .constdata          nrf_sdh_soc.o
    0x00031e4c   0x00031e4c   0x00000081   Data   RO         7987    .constdata          mc_w.l(ctype_o.o)
    0x00031ecd   0x00031ecd   0x00000003   PAD
    0x00031ed0   0x00031ed0   0x00000004   Data   RO         7988    .constdata          mc_w.l(ctype_o.o)
    0x00031ed4   0x00031ed4   0x000000e9   Data   RO         1312    .conststring        ble_db_discovery.o
    0x00031fbd   0x00031fbd   0x00000003   PAD
    0x00031fc0   0x00031fc0   0x000001a4   Data   RO         1523    .conststring        gatt_cache_manager.o
    0x00032164   0x00032164   0x0000019c   Data   RO         1681    .conststring        gatts_cache_manager.o
    0x00032300   0x00032300   0x000000a2   Data   RO         1941    .conststring        nrf_ble_gatt.o
    0x000323a2   0x000323a2   0x00000002   PAD
    0x000323a4   0x000323a4   0x0000004a   Data   RO         2042    .conststring        nrf_ble_gq.o
    0x000323ee   0x000323ee   0x00000002   PAD
    0x000323f0   0x000323f0   0x000000e8   Data   RO         2173    .conststring        peer_data_storage.o
    0x000324d8   0x000324d8   0x00000180   Data   RO         2310    .conststring        peer_database.o
    0x00032658   0x00032658   0x00000090   Data   RO         2549    .conststring        peer_manager.o
    0x000326e8   0x000326e8   0x0000030f   Data   RO         2822    .conststring        peer_manager_handler.o
    0x000329f7   0x000329f7   0x00000001   PAD
    0x000329f8   0x000329f8   0x000002b2   Data   RO         2974    .conststring        security_dispatcher.o
    0x00032caa   0x00032caa   0x00000002   PAD
    0x00032cac   0x00032cac   0x0000017b   Data   RO         3118    .conststring        security_manager.o
    0x00032e27   0x00032e27   0x00000001   PAD
    0x00032e28   0x00032e28   0x0000004f   Data   RO         6270    .conststring        nrf_fstorage.o
    0x00032e77   0x00032e77   0x00000001   PAD
    0x00032e78   0x00032e78   0x000003eb   Data   RO         6881    .conststring        nrf_strerror.o
    0x00033263   0x00033263   0x00000001   PAD
    0x00033264   0x00033264   0x00000066   Data   RO         7299    .conststring        nrf_log_str_formatter.o
    0x000332ca   0x000332ca   0x00000002   PAD
    0x000332cc   0x000332cc   0x00000188   Data   RO         7835    .conststring        nrf_sdh_ble.o
    0x00033454   0x00033454   0x0000000c   Data   RO         1313    .conststrlit        ble_db_discovery.o
    0x00033460   0x00033460   0x00000011   Data   RO         1524    .conststrlit        gatt_cache_manager.o
    0x00033471   0x00033471   0x00000003   PAD
    0x00033474   0x00033474   0x00000012   Data   RO         1682    .conststrlit        gatts_cache_manager.o
    0x00033486   0x00033486   0x00000002   PAD
    0x00033488   0x00033488   0x00000010   Data   RO         1789    .conststrlit        id_manager.o
    0x00033498   0x00033498   0x0000000d   Data   RO         1942    .conststrlit        nrf_ble_gatt.o
    0x000334a5   0x000334a5   0x00000003   PAD
    0x000334a8   0x000334a8   0x0000000b   Data   RO         2043    .conststrlit        nrf_ble_gq.o
    0x000334b3   0x000334b3   0x00000001   PAD
    0x000334b4   0x000334b4   0x00000011   Data   RO         2174    .conststrlit        peer_data_storage.o
    0x000334c5   0x000334c5   0x00000003   PAD
    0x000334c8   0x000334c8   0x00000011   Data   RO         2311    .conststrlit        peer_database.o
    0x000334d9   0x000334d9   0x00000003   PAD
    0x000334dc   0x000334dc   0x0000000d   Data   RO         2550    .conststrlit        peer_manager.o
    0x000334e9   0x000334e9   0x00000003   PAD
    0x000334ec   0x000334ec   0x00000015   Data   RO         2825    .conststrlit        peer_manager_handler.o
    0x00033501   0x00033501   0x00000003   PAD
    0x00033504   0x00033504   0x00000011   Data   RO         2975    .conststrlit        security_dispatcher.o
    0x00033515   0x00033515   0x00000003   PAD
    0x00033518   0x00033518   0x00000010   Data   RO         3119    .conststrlit        security_manager.o
    0x00033528   0x00033528   0x00000008   Data   RO         3274    .conststrlit        ble_bas.o
    0x00033530   0x00033530   0x00000008   Data   RO         3331    .conststrlit        ble_ias.o
    0x00033538   0x00033538   0x00000006   Data   RO         3528    .conststrlit        nrf_drv_clock.o
    0x0003353e   0x0003353e   0x00000002   PAD
    0x00033540   0x00033540   0x00000006   Data   RO         3867    .conststrlit        nrfx_clock.o
    0x00033546   0x00033546   0x00000002   PAD
    0x00033548   0x00033548   0x00000007   Data   RO         4040    .conststrlit        nrfx_gpiote.o
    0x0003354f   0x0003354f   0x00000001   PAD
    0x00033550   0x00033550   0x00000004   Data   RO         4299    .conststrlit        nrfx_prs.o
    0x00033554   0x00033554   0x00000006   Data   RO         4376    .conststrlit        nrfx_saadc.o
    0x0003355a   0x0003355a   0x00000002   PAD
    0x0003355c   0x0003355c   0x00000005   Data   RO         4534    .conststrlit        nrfx_uart.o
    0x00033561   0x00033561   0x00000003   PAD
    0x00033564   0x00033564   0x00000006   Data   RO         4715    .conststrlit        nrfx_uarte.o
    0x0003356a   0x0003356a   0x00000002   PAD
    0x0003356c   0x0003356c   0x0000000b   Data   RO         4862    .conststrlit        app_button.o
    0x00033577   0x00033577   0x00000001   PAD
    0x00033578   0x00033578   0x0000000a   Data   RO         5122    .conststrlit        app_timer2.o
    0x00033582   0x00033582   0x00000002   PAD
    0x00033584   0x00033584   0x0000000d   Data   RO         6271    .conststrlit        nrf_fstorage.o
    0x00033591   0x00033591   0x00000003   PAD
    0x00033594   0x00033594   0x00000009   Data   RO         6544    .conststrlit        nrf_pwr_mgmt.o
    0x0003359d   0x0003359d   0x00000003   PAD
    0x000335a0   0x000335a0   0x00000009   Data   RO         6827    .conststrlit        nrf_sortlist.o
    0x000335a9   0x000335a9   0x00000003   PAD
    0x000335ac   0x000335ac   0x00000011   Data   RO         7072    .conststrlit        nrf_log_default_backends.o
    0x000335bd   0x000335bd   0x00000003   PAD
    0x000335c0   0x000335c0   0x00000004   Data   RO         7138    .conststrlit        nrf_log_frontend.o
    0x000335c4   0x000335c4   0x00000008   Data   RO         7726    .conststrlit        nrf_sdh.o
    0x000335cc   0x000335cc   0x0000000c   Data   RO         7836    .conststrlit        nrf_sdh_ble.o
    0x000335d8   0x000335d8   0x0000000c   Data   RO         7886    .conststrlit        nrf_sdh_soc.o
    0x000335e4   0x000335e4   0x00000020   Data   RO         8048    Region$$Table       anon$$obj.o
    0x00033604   0x00033604   0x00000010   Data   RO         7074    log_backends        nrf_log_default_backends.o
    0x00033614   0x00033614   0x00000008   Data   RO         1315    log_const_data      ble_db_discovery.o
    0x0003361c   0x0003361c   0x00000008   Data   RO         1526    log_const_data      gatt_cache_manager.o
    0x00033624   0x00033624   0x00000008   Data   RO         1684    log_const_data      gatts_cache_manager.o
    0x0003362c   0x0003362c   0x00000008   Data   RO         1791    log_const_data      id_manager.o
    0x00033634   0x00033634   0x00000008   Data   RO         1943    log_const_data      nrf_ble_gatt.o
    0x0003363c   0x0003363c   0x00000008   Data   RO         2044    log_const_data      nrf_ble_gq.o
    0x00033644   0x00033644   0x00000008   Data   RO         2176    log_const_data      peer_data_storage.o
    0x0003364c   0x0003364c   0x00000008   Data   RO         2313    log_const_data      peer_database.o
    0x00033654   0x00033654   0x00000008   Data   RO         2552    log_const_data      peer_manager.o
    0x0003365c   0x0003365c   0x00000008   Data   RO         2828    log_const_data      peer_manager_handler.o
    0x00033664   0x00033664   0x00000008   Data   RO         2977    log_const_data      security_dispatcher.o
    0x0003366c   0x0003366c   0x00000008   Data   RO         3121    log_const_data      security_manager.o
    0x00033674   0x00033674   0x00000008   Data   RO         3275    log_const_data      ble_bas.o
    0x0003367c   0x0003367c   0x00000008   Data   RO         3332    log_const_data      ble_ias.o
    0x00033684   0x00033684   0x00000008   Data   RO         3529    log_const_data      nrf_drv_clock.o
    0x0003368c   0x0003368c   0x00000008   Data   RO         3869    log_const_data      nrfx_clock.o
    0x00033694   0x00033694   0x00000008   Data   RO         4041    log_const_data      nrfx_gpiote.o
    0x0003369c   0x0003369c   0x00000008   Data   RO         4301    log_const_data      nrfx_prs.o
    0x000336a4   0x000336a4   0x00000008   Data   RO         4377    log_const_data      nrfx_saadc.o
    0x000336ac   0x000336ac   0x00000008   Data   RO         4535    log_const_data      nrfx_uart.o
    0x000336b4   0x000336b4   0x00000008   Data   RO         4716    log_const_data      nrfx_uarte.o
    0x000336bc   0x000336bc   0x00000008   Data   RO         4864    log_const_data      app_button.o
    0x000336c4   0x000336c4   0x00000008   Data   RO         5125    log_const_data      app_timer2.o
    0x000336cc   0x000336cc   0x00000008   Data   RO         6272    log_const_data      nrf_fstorage.o
    0x000336d4   0x000336d4   0x00000008   Data   RO         6546    log_const_data      nrf_pwr_mgmt.o
    0x000336dc   0x000336dc   0x00000008   Data   RO         6828    log_const_data      nrf_sortlist.o
    0x000336e4   0x000336e4   0x00000008   Data   RO         7142    log_const_data      nrf_log_frontend.o
    0x000336ec   0x000336ec   0x00000008   Data   RO         7728    log_const_data      nrf_sdh.o
    0x000336f4   0x000336f4   0x00000008   Data   RO         7838    log_const_data      nrf_sdh_ble.o
    0x000336fc   0x000336fc   0x00000008   Data   RO         7887    log_const_data      nrf_sdh_soc.o
    0x00033704   0x00033704   0x00000014   Data   RO           38    nrf_balloc          main.o
    0x00033718   0x00033718   0x00000014   Data   RO         7143    nrf_balloc          nrf_log_frontend.o
    0x0003372c   0x0003372c   0x00000014   Data   RO           39    nrf_queue           main.o
    0x00033740   0x00033740   0x00000008   Data   RO         1146    sdh_ble_observers0  ble_conn_state.o
    0x00033748   0x00033748   0x00000020   Data   RO           40    sdh_ble_observers1  main.o
    0x00033768   0x00033768   0x00000008   Data   RO          716    sdh_ble_observers1  bsp_btn_ble.o
    0x00033770   0x00033770   0x00000008   Data   RO         1060    sdh_ble_observers1  ble_conn_params.o
    0x00033778   0x00033778   0x00000008   Data   RO         2553    sdh_ble_observers1  peer_manager.o
    0x00033780   0x00033780   0x00000030   Data   RO           41    sdh_ble_observers2  main.o
    0x000337b0   0x000337b0   0x00000008   Data   RO           42    sdh_ble_observers3  main.o
    0x000337b8   0x000337b8   0x00000008   Data   RO         6366    sdh_req_observers0  nrf_fstorage_sd.o
    0x000337c0   0x000337c0   0x00000008   Data   RO         3530    sdh_soc_observers0  nrf_drv_clock.o
    0x000337c8   0x000337c8   0x00000008   Data   RO         6367    sdh_soc_observers0  nrf_fstorage_sd.o
    0x000337d0   0x000337d0   0x00000008   Data   RO         7839    sdh_stack_observers0  nrf_sdh_ble.o
    0x000337d8   0x000337d8   0x00000008   Data   RO         7888    sdh_stack_observers0  nrf_sdh_soc.o
    0x000337e0   0x000337e0   0x00000008   Data   RO         3531    sdh_state_observers0  nrf_drv_clock.o
    0x000337e8   0x000337e8   0x00000008   Data   RO         6368    sdh_state_observers0  nrf_fstorage_sd.o


    Execution Region RW_IRAM1 (Exec base: 0x20002250, Load base: 0x000337f0, Size: 0x00003b70, Max: 0x0000ddb0, ABSOLUTE, COMPRESSED[0x000000c8])

    Exec Addr    Load Addr    Size         Type   Attr      Idx    E Section Name        Object

    0x20002250   COMPRESSED   0x00000008   Data   RW           30    .data               main.o
    0x20002258   COMPRESSED   0x00000014   Data   RW           31    .data               main.o
    0x2000226c   COMPRESSED   0x000005ec   Data   RW           32    .data               main.o
    0x20002858   COMPRESSED   0x00000002   Data   RW           33    .data               main.o
    0x2000285a   COMPRESSED   0x00000002   PAD
    0x2000285c   COMPRESSED   0x00000004   Data   RW           34    .data               main.o
    0x20002860   COMPRESSED   0x00000004   Data   RW           35    .data               main.o
    0x20002864   COMPRESSED   0x00000008   Data   RW           36    .data               main.o
    0x2000286c   COMPRESSED   0x00000008   Data   RW           37    .data               main.o
    0x20002874   COMPRESSED   0x00000010   Data   RW          614    .data               bsp.o
    0x20002884   COMPRESSED   0x00000008   Data   RW          715    .data               bsp_btn_ble.o
    0x2000288c   COMPRESSED   0x00000008   Data   RW         1059    .data               ble_conn_params.o
    0x20002894   COMPRESSED   0x00000010   Data   RW         1314    .data               ble_db_discovery.o
    0x200028a4   COMPRESSED   0x00000010   Data   RW         1525    .data               gatt_cache_manager.o
    0x200028b4   COMPRESSED   0x0000000c   Data   RW         1683    .data               gatts_cache_manager.o
    0x200028c0   COMPRESSED   0x0000000c   Data   RW         2175    .data               peer_data_storage.o
    0x200028cc   COMPRESSED   0x00000008   Data   RW         2312    .data               peer_database.o
    0x200028d4   COMPRESSED   0x00000010   Data   RW         2551    .data               peer_manager.o
    0x200028e4   COMPRESSED   0x00000060   Data   RW         2826    .data               peer_manager_handler.o
    0x20002944   COMPRESSED   0x00000005   Data   RW         2976    .data               security_dispatcher.o
    0x20002949   COMPRESSED   0x00000003   PAD
    0x2000294c   COMPRESSED   0x00000015   Data   RW         3120    .data               security_manager.o
    0x20002961   COMPRESSED   0x00000003   PAD
    0x20002964   COMPRESSED   0x0000000c   Data   RW         3662    .data               nrf_drv_uart.o
    0x20002970   COMPRESSED   0x00000008   Data   RW         3868    .data               nrfx_clock.o
    0x20002978   COMPRESSED   0x00000008   Data   RW         4300    .data               nrfx_prs.o
    0x20002980   COMPRESSED   0x00000020   Data   RW         5123    .data               app_timer2.o
    0x200029a0   COMPRESSED   0x00000004   Data   RW         5124    .data               app_timer2.o
    0x200029a4   COMPRESSED   0x0000000c   Data   RW         5362    .data               drv_rtc.o
    0x200029b0   COMPRESSED   0x00000030   Data   RW         5560    .data               fds.o
    0x200029e0   COMPRESSED   0x00000008   Data   RW         6365    .data               nrf_fstorage_sd.o
    0x200029e8   COMPRESSED   0x00000008   Data   RW         6545    .data               nrf_pwr_mgmt.o
    0x200029f0   COMPRESSED   0x00000018   Data   RW         7008    .data               nrf_log_backend_uart.o
    0x20002a08   COMPRESSED   0x00000008   Data   RW         7073    .data               nrf_log_default_backends.o
    0x20002a10   COMPRESSED   0x00000004   Data   RW         7139    .data               nrf_log_frontend.o
    0x20002a14   COMPRESSED   0x00000008   Data   RW         7140    .data               nrf_log_frontend.o
    0x20002a1c   COMPRESSED   0x00000008   Data   RW         7141    .data               nrf_log_frontend.o
    0x20002a24   COMPRESSED   0x00000040   Data   RW         7300    .data               nrf_log_str_formatter.o
    0x20002a64   COMPRESSED   0x00000003   Data   RW         7727    .data               nrf_sdh.o
    0x20002a67   COMPRESSED   0x00000001   Data   RW         7837    .data               nrf_sdh_ble.o
    0x20002a68   COMPRESSED   0x00000004   Data   RW         7929    .data               system_nrf52.o
    0x20002a6c   COMPRESSED   0x00000014   Data   RW         5561    fs_data             fds.o
    0x20002a80        -       0x00000020   Zero   RW           20    .bss                main.o
    0x20002aa0        -       0x0000000c   Zero   RW           21    .bss                main.o
    0x20002aac        -       0x00000014   Zero   RW           22    .bss                main.o
    0x20002ac0        -       0x00000484   Zero   RW           23    .bss                main.o
    0x20002f44        -       0x000000a0   Zero   RW           24    .bss                main.o
    0x20002fe4        -       0x0000000c   Zero   RW           25    .bss                main.o
    0x20002ff0        -       0x0000000c   Zero   RW           26    .bss                main.o
    0x20002ffc        -       0x000000c0   Zero   RW           27    .bss                main.o
    0x200030bc   COMPRESSED   0x00000004   PAD
    0x200030c0        -       0x00000020   Zero   RW          609    .bss                bsp.o
    0x200030e0        -       0x00000020   Zero   RW          610    .bss                bsp.o
    0x20003100        -       0x0000000c   Zero   RW          611    .bss                bsp.o
    0x2000310c   COMPRESSED   0x00000004   PAD
    0x20003110        -       0x00000020   Zero   RW          612    .bss                bsp.o
    0x20003130        -       0x00000050   Zero   RW         1058    .bss                ble_conn_params.o
    0x20003180        -       0x0000007c   Zero   RW         1145    .bss                ble_conn_state.o
    0x200031fc        -       0x00000018   Zero   RW         1310    .bss                ble_db_discovery.o
    0x20003214        -       0x000000d8   Zero   RW         1786    .bss                id_manager.o
    0x200032ec        -       0x00000180   Zero   RW         2308    .bss                peer_database.o
    0x2000346c        -       0x00000040   Zero   RW         2424    .bss                peer_id.o
    0x200034ac        -       0x0000000c   Zero   RW         2547    .bss                peer_manager.o
    0x200034b8        -       0x00000040   Zero   RW         2972    .bss                security_dispatcher.o
    0x200034f8        -       0x00000014   Zero   RW         3523    .bss                nrf_drv_clock.o
    0x2000350c        -       0x0000005c   Zero   RW         4035    .bss                nrfx_gpiote.o
    0x20003568        -       0x00000030   Zero   RW         4367    .bss                nrfx_saadc.o
    0x20003598        -       0x0000002c   Zero   RW         4529    .bss                nrfx_uart.o
    0x200035c4        -       0x00000024   Zero   RW         4710    .bss                nrfx_uarte.o
    0x200035e8        -       0x00000010   Zero   RW         5119    .bss                app_timer2.o
    0x200035f8        -       0x00000058   Zero   RW         5120    .bss                app_timer2.o
    0x20003650        -       0x0000000c   Zero   RW         5249    .bss                app_util_platform.o
    0x2000365c        -       0x00000010   Zero   RW         5557    .bss                fds.o
    0x2000366c        -       0x000000e0   Zero   RW         5558    .bss                fds.o
    0x2000374c        -       0x00000010   Zero   RW         6361    .bss                nrf_fstorage_sd.o
    0x2000375c        -       0x000000a0   Zero   RW         6362    .bss                nrf_fstorage_sd.o
    0x200037fc        -       0x0000000c   Zero   RW         6541    .bss                nrf_pwr_mgmt.o
    0x20003808        -       0x00000040   Zero   RW         7005    .bss                nrf_log_backend_uart.o
    0x20003848        -       0x000000c0   Zero   RW         7133    .bss                nrf_log_frontend.o
    0x20003908        -       0x00000080   Zero   RW         7134    .bss                nrf_log_frontend.o
    0x20003988        -       0x00000018   Zero   RW         7135    .bss                nrf_log_frontend.o
    0x200039a0        -       0x00000420   Zero   RW         7136    .bss                nrf_log_frontend.o
    0x20003dc0        -       0x00002000   Zero   RW         7915    STACK               arm_startup_nrf52.o


==============================================================================

Image component sizes


      Code (inc. data)   RO Data    RW Data    ZI Data      Debug   Object Name

         0          0         19          0          0       1863   app_button.o
        22          0          0          0          0       2521   app_error.o
       132         46          0          0          0      34057   app_error_weak.o
         0          0          0          0          0      37162   app_scheduler.o
       846         88         38         36        104      16865   app_timer2.o
       124         14          0          0         12      10634   app_util_platform.o
        36          8        512          0       8192        940   arm_startup_nrf52.o
      1338          0          0          0          0      53576   ble_advdata.o
      1018          6          0          0          0      15571   ble_advertising.o
       502          0         16          0          0       6583   ble_bas.o
       636         44          8          8         80       9411   ble_conn_params.o
       802         66          8          0        124      17365   ble_conn_state.o
      1902        148        377         16         24      19795   ble_db_discovery.o
       102          0         16          0          0       2577   ble_ias.o
       188          0          0          0          0       5326   ble_ias_c.o
        72          0          0          0          0       1676   ble_link_ctx_manager.o
       140          0          0          0          0       3019   ble_lls.o
       638          6          0          0          0       5212   ble_srv_common.o
        12          0          0          0          0       1545   ble_tps.o
       206         32          8          0          0      49051   boards.o
       804         60         44         16        108      12792   bsp.o
       196          6          8          8          0       8757   bsp_btn_ble.o
       704         76          6         12          0      48161   drv_rtc.o
      3872        348         24         68        240      51454   fds.o
      2152        552        553         16          0      34171   gatt_cache_manager.o
       686         84        462         12          0      16767   gatts_cache_manager.o
       946         34         32          0        216      15292   id_manager.o
      1524        236        165       1570       1596     231759   main.o
       342          0          0          0          0       6814   nrf_atfifo.o
       170          0          0          0          0       4876   nrf_atflags.o
       332          0          0          0          0      10310   nrf_atomic.o
       164          0          0          0          0       3688   nrf_balloc.o
       922        272        205          0          0      37359   nrf_ble_gatt.o
      1122        114        117          0          0      11203   nrf_ble_gq.o
       276          0          0          0          0       4773   nrf_ble_qwr.o
       312         36         30          0         20      43764   nrf_drv_clock.o
       200         26          0         12          0      17956   nrf_drv_uart.o
        50          0          0          0          0       3585   nrf_fprintf.o
       866          4         16          0          0       6618   nrf_fprintf_format.o
       972        432        194          0          0       8148   nrf_fstorage.o
       798         82         72          8        176      16255   nrf_fstorage_sd.o
       200          0          0          0          0      11657   nrf_log_backend_serial.o
       232         44         44         24         64      16062   nrf_log_backend_uart.o
        28          4         33          8          0       3381   nrf_log_default_backends.o
      1516        128         44         20       1400      31760   nrf_log_frontend.o
       570        108        102         64          0       5736   nrf_log_str_formatter.o
       346          0          0          0          0       9691   nrf_memobj.o
       108         16         53          8         12      39938   nrf_pwr_mgmt.o
       406          0          0          0          0       6511   nrf_queue.o
        28          0          0          0          0       2411   nrf_ringbuf.o
       560         60        104          3          0      45396   nrf_sdh.o
       672        232        468          1          0       5945   nrf_sdh_ble.o
        60          4         56          0          0       2508   nrf_sdh_soc.o
        78          0          0          0          0       2836   nrf_section_iter.o
        84          0         17          0          0       4189   nrf_sortlist.o
        76         10       1319          0          0       2795   nrf_strerror.o
       242         32         14          8          0      47188   nrfx_clock.o
       506         38         19          0         92      21637   nrfx_gpiote.o
       112         16         12          8          0       4576   nrfx_prs.o
       928         76         14          0         48      23038   nrfx_saadc.o
      1310         42         17          0         44      27369   nrfx_uart.o
      1312         42         18          0         36      26271   nrfx_uarte.o
      1172        144        281         12          0      16318   peer_data_storage.o
      1434        260        425          8        384      19738   peer_database.o
       314         38          0          0         64       9323   peer_id.o
      1678        454        217         16         12      20179   peer_manager.o
      1824        842        832         96          0       9488   peer_manager_handler.o
       234          0          0          0          0       5523   pm_buffer.o
      1944        268        835          5         64      27231   security_dispatcher.o
      1372        122        411         21          0      54918   security_manager.o
       752         78          0          4          0      32677   system_nrf52.o

    ----------------------------------------------------------------------
     46312       5878       8376       2096      13120    1425541   Object Totals
         0          0         32          0          0          0   (incl. Generated)
        88          0         79          8          8          0   (incl. Padding)

    ----------------------------------------------------------------------

      Code (inc. data)   RO Data    RW Data    ZI Data      Debug   Library Member Name

        86          0          0          0          0          0   __dczerorl2.o
         8          4        133          0          0         68   ctype_o.o
         0          0          0          0          0          0   entry.o
         0          0          0          0          0          0   entry10a.o
         0          0          0          0          0          0   entry11a.o
         8          4          0          0          0          0   entry2.o
         4          0          0          0          0          0   entry5.o
         0          0          0          0          0          0   entry7b.o
         0          0          0          0          0          0   entry8b.o
         8          4          0          0          0          0   entry9a.o
        30          0          0          0          0          0   handlers.o
        36          8          0          0          0         68   init.o
        30          0          0          0          0         68   llshl.o
        32          0          0          0          0         68   llushr.o
        26          0          0          0          0         80   memcmp.o
        36          0          0          0          0         68   memcpya.o
        36          0          0          0          0        108   memseta.o
        14          0          0          0          0         68   strlen.o
        98          0          0          0          0         92   uldiv.o

    ----------------------------------------------------------------------
       456         20        136          0          0        688   Library Totals
         4          0          3          0          0          0   (incl. Padding)

    ----------------------------------------------------------------------

      Code (inc. data)   RO Data    RW Data    ZI Data      Debug   Library Name

       452         20        133          0          0        688   mc_w.l

    ----------------------------------------------------------------------
       456         20        136          0          0        688   Library Totals

    ----------------------------------------------------------------------

==============================================================================


      Code (inc. data)   RO Data    RW Data    ZI Data      Debug   

     46768       5898       8512       2096      13120    1370305   Grand Totals
     46768       5898       8512        200      13120    1370305   ELF Image Totals (compressed)
     46768       5898       8512        200          0          0   ROM Totals

==============================================================================

    Total RO  Size (Code + RO Data)                55280 (  53.98kB)
    Total RW  Size (RW Data + ZI Data)             15216 (  14.86kB)
    Total ROM Size (Code + RO Data + RW Data)      55480 (  54.18kB)

==============================================================================

